Fri Jul  3 22:17:03 2026       
+-----------------------------------------------------------------------------------------+
| NVIDIA-SMI 595.71.05              Driver Version: 595.71.05      CUDA Version: 13.2     |
+-----------------------------------------+------------------------+----------------------+
| GPU  Name                 Persistence-M | Bus-Id          Disp.A | Volatile Uncorr. ECC |
| Fan  Temp   Perf          Pwr:Usage/Cap |           Memory-Usage | GPU-Util  Compute M. |
|                                         |                        |               MIG M. |
|=========================================+========================+======================|
|   0  NVIDIA H100 80GB HBM3          On  |   00000000:19:00.0 Off |                    0 |
| N/A   45C    P0             78W /  700W |       0MiB /  81559MiB |      0%      Default |
|                                         |                        |             Disabled |
+-----------------------------------------+------------------------+----------------------+

+-----------------------------------------------------------------------------------------+
| Processes:                                                                              |
|  GPU   GI   CI              PID   Type   Process name                        GPU Memory |
|        ID   ID                                                               Usage      |
|=========================================================================================|
|  No running processes found                                                             |
+-----------------------------------------------------------------------------------------+
Running growth rate 1% with 16 thread
./output/amz_gpu-H100-parallel-static-10y-1p.edgelist
./output/amz_gpu-H100-parallel-static-10y-1p.aux
Running growth rate 3% with 16 thread
./output/amz_gpu-H100-parallel-static-10y-3p.edgelist
./output/amz_gpu-H100-parallel-static-10y-3p.aux
Running growth rate 6% with 16 thread
./output/amz_gpu-H100-parallel-static-10y-6p.edgelist
./output/amz_gpu-H100-parallel-static-10y-6p.aux
