The following modules were not unloaded:
  (Use "module --force purge" to unload all):

  1) xalt/3.1.4

Due to MODULEPATH changes, the following have been reloaded:
  1) xalt/3.1.4


Currently Loaded Modules:
  1) gcc/11.4.1                   5) cuda/12.6.1
  2) libiconv/1.17-2v5s4pp  (H)   6) openmpi/5.0.5
  3) zlib/1.2.11-bw5swtx    (H)   7) modtree/gpu
  4) libxml2/2.10.3-7g6anly (H)

  Where:
   H:  Hidden Module

 

=== ENV CHECK ===
nsys:  /apps/spack/gautschi-gpu/apps/cuda/12.6.1-gcc-11.4.1-jtjtgkd/bin/nsys  |  NVIDIA Nsight Systems version 2024.4.2.133-244234382004v0
ncu:   /apps/spack/gautschi-gpu/apps/cuda/12.6.1-gcc-11.4.1-jtjtgkd/bin/ncu   |  NVIDIA (R) Nsight Compute Command Line Profiler
nvcc:  Cuda compilation tools, release 12.6, V12.6.68
GPU:   NVIDIA H100 80GB HBM3
==================

=== Growth 6% / 10y ===
Profile: ./profile/ncu-pa-10y-6p.ncu-rep
CSV:     ./profile/ncu-pa-10y-6p.csv
[2026-07-08T16:56:37.687] error: *** JOB 13283044 ON h007 CANCELLED AT 2026-07-08T16:56:37 DUE to SIGNAL Terminated ***
