Running growth rate = .0100 = 1% with 16 thread
./output/3y/0.01/gpu-er-static-model-er-gnp-3y-1p-0.01p.edgelist
./output/3y/0.01/gpu-er-static-model-er-gnp-3y-1p-0.01p.aux

real	0m7.937s
user	0m7.761s
sys	0m0.924s
Running growth rate = .0100 = 1% with 16 thread
./output/3y/0.01/gpu-er-static-model-er-gnp-3y-1p-0.01p.edgelist
./output/3y/0.01/gpu-er-static-model-er-gnp-3y-1p-0.01p.aux

real	0m4.986s
user	0m4.787s
sys	0m1.140s
Running growth rate = .0100 = 1% with 16 thread
./output/3y/0.01/gpu-er-static-model-er-gnp-3y-1p-0.01p.edgelist
./output/3y/0.01/gpu-er-static-model-er-gnp-3y-1p-0.01p.aux

real	0m20.412s
user	0m20.936s
sys	0m1.814s
Running growth rate = .0100 = 1% with 16 thread
./output/3y/0.01/gpu-er-static-model-er-gnp-3y-1p-0.01p.edgelist
./output/3y/0.01/gpu-er-static-model-er-gnp-3y-1p-0.01p.aux

real	0m5.687s
user	0m6.205s
sys	0m0.820s
Running growth rate = .0100 = 1% with 16 thread
./output/10y/0.01/gpu-er-static-model-er-gnp-10y-1p-0.01p.edgelist
./output/10y/0.01/gpu-er-static-model-er-gnp-10y-1p-0.01p.aux

real	0m12.741s
user	0m15.744s
sys	0m1.108s
Running growth rate = .0100 = 1% with 16 thread
./output/10y/0.01/gpu-er-static-model-er-gnp-10y-1p-0.01p.edgelist
./output/10y/0.01/gpu-er-static-model-er-gnp-10y-1p-0.01p.aux

real	0m8.438s
user	0m10.847s
sys	0m1.073s
Running growth rate = .0100 = 1% with 16 thread
./output/10y/0.01/gpu-er-static-model-er-gnp-10y-1p-0.01p.edgelist
./output/10y/0.01/gpu-er-static-model-er-gnp-10y-1p-0.01p.aux

real	0m41.676s
user	0m45.273s
sys	0m2.668s
Running growth rate = .0100 = 1% with 16 thread
./output/10y/0.01/gpu-er-static-model-er-gnp-10y-1p-0.01p.edgelist
./output/10y/0.01/gpu-er-static-model-er-gnp-10y-1p-0.01p.aux

real	0m7.065s
user	0m9.868s
sys	0m1.037s
Running growth rate = .0300 = 3% with 16 thread
./output/3y/0.01/gpu-er-static-model-er-gnp-3y-3p-0.01p.edgelist
./output/3y/0.01/gpu-er-static-model-er-gnp-3y-3p-0.01p.aux

real	0m8.851s
user	0m9.694s
sys	0m0.920s
Running growth rate = .0300 = 3% with 16 thread
./output/3y/0.01/gpu-er-static-model-er-gnp-3y-3p-0.01p.edgelist
./output/3y/0.01/gpu-er-static-model-er-gnp-3y-3p-0.01p.aux

real	0m5.799s
user	0m6.474s
sys	0m0.886s
Running growth rate = .0300 = 3% with 16 thread
./output/3y/0.01/gpu-er-static-model-er-gnp-3y-3p-0.01p.edgelist
./output/3y/0.01/gpu-er-static-model-er-gnp-3y-3p-0.01p.aux

real	0m28.586s
user	0m28.583s
sys	0m3.114s
Running growth rate = .0300 = 3% with 16 thread
./output/3y/0.01/gpu-er-static-model-er-gnp-3y-3p-0.01p.edgelist
./output/3y/0.01/gpu-er-static-model-er-gnp-3y-3p-0.01p.aux

real	0m5.967s
user	0m6.618s
sys	0m0.838s
Running growth rate = .0300 = 3% with 16 thread
./output/10y/0.01/gpu-er-static-model-er-gnp-10y-3p-0.01p.edgelist
./output/10y/0.01/gpu-er-static-model-er-gnp-10y-3p-0.01p.aux

real	0m19.426s
user	0m22.841s
sys	0m1.318s
Running growth rate = .0300 = 3% with 16 thread
./output/10y/0.01/gpu-er-static-model-er-gnp-10y-3p-0.01p.edgelist
./output/10y/0.01/gpu-er-static-model-er-gnp-10y-3p-0.01p.aux

real	0m13.094s
user	0m16.099s
sys	0m1.217s
Running growth rate = .0300 = 3% with 16 thread
./output/10y/0.01/gpu-er-static-model-er-gnp-10y-3p-0.01p.edgelist
./output/10y/0.01/gpu-er-static-model-er-gnp-10y-3p-0.01p.aux

real	1m10.788s
user	1m17.022s
sys	0m4.864s
Running growth rate = .0300 = 3% with 16 thread
./output/10y/0.01/gpu-er-static-model-er-gnp-10y-3p-0.01p.edgelist
./output/10y/0.01/gpu-er-static-model-er-gnp-10y-3p-0.01p.aux

real	0m7.061s
user	0m9.633s
sys	0m0.775s
Running growth rate = .0600 = 6% with 16 thread
./output/3y/0.01/gpu-er-static-model-er-gnp-3y-6p-0.01p.edgelist
./output/3y/0.01/gpu-er-static-model-er-gnp-3y-6p-0.01p.aux

real	0m11.277s
user	0m12.241s
sys	0m1.038s
Running growth rate = .0600 = 6% with 16 thread
./output/3y/0.01/gpu-er-static-model-er-gnp-3y-6p-0.01p.edgelist
./output/3y/0.01/gpu-er-static-model-er-gnp-3y-6p-0.01p.aux

real	0m7.530s
user	0m8.156s
sys	0m0.857s
Running growth rate = .0600 = 6% with 16 thread
./output/3y/0.01/gpu-er-static-model-er-gnp-3y-6p-0.01p.edgelist
./output/3y/0.01/gpu-er-static-model-er-gnp-3y-6p-0.01p.aux

real	0m39.463s
user	0m40.497s
sys	0m4.207s
Running growth rate = .0600 = 6% with 16 thread
./output/3y/0.01/gpu-er-static-model-er-gnp-3y-6p-0.01p.edgelist
./output/3y/0.01/gpu-er-static-model-er-gnp-3y-6p-0.01p.aux

real	0m6.625s
user	0m6.876s
sys	0m1.026s
Running growth rate = .0600 = 6% with 16 thread
./output/10y/0.01/gpu-er-static-model-er-gnp-10y-6p-0.01p.edgelist
./output/10y/0.01/gpu-er-static-model-er-gnp-10y-6p-0.01p.aux

real	0m31.771s
user	0m35.352s
sys	0m2.512s
Running growth rate = .0600 = 6% with 16 thread
./output/10y/0.01/gpu-er-static-model-er-gnp-10y-6p-0.01p.edgelist
./output/10y/0.01/gpu-er-static-model-er-gnp-10y-6p-0.01p.aux

real	0m22.559s
user	0m25.898s
sys	0m2.407s
Running growth rate = .0600 = 6% with 16 thread
./output/10y/0.01/gpu-er-static-model-er-gnp-10y-6p-0.01p.edgelist
./output/10y/0.01/gpu-er-static-model-er-gnp-10y-6p-0.01p.aux

real	2m15.588s
user	2m27.652s
sys	0m15.247s
Running growth rate = .0600 = 6% with 16 thread
./output/10y/0.01/gpu-er-static-model-er-gnp-10y-6p-0.01p.edgelist
./output/10y/0.01/gpu-er-static-model-er-gnp-10y-6p-0.01p.aux

real	0m10.685s
user	0m13.423s
sys	0m1.302s
