Running growth rate 1% with 1 thread
./output/cpu-serial-static-output-10y-1p.edgelist
./output/cpu-serial-static-output-10y-1p.aux

real	8m54.209s
user	8m45.530s
sys	0m2.387s
Running growth rate 3% with 1 thread
./output/cpu-serial-static-output-10y-3p.edgelist
./output/cpu-serial-static-output-10y-3p.aux

real	40m21.350s
user	40m8.140s
sys	0m5.503s
Running growth rate 5% with 1 thread
./output/cpu-serial-static-output-10y-5p.edgelist
./output/cpu-serial-static-output-10y-5p.aux

real	105m33.502s
user	104m55.664s
sys	0m10.538s
Running growth rate 6% with 1 thread
./output/cpu-serial-static-output-10y-6p.edgelist
./output/cpu-serial-static-output-10y-6p.aux
[2026-06-10T02:37:27.003] error: *** JOB 12163610 ON h000 CANCELLED AT 2026-06-10T02:37:27 DUE TO TIME LIMIT ***
