The following modules were not unloaded:
  (Use "module --force purge" to unload all):

  1) xalt/3.1.4
=== ENV CHECK ===
nsys:  /apps/spack/gautschi-gpu/apps/cuda/12.6.1-gcc-11.4.1-jtjtgkd/bin/nsys  |  NVIDIA Nsight Systems version 2024.4.2.133-244234382004v0
ncu:   /apps/spack/gautschi-gpu/apps/cuda/12.6.1-gcc-11.4.1-jtjtgkd/bin/ncu   |  NVIDIA (R) Nsight Compute Command Line Profiler
nvcc:  Cuda compilation tools, release 12.6, V12.6.68
GPU:   NVIDIA H100 80GB HBM3
==================

=== Growth 1% / 10y ===
Profile: ./erprofile/ncu-er-gnp-10y-1p.ncu-rep
CSV:     ./erprofile/ncu-er-gnp-10y-1p.csv
ncu exit code: 0
SUCCESS .ncu-rep: 8.0M
SUCCESS .csv:     600 lines

=== Growth 3% / 10y ===
Profile: ./erprofile/ncu-er-gnp-10y-3p.ncu-rep
CSV:     ./erprofile/ncu-er-gnp-10y-3p.csv
ncu exit code: 0
SUCCESS .ncu-rep: 8.9M
SUCCESS .csv:     600 lines

=== Growth 5% / 10y ===
Profile: ./erprofile/ncu-er-gnp-10y-5p.ncu-rep
CSV:     ./erprofile/ncu-er-gnp-10y-5p.csv
ncu exit code: 0
SUCCESS .ncu-rep: 8.9M
SUCCESS .csv:     600 lines

=== Growth 6% / 10y ===
Profile: ./erprofile/ncu-er-gnp-10y-6p.ncu-rep
CSV:     ./erprofile/ncu-er-gnp-10y-6p.csv
ncu exit code: 0
SUCCESS .ncu-rep: 8.9M
SUCCESS .csv:     600 lines

=== ALL PROFILES ===
-rw-r--r-- 1 jmukher student 8.9M Apr  2 22:29 ./erprofile/ncu-er-gnp-10y-1p.ncu-rep
-rw-r--r-- 1 jmukher student 8.9M Apr  2 22:32 ./erprofile/ncu-er-gnp-10y-3p.ncu-rep
-rw-r--r-- 1 jmukher student 8.9M Apr  2 22:42 ./erprofile/ncu-er-gnp-10y-5p.ncu-rep
-rw-r--r-- 1 jmukher student 8.9M Apr  2 23:00 ./erprofile/ncu-er-gnp-10y-6p.ncu-rep
-rw-r--r-- 1 jmukher student 9.2M Apr  2 22:53 ./erprofile/ncu-er-gnp-30y-1p.ncu-rep
-rw-r--r-- 1 jmukher student 9.1M Apr  2 23:01 ./erprofile/ncu-er-gnp-30y-3p.ncu-rep
-rw-r--r-- 1 jmukher student 8.8M Apr  2 22:22 ./erprofile/ncu-er-gnp-3y-1p.ncu-rep
-rw-r--r-- 1 jmukher student 8.8M Apr  2 22:23 ./erprofile/ncu-er-gnp-3y-3p.ncu-rep
-rw-r--r-- 1 jmukher student 8.8M Apr  2 22:25 ./erprofile/ncu-er-gnp-3y-5p.ncu-rep
-rw-r--r-- 1 jmukher student 8.8M Apr  2 22:27 ./erprofile/ncu-er-gnp-3y-6p.ncu-rep
-rw-r--r-- 1 jmukher student  21K Apr  2 22:29 ./erprofile/ncu-er-gnp-10y-1p.csv
-rw-r--r-- 1 jmukher student  21K Apr  2 22:32 ./erprofile/ncu-er-gnp-10y-3p.csv
-rw-r--r-- 1 jmukher student  21K Apr  2 22:43 ./erprofile/ncu-er-gnp-10y-5p.csv
-rw-r--r-- 1 jmukher student  21K Apr  2 23:01 ./erprofile/ncu-er-gnp-10y-6p.csv
-rw-r--r-- 1 jmukher student  57K Apr  2 22:53 ./erprofile/ncu-er-gnp-30y-1p.csv
-rw-r--r-- 1 jmukher student  37K Apr  2 23:01 ./erprofile/ncu-er-gnp-30y-3p.csv
-rw-r--r-- 1 jmukher student 7.9K Apr  2 22:22 ./erprofile/ncu-er-gnp-3y-1p.csv
-rw-r--r-- 1 jmukher student 7.9K Apr  2 22:23 ./erprofile/ncu-er-gnp-3y-3p.csv
-rw-r--r-- 1 jmukher student 7.9K Apr  2 22:25 ./erprofile/ncu-er-gnp-3y-5p.csv
-rw-r--r-- 1 jmukher student 8.0K Apr  2 22:28 ./erprofile/ncu-er-gnp-3y-6p.csv
