Running growth rate = .0100 = 1% with 16 thread
./output/3y/0.03/gpu-er-static-model-er-gnp-3y-1p-0.03p.edgelist
./output/3y/0.03/gpu-er-static-model-er-gnp-3y-1p-0.03p.aux

real	0m11.159s
user	0m11.182s
sys	0m1.363s
Running growth rate = .0100 = 1% with 16 thread
./output/10y/0.03/gpu-er-static-model-er-gnp-10y-1p-0.03p.edgelist
./output/10y/0.03/gpu-er-static-model-er-gnp-10y-1p-0.03p.aux

real	0m21.401s
user	0m24.282s
sys	0m2.141s
Running growth rate = .0300 = 3% with 16 thread
./output/3y/0.03/gpu-er-static-model-er-gnp-3y-3p-0.03p.edgelist
./output/3y/0.03/gpu-er-static-model-er-gnp-3y-3p-0.03p.aux

real	0m14.286s
user	0m14.731s
sys	0m1.572s
Running growth rate = .0300 = 3% with 16 thread
./output/10y/0.03/gpu-er-static-model-er-gnp-10y-3p-0.03p.edgelist
./output/10y/0.03/gpu-er-static-model-er-gnp-10y-3p-0.03p.aux

real	0m35.863s
user	0m39.644s
sys	0m3.703s
Running growth rate = .0600 = 6% with 16 thread
./output/3y/0.03/gpu-er-static-model-er-gnp-3y-6p-0.03p.edgelist
./output/3y/0.03/gpu-er-static-model-er-gnp-3y-6p-0.03p.aux

real	0m19.532s
user	0m20.799s
sys	0m2.073s
Running growth rate = .0600 = 6% with 16 thread
./output/10y/0.03/gpu-er-static-model-er-gnp-10y-6p-0.03p.edgelist
./output/10y/0.03/gpu-er-static-model-er-gnp-10y-6p-0.03p.aux

real	1m4.689s
user	1m13.309s
sys	0m7.230s
