Running growth rate = .0100 = 1% with 16 thread
./output/3y/0.01/gpu-er--static-model-er-gnp-3y-1p-0.01p.edgelist
./output/3y/0.01/gpu-er--static-model-er-gnp-3y-1p-0.01p.aux

real	0m8.065s
user	0m7.913s
sys	0m0.945s
Running growth rate = .0100 = 1% with 16 thread
./output/10y/0.01/gpu-er--static-model-er-gnp-10y-1p-0.01p.edgelist
./output/10y/0.01/gpu-er--static-model-er-gnp-10y-1p-0.01p.aux

real	0m13.843s
user	0m13.490s
sys	0m1.107s
Running growth rate = .0100 = 1% with 16 thread
./output/30y/0.01/gpu-er--static-model-er-gnp-30y-1p-0.01p.edgelist
./output/30y/0.01/gpu-er--static-model-er-gnp-30y-1p-0.01p.aux

real	0m39.600s
user	0m39.635s
sys	0m2.035s
Running growth rate = .0300 = 3% with 16 thread
./output/3y/0.01/gpu-er--static-model-er-gnp-3y-3p-0.01p.edgelist
./output/3y/0.01/gpu-er--static-model-er-gnp-3y-3p-0.01p.aux

real	0m11.897s
user	0m11.501s
sys	0m1.120s
Running growth rate = .0300 = 3% with 16 thread
./output/10y/0.01/gpu-er--static-model-er-gnp-10y-3p-0.01p.edgelist
./output/10y/0.01/gpu-er--static-model-er-gnp-10y-3p-0.01p.aux

real	0m34.468s
user	0m34.532s
sys	0m1.901s
Running growth rate = .0300 = 3% with 16 thread
./output/30y/0.01/gpu-er--static-model-er-gnp-30y-3p-0.01p.edgelist
./output/30y/0.01/gpu-er--static-model-er-gnp-30y-3p-0.01p.aux

real	3m21.916s
user	3m27.180s
sys	0m7.001s
Running growth rate = .0600 = 6% with 16 thread
./output/3y/0.01/gpu-er--static-model-er-gnp-3y-6p-0.01p.edgelist
./output/3y/0.01/gpu-er--static-model-er-gnp-3y-6p-0.01p.aux

real	0m18.501s
user	0m18.351s
sys	0m1.353s
Running growth rate = .0600 = 6% with 16 thread
./output/10y/0.01/gpu-er--static-model-er-gnp-10y-6p-0.01p.edgelist
./output/10y/0.01/gpu-er--static-model-er-gnp-10y-6p-0.01p.aux

real	1m18.957s
user	1m19.089s
sys	0m3.418s
Running growth rate = .0600 = 6% with 16 thread
./output/30y/0.01/gpu-er--static-model-er-gnp-30y-6p-0.01p.edgelist
./output/30y/0.01/gpu-er--static-model-er-gnp-30y-6p-0.01p.aux

real	15m56.421s
user	16m13.621s
sys	0m33.424s
Running growth rate = .0100 = 1% with 16 thread
./output/3y/0.03/gpu-er--static-model-er-gnp-3y-1p-0.03p.edgelist
./output/3y/0.03/gpu-er--static-model-er-gnp-3y-1p-0.03p.aux

real	0m10.722s
user	0m10.308s
sys	0m1.095s
Running growth rate = .0100 = 1% with 16 thread
./output/10y/0.03/gpu-er--static-model-er-gnp-10y-1p-0.03p.edgelist
./output/10y/0.03/gpu-er--static-model-er-gnp-10y-1p-0.03p.aux

real	0m26.012s
user	0m25.303s
sys	0m1.698s
Running growth rate = .0100 = 1% with 16 thread
./output/30y/0.03/gpu-er--static-model-er-gnp-30y-1p-0.03p.edgelist
./output/30y/0.03/gpu-er--static-model-er-gnp-30y-1p-0.03p.aux

real	1m33.898s
user	1m33.156s
sys	0m3.318s
Running growth rate = .0300 = 3% with 16 thread
./output/3y/0.03/gpu-er--static-model-er-gnp-3y-3p-0.03p.edgelist
./output/3y/0.03/gpu-er--static-model-er-gnp-3y-3p-0.03p.aux

real	0m21.494s
user	0m20.852s
sys	0m1.620s
Running growth rate = .0300 = 3% with 16 thread
./output/10y/0.03/gpu-er--static-model-er-gnp-10y-3p-0.03p.edgelist
./output/10y/0.03/gpu-er--static-model-er-gnp-10y-3p-0.03p.aux

real	1m27.756s
user	1m27.096s
sys	0m3.892s
Running growth rate = .0300 = 3% with 16 thread
./output/30y/0.03/gpu-er--static-model-er-gnp-30y-3p-0.03p.edgelist
./output/30y/0.03/gpu-er--static-model-er-gnp-30y-3p-0.03p.aux

real	10m13.166s
user	10m19.121s
sys	0m29.131s
Running growth rate = .0600 = 6% with 16 thread
./output/3y/0.03/gpu-er--static-model-er-gnp-3y-6p-0.03p.edgelist
./output/3y/0.03/gpu-er--static-model-er-gnp-3y-6p-0.03p.aux

real	0m39.918s
user	0m39.548s
sys	0m2.188s
Running growth rate = .0600 = 6% with 16 thread
./output/10y/0.03/gpu-er--static-model-er-gnp-10y-6p-0.03p.edgelist
./output/10y/0.03/gpu-er--static-model-er-gnp-10y-6p-0.03p.aux

real	3m35.560s
user	3m35.349s
sys	0m9.433s
Running growth rate = .0600 = 6% with 16 thread
./output/30y/0.03/gpu-er--static-model-er-gnp-30y-6p-0.03p.edgelist
./output/30y/0.03/gpu-er--static-model-er-gnp-30y-6p-0.03p.aux

real	48m43.747s
user	49m24.358s
sys	2m7.842s
Running growth rate = .0100 = 1% with 16 thread
./output/3y/0.05/gpu-er--static-model-er-gnp-3y-1p-0.05p.edgelist
./output/3y/0.05/gpu-er--static-model-er-gnp-3y-1p-0.05p.aux

real	0m13.379s
user	0m12.807s
sys	0m1.179s
Running growth rate = .0100 = 1% with 16 thread
./output/10y/0.05/gpu-er--static-model-er-gnp-10y-1p-0.05p.edgelist
./output/10y/0.05/gpu-er--static-model-er-gnp-10y-1p-0.05p.aux

real	0m38.337s
user	0m37.170s
sys	0m2.273s
Running growth rate = .0100 = 1% with 16 thread
./output/30y/0.05/gpu-er--static-model-er-gnp-30y-1p-0.05p.edgelist
./output/30y/0.05/gpu-er--static-model-er-gnp-30y-1p-0.05p.aux

real	2m33.388s
user	2m31.161s
sys	0m5.771s
Running growth rate = .0300 = 3% with 16 thread
./output/3y/0.05/gpu-er--static-model-er-gnp-3y-3p-0.05p.edgelist
./output/3y/0.05/gpu-er--static-model-er-gnp-3y-3p-0.05p.aux

real	0m34.935s
user	0m33.872s
sys	0m2.128s
Running growth rate = .0300 = 3% with 16 thread
./output/10y/0.05/gpu-er--static-model-er-gnp-10y-3p-0.05p.edgelist
./output/10y/0.05/gpu-er--static-model-er-gnp-10y-3p-0.05p.aux

real	2m41.451s
user	2m40.644s
sys	0m5.822s
Running growth rate = .0300 = 3% with 16 thread
./output/30y/0.05/gpu-er--static-model-er-gnp-30y-3p-0.05p.edgelist
./output/30y/0.05/gpu-er--static-model-er-gnp-30y-3p-0.05p.aux

real	18m33.688s
user	18m23.104s
sys	0m59.222s
Running growth rate = .0600 = 6% with 16 thread
./output/3y/0.05/gpu-er--static-model-er-gnp-3y-6p-0.05p.edgelist
./output/3y/0.05/gpu-er--static-model-er-gnp-3y-6p-0.05p.aux

real	1m3.392s
user	1m3.378s
sys	0m2.705s
Running growth rate = .0600 = 6% with 16 thread
./output/10y/0.05/gpu-er--static-model-er-gnp-10y-6p-0.05p.edgelist
./output/10y/0.05/gpu-er--static-model-er-gnp-10y-6p-0.05p.aux
[2026-07-09T06:20:58.006] error: *** JOB 13331084 ON h001 CANCELLED AT 2026-07-09T06:20:58 DUE TO TIME LIMIT ***
