Running growth rate = .0100 = 1% with 16 thread
./output/3y/0.05/gpu-er-static-model-er-gnp-3y-1p-0.05p.edgelist
./output/3y/0.05/gpu-er-static-model-er-gnp-3y-1p-0.05p.aux

real	0m11.529s
user	0m11.638s
sys	0m1.475s
Running growth rate = .0100 = 1% with 16 thread
./output/10y/0.05/gpu-er-static-model-er-gnp-10y-1p-0.05p.edgelist
./output/10y/0.05/gpu-er-static-model-er-gnp-10y-1p-0.05p.aux

real	0m23.400s
user	0m25.180s
sys	0m2.641s
Running growth rate = .0300 = 3% with 16 thread
./output/3y/0.05/gpu-er-static-model-er-gnp-3y-3p-0.05p.edgelist
./output/3y/0.05/gpu-er-static-model-er-gnp-3y-3p-0.05p.aux

real	0m15.978s
user	0m16.104s
sys	0m2.034s
Running growth rate = .0300 = 3% with 16 thread
./output/10y/0.05/gpu-er-static-model-er-gnp-10y-3p-0.05p.edgelist
./output/10y/0.05/gpu-er-static-model-er-gnp-10y-3p-0.05p.aux

real	0m43.096s
user	0m45.738s
sys	0m6.390s
Running growth rate = .0600 = 6% with 16 thread
./output/3y/0.05/gpu-er-static-model-er-gnp-3y-6p-0.05p.edgelist
./output/3y/0.05/gpu-er-static-model-er-gnp-3y-6p-0.05p.aux

real	0m22.570s
user	0m23.533s
sys	0m2.735s
Running growth rate = .0600 = 6% with 16 thread
./output/10y/0.05/gpu-er-static-model-er-gnp-10y-6p-0.05p.edgelist
./output/10y/0.05/gpu-er-static-model-er-gnp-10y-6p-0.05p.aux

real	1m20.900s
user	1m32.034s
sys	0m10.660s
