Fri Jul  3 09:47:04 2026       
+-----------------------------------------------------------------------------------------+
| NVIDIA-SMI 595.71.05              Driver Version: 595.71.05      CUDA Version: 13.2     |
+-----------------------------------------+------------------------+----------------------+
| GPU  Name                 Persistence-M | Bus-Id          Disp.A | Volatile Uncorr. ECC |
| Fan  Temp   Perf          Pwr:Usage/Cap |           Memory-Usage | GPU-Util  Compute M. |
|                                         |                        |               MIG M. |
|=========================================+========================+======================|
|   0  NVIDIA L40S                    On  |   00000000:21:00.0 Off |                    0 |
| N/A   30C    P8             32W /  350W |       0MiB /  46068MiB |      0%      Default |
|                                         |                        |                  N/A |
+-----------------------------------------+------------------------+----------------------+

+-----------------------------------------------------------------------------------------+
| Processes:                                                                              |
|  GPU   GI   CI              PID   Type   Process name                        GPU Memory |
|        ID   ID                                                               Usage      |
|=========================================================================================|
|  No running processes found                                                             |
+-----------------------------------------------------------------------------------------+
Running growth rate 1% with 16 thread
./output/gpu-l40-parallel-static-10y-1p.edgelist
./output/gpu-l40-parallel-static-10y-1p.aux
Running growth rate 3% with 16 thread
./output/gpu-l40-parallel-static-10y-3p.edgelist
./output/gpu-l40-parallel-static-10y-3p.aux
Running growth rate 5% with 16 thread
./output/gpu-l40-parallel-static-10y-5p.edgelist
./output/gpu-l40-parallel-static-10y-5p.aux
Running growth rate 6% with 16 thread
./output/gpu-l40-parallel-static-10y-6p.edgelist
./output/gpu-l40-parallel-static-10y-6p.aux
