Lmod has detected the following error: The following module(s) are unknown:
"cuda/12.8"

Please check the spelling or version number. Also try "module spider ..."
It is also possible your cache file is out-of-date; it may help to try:
  $ module --ignore_cache load "cuda/12.8"

Also make sure that all modulefiles written in TCL start with the string
#%Module



Running growth rate = .0100 = 1% with 1 thread
./output/0.1/gpu-opt-static-model-er-gnp-3y-1p-0.1p.edgelist
./output/0.1/gpu-opt-static-model-er-gnp-3y-1p-0.1p.aux

real	0m42.444s
user	0m40.016s
sys	0m1.882s
Running growth rate = .0300 = 3% with 1 thread
./output/0.1/gpu-opt-static-model-er-gnp-3y-3p-0.1p.edgelist
./output/0.1/gpu-opt-static-model-er-gnp-3y-3p-0.1p.aux

real	2m2.336s
user	1m58.487s
sys	0m3.418s
Running growth rate = .0600 = 6% with 1 thread
./output/0.1/gpu-opt-static-model-er-gnp-3y-6p-0.1p.edgelist
./output/0.1/gpu-opt-static-model-er-gnp-3y-6p-0.1p.aux
