Running growth rate 1% with 16 thread
./output/cpu-parallel-profile-static-output-10y-1p.edgelist
./output/cpu-parallel-profile-static-output-10y-1p.aux

real	1m5.707s
user	6m52.017s
sys	0m1.862s
Running growth rate 3% with 16 thread
./output/cpu-parallel-profile-static-output-10y-3p.edgelist
./output/cpu-parallel-profile-static-output-10y-3p.aux

real	3m50.044s
user	31m2.782s
sys	0m3.637s
Running growth rate 5% with 16 thread
./output/cpu-parallel-profile-static-output-10y-5p.edgelist
./output/cpu-parallel-profile-static-output-10y-5p.aux

real	9m44.486s
user	89m0.370s
sys	0m6.981s
Running growth rate 6% with 16 thread
./output/cpu-parallel-profile-static-output-10y-6p.edgelist
./output/cpu-parallel-profile-static-output-10y-6p.aux

real	13m36.033s
user	145m49.455s
sys	0m8.444s
