Running growth rate = .0100 = 1% with 16 thread
./output/30y//gpu-opt-static-model-er-gnp-30y-1p-p.edgelist
./output/30y//gpu-opt-static-model-er-gnp-30y-1p-p.aux

real	1m28.264s
user	1m37.039s
sys	0m13.549s
Running growth rate = .0300 = 3% with 16 thread
./output/30y//gpu-opt-static-model-er-gnp-30y-3p-p.edgelist
./output/30y//gpu-opt-static-model-er-gnp-30y-3p-p.aux

real	5m10.277s
user	5m56.403s
sys	1m4.517s
Running growth rate = .0600 = 6% with 16 thread
./output/30y//gpu-opt-static-model-er-gnp-30y-6p-p.edgelist
./output/30y//gpu-opt-static-model-er-gnp-30y-6p-p.aux
./drivers/p001gpu_er_static_30y.sh: line 28: 1444473 Killed                  ./abm_er --model er-gnp --er-probability ${ER_PROBABILITY} --edgelist ${INPUT_EDGELIST} --nodelist ${INPUT_NODELIST} --out-degree-bag ${OUTDEGREE_BAG} --recency-probabilities ${RECENCY_PROBABILITIES} --alpha 0.5 --preferential-weight 0.33 --recency-weight 0.33 --fitness-weight 0.33 --growth-rate ${GROWTH_RATE} --fully-random-citations ${FULLY_RANDOM_CITATIONS} --num-cycles ${NUM_CYCLES} --same-year-proportion ${SAME_YEAR_PROPORTION} --output-file ${OUTPUT_FILE} --auxiliary-information-file ${OUTPUT_AUX} --log-file ${OUTPUT_LOG} --num-processors ${NUM_THREADS} --log-level ${LOG_LEVEL} 2> ${ERRORS}/abm-${GROWTH_PERCENT}p.err > ${OUT_FILE}

real	7m57.371s
user	7m41.298s
sys	1m35.228s
Running growth rate = .0100 = 1% with 16 thread
./output/10y//gpu-opt-static-model-er-gnp-10y-1p-p.edgelist
./output/10y//gpu-opt-static-model-er-gnp-10y-1p-p.aux

real	0m27.387s
user	0m29.574s
sys	0m3.175s
Running growth rate = .0300 = 3% with 16 thread
./output/10y//gpu-opt-static-model-er-gnp-10y-3p-p.edgelist
./output/10y//gpu-opt-static-model-er-gnp-10y-3p-p.aux

real	0m59.424s
user	1m3.302s
sys	0m9.937s
Running growth rate = .0600 = 6% with 16 thread
./output/10y//gpu-opt-static-model-er-gnp-10y-6p-p.edgelist
./output/10y//gpu-opt-static-model-er-gnp-10y-6p-p.aux

real	2m12.142s
user	2m31.490s
sys	0m23.660s
[2026-07-05T15:50:03.551] error: Detected 1 oom_kill event in StepId=13156040.batch. Some of the step tasks have been OOM Killed.
