Running growth rate = .0100 = 1% with 16 thread
./output/0.01/gpu-opt-static-model-er-gnp-3y-1p-0.01p.edgelist
./output/0.01/gpu-opt-static-model-er-gnp-3y-1p-0.01p.aux

real	0m0.001s
user	0m0.001s
sys	0m0.000s
Running growth rate = .0300 = 3% with 16 thread
./output/0.01/gpu-opt-static-model-er-gnp-3y-3p-0.01p.edgelist
./output/0.01/gpu-opt-static-model-er-gnp-3y-3p-0.01p.aux

real	0m0.002s
user	0m0.001s
sys	0m0.000s
Running growth rate = .0600 = 6% with 16 thread
./output/0.01/gpu-opt-static-model-er-gnp-3y-6p-0.01p.edgelist
./output/0.01/gpu-opt-static-model-er-gnp-3y-6p-0.01p.aux

real	0m0.001s
user	0m0.001s
sys	0m0.000s
Running growth rate = .0100 = 1% with 16 thread
./output/10y/0.01/gpu-opt-static-model-er-gnp-10y-1p-0.01p.edgelist
./output/10y/0.01/gpu-opt-static-model-er-gnp-10y-1p-0.01p.aux

real	0m17.890s
user	0m18.103s
sys	0m1.422s
Running growth rate = .0300 = 3% with 16 thread
./output/10y/0.01/gpu-opt-static-model-er-gnp-10y-3p-0.01p.edgelist
./output/10y/0.01/gpu-opt-static-model-er-gnp-10y-3p-0.01p.aux

real	0m27.692s
user	0m28.859s
sys	0m1.766s
Running growth rate = .0600 = 6% with 16 thread
./output/10y/0.01/gpu-opt-static-model-er-gnp-10y-6p-0.01p.edgelist
./output/10y/0.01/gpu-opt-static-model-er-gnp-10y-6p-0.01p.aux

real	0m45.811s
user	0m48.206s
sys	0m3.008s
