The following modules were not unloaded:
  (Use "module --force purge" to unload all):

  1) xalt/3.1.4
=== ENV CHECK ===
nsys:  /apps/spack/gautschi-gpu/apps/cuda/12.6.1-gcc-11.4.1-jtjtgkd/bin/nsys  |  NVIDIA Nsight Systems version 2024.4.2.133-244234382004v0
ncu:   /apps/spack/gautschi-gpu/apps/cuda/12.6.1-gcc-11.4.1-jtjtgkd/bin/ncu   |  NVIDIA (R) Nsight Compute Command Line Profiler
nvcc:  Cuda compilation tools, release 12.6, V12.6.68
GPU:   NVIDIA H100 80GB HBM3
==================

=== Growth 1% / 3y ===
Profile: ./erprofile/ncu-er-gnp-3y-1p.ncu-rep
CSV:     ./erprofile/ncu-er-gnp-3y-1p.csv
ncu exit code: 0
SUCCESS .ncu-rep: 8.0M
SUCCESS .csv:     250 lines

=== Growth 3% / 3y ===
Profile: ./erprofile/ncu-er-gnp-3y-3p.ncu-rep
CSV:     ./erprofile/ncu-er-gnp-3y-3p.csv
ncu exit code: 0
SUCCESS .ncu-rep: 8.0M
SUCCESS .csv:     250 lines

=== Growth 5% / 3y ===
Profile: ./erprofile/ncu-er-gnp-3y-5p.ncu-rep
CSV:     ./erprofile/ncu-er-gnp-3y-5p.csv
ncu exit code: 0
SUCCESS .ncu-rep: 8.8M
SUCCESS .csv:     250 lines

=== Growth 6% / 3y ===
Profile: ./erprofile/ncu-er-gnp-3y-6p.ncu-rep
CSV:     ./erprofile/ncu-er-gnp-3y-6p.csv
ncu exit code: 0
SUCCESS .ncu-rep: 8.8M
SUCCESS .csv:     250 lines

=== ALL PROFILES ===
-rw-r--r-- 1 jmukher student 8.8M Apr  2 22:22 ./erprofile/ncu-er-gnp-3y-1p.ncu-rep
-rw-r--r-- 1 jmukher student 8.8M Apr  2 22:23 ./erprofile/ncu-er-gnp-3y-3p.ncu-rep
-rw-r--r-- 1 jmukher student 8.8M Apr  2 22:25 ./erprofile/ncu-er-gnp-3y-5p.ncu-rep
-rw-r--r-- 1 jmukher student 8.8M Apr  2 22:27 ./erprofile/ncu-er-gnp-3y-6p.ncu-rep
-rw-r--r-- 1 jmukher student 7.9K Apr  2 22:22 ./erprofile/ncu-er-gnp-3y-1p.csv
-rw-r--r-- 1 jmukher student 7.9K Apr  2 22:23 ./erprofile/ncu-er-gnp-3y-3p.csv
-rw-r--r-- 1 jmukher student 7.9K Apr  2 22:25 ./erprofile/ncu-er-gnp-3y-5p.csv
-rw-r--r-- 1 jmukher student 8.0K Apr  2 22:28 ./erprofile/ncu-er-gnp-3y-6p.csv
