Running growth rate = .0100 = 1% with 16 thread
./output/3y/0.05/gpu-er-static-model-er-gnp-3y-1p-0.05p.edgelist
./output/3y/0.05/gpu-er-static-model-er-gnp-3y-1p-0.05p.aux

real	0m7.415s
user	0m7.990s
sys	0m0.966s
Running growth rate = .0100 = 1% with 16 thread
./output/3y/0.05/gpu-er-static-model-er-gnp-3y-1p-0.05p.edgelist
./output/3y/0.05/gpu-er-static-model-er-gnp-3y-1p-0.05p.aux

real	0m4.797s
user	0m5.661s
sys	0m0.777s
Running growth rate = .0100 = 1% with 16 thread
./output/3y/0.05/gpu-er-static-model-er-gnp-3y-1p-0.05p.edgelist
./output/3y/0.05/gpu-er-static-model-er-gnp-3y-1p-0.05p.aux

real	0m25.100s
user	0m25.528s
sys	0m2.778s
Running growth rate = .0100 = 1% with 16 thread
./output/3y/0.05/gpu-er-static-model-er-gnp-3y-1p-0.05p.edgelist
./output/3y/0.05/gpu-er-static-model-er-gnp-3y-1p-0.05p.aux

real	0m5.377s
user	0m5.853s
sys	0m0.851s
Running growth rate = .0100 = 1% with 16 thread
./output/10y/0.05/gpu-er-static-model-er-gnp-10y-1p-0.05p.edgelist
./output/10y/0.05/gpu-er-static-model-er-gnp-10y-1p-0.05p.aux

real	0m14.405s
user	0m17.209s
sys	0m1.331s
Running growth rate = .0100 = 1% with 16 thread
./output/10y/0.05/gpu-er-static-model-er-gnp-10y-1p-0.05p.edgelist
./output/10y/0.05/gpu-er-static-model-er-gnp-10y-1p-0.05p.aux

real	0m9.038s
user	0m12.066s
sys	0m1.018s
Running growth rate = .0100 = 1% with 16 thread
./output/10y/0.05/gpu-er-static-model-er-gnp-10y-1p-0.05p.edgelist
./output/10y/0.05/gpu-er-static-model-er-gnp-10y-1p-0.05p.aux

real	1m0.207s
user	1m6.076s
sys	0m6.000s
Running growth rate = .0100 = 1% with 16 thread
./output/10y/0.05/gpu-er-static-model-er-gnp-10y-1p-0.05p.edgelist
./output/10y/0.05/gpu-er-static-model-er-gnp-10y-1p-0.05p.aux

real	0m6.943s
user	0m9.949s
sys	0m1.002s
Running growth rate = .0300 = 3% with 16 thread
./output/3y/0.05/gpu-er-static-model-er-gnp-3y-3p-0.05p.edgelist
./output/3y/0.05/gpu-er-static-model-er-gnp-3y-3p-0.05p.aux

real	0m9.798s
user	0m10.627s
sys	0m1.159s
Running growth rate = .0300 = 3% with 16 thread
./output/3y/0.05/gpu-er-static-model-er-gnp-3y-3p-0.05p.edgelist
./output/3y/0.05/gpu-er-static-model-er-gnp-3y-3p-0.05p.aux

real	0m6.378s
user	0m7.168s
sys	0m0.963s
Running growth rate = .0300 = 3% with 16 thread
./output/3y/0.05/gpu-er-static-model-er-gnp-3y-3p-0.05p.edgelist
./output/3y/0.05/gpu-er-static-model-er-gnp-3y-3p-0.05p.aux

real	0m46.032s
user	0m44.303s
sys	0m8.505s
Running growth rate = .0300 = 3% with 16 thread
./output/3y/0.05/gpu-er-static-model-er-gnp-3y-3p-0.05p.edgelist
./output/3y/0.05/gpu-er-static-model-er-gnp-3y-3p-0.05p.aux

real	0m7.250s
user	0m7.105s
sys	0m1.033s
Running growth rate = .0300 = 3% with 16 thread
./output/10y/0.05/gpu-er-static-model-er-gnp-10y-3p-0.05p.edgelist
./output/10y/0.05/gpu-er-static-model-er-gnp-10y-3p-0.05p.aux

real	0m28.272s
user	0m30.613s
sys	0m4.734s
Running growth rate = .0300 = 3% with 16 thread
./output/10y/0.05/gpu-er-static-model-er-gnp-10y-3p-0.05p.edgelist
./output/10y/0.05/gpu-er-static-model-er-gnp-10y-3p-0.05p.aux

real	0m17.116s
user	0m20.431s
sys	0m2.006s
Running growth rate = .0300 = 3% with 16 thread
./output/10y/0.05/gpu-er-static-model-er-gnp-10y-3p-0.05p.edgelist
./output/10y/0.05/gpu-er-static-model-er-gnp-10y-3p-0.05p.aux

real	2m20.394s
user	2m38.165s
sys	0m21.857s
Running growth rate = .0300 = 3% with 16 thread
./output/10y/0.05/gpu-er-static-model-er-gnp-10y-3p-0.05p.edgelist
./output/10y/0.05/gpu-er-static-model-er-gnp-10y-3p-0.05p.aux

real	0m8.597s
user	0m11.064s
sys	0m1.356s
Running growth rate = .0600 = 6% with 16 thread
./output/3y/0.05/gpu-er-static-model-er-gnp-3y-6p-0.05p.edgelist
./output/3y/0.05/gpu-er-static-model-er-gnp-3y-6p-0.05p.aux

real	0m13.231s
user	0m14.410s
sys	0m1.582s
Running growth rate = .0600 = 6% with 16 thread
./output/3y/0.05/gpu-er-static-model-er-gnp-3y-6p-0.05p.edgelist
./output/3y/0.05/gpu-er-static-model-er-gnp-3y-6p-0.05p.aux

real	0m8.782s
user	0m9.752s
sys	0m1.047s
Running growth rate = .0600 = 6% with 16 thread
./output/3y/0.05/gpu-er-static-model-er-gnp-3y-6p-0.05p.edgelist
./output/3y/0.05/gpu-er-static-model-er-gnp-3y-6p-0.05p.aux

real	1m9.672s
user	1m16.375s
sys	0m10.009s
Running growth rate = .0600 = 6% with 16 thread
./output/3y/0.05/gpu-er-static-model-er-gnp-3y-6p-0.05p.edgelist
./output/3y/0.05/gpu-er-static-model-er-gnp-3y-6p-0.05p.aux

real	0m6.475s
user	0m7.040s
sys	0m1.001s
Running growth rate = .0600 = 6% with 16 thread
./output/10y/0.05/gpu-er-static-model-er-gnp-10y-6p-0.05p.edgelist
./output/10y/0.05/gpu-er-static-model-er-gnp-10y-6p-0.05p.aux

real	0m45.888s
user	0m53.787s
sys	0m5.476s
Running growth rate = .0600 = 6% with 16 thread
./output/10y/0.05/gpu-er-static-model-er-gnp-10y-6p-0.05p.edgelist
./output/10y/0.05/gpu-er-static-model-er-gnp-10y-6p-0.05p.aux

real	0m31.320s
user	0m36.654s
sys	0m4.167s
Running growth rate = .0600 = 6% with 16 thread
./output/10y/0.05/gpu-er-static-model-er-gnp-10y-6p-0.05p.edgelist
./output/10y/0.05/gpu-er-static-model-er-gnp-10y-6p-0.05p.aux

real	5m32.052s
user	6m29.652s
sys	1m3.349s
Running growth rate = .0600 = 6% with 16 thread
./output/10y/0.05/gpu-er-static-model-er-gnp-10y-6p-0.05p.edgelist
./output/10y/0.05/gpu-er-static-model-er-gnp-10y-6p-0.05p.aux

real	0m12.831s
user	0m14.642s
sys	0m2.743s
