Running growth rate 1% with 16 thread
./output/cpu-parallel-static-output-10y-1p.edgelist
./output/cpu-parallel-static-output-10y-1p.aux

real	1m12.299s
user	7m16.347s
sys	0m1.898s
Running growth rate 3% with 16 thread
./output/cpu-parallel-static-output-10y-3p.edgelist
./output/cpu-parallel-static-output-10y-3p.aux

real	4m18.050s
user	33m55.376s
sys	0m3.994s
Running growth rate 5% with 16 thread
./output/cpu-parallel-static-output-10y-5p.edgelist
./output/cpu-parallel-static-output-10y-5p.aux

real	10m47.969s
user	93m26.990s
sys	0m6.262s
Running growth rate 6% with 16 thread
./output/cpu-parallel-static-output-10y-6p.edgelist
./output/cpu-parallel-static-output-10y-6p.aux

real	15m57.807s
user	144m44.002s
sys	0m8.014s
Running growth rate 1% with 16 thread
./output/cpu-parallel-static-output-30y-1p.edgelist
./output/cpu-parallel-static-output-30y-1p.aux

real	5m30.047s
user	35m8.994s
sys	0m3.714s
Running growth rate 3% with 16 thread
./output/cpu-parallel-static-output-30y-3p.edgelist
./output/cpu-parallel-static-output-30y-3p.aux

real	68m59.185s
user	658m20.252s
sys	0m30.798s
Running growth rate 5% with 16 thread
./output/cpu-parallel-static-output-30y-5p.edgelist
./output/cpu-parallel-static-output-30y-5p.aux
