The following modules were not unloaded:
  (Use "module --force purge" to unload all):

  1) xalt/3.1.4
=== ENV CHECK ===
nsys:  /apps/spack/gautschi-gpu/apps/cuda/12.6.1-gcc-11.4.1-jtjtgkd/bin/nsys  |  NVIDIA Nsight Systems version 2024.4.2.133-244234382004v0
ncu:   /apps/spack/gautschi-gpu/apps/cuda/12.6.1-gcc-11.4.1-jtjtgkd/bin/ncu   |  NVIDIA (R) Nsight Compute Command Line Profiler
nvcc:  Cuda compilation tools, release 12.6, V12.6.68
GPU:   NVIDIA H100 80GB HBM3
==================

=== Growth 1% / 30y ===
Profile: ./erprofile/ncu-er-gnp-30y-1p.ncu-rep
CSV:     ./erprofile/ncu-er-gnp-30y-1p.csv
ncu exit code: 0
SUCCESS .ncu-rep: 9.2M
SUCCESS .csv:     1600 lines

=== Growth 3% / 30y ===
Profile: ./erprofile/ncu-er-gnp-30y-3p.ncu-rep
CSV:     ./erprofile/ncu-er-gnp-30y-3p.csv
ncu exit code: 0
SUCCESS .ncu-rep: 9.2M
SUCCESS .csv:     1600 lines

=== Growth 5% / 30y ===
Profile: ./erprofile/ncu-er-gnp-30y-5p.ncu-rep
CSV:     ./erprofile/ncu-er-gnp-30y-5p.csv
ncu exit code: 0
SUCCESS .ncu-rep: 9.2M
/var/spool/slurm/job8876690/slurm_script: line 132: ./erprofile/ncu-er-gnp-30y-5p.csv: No such file or directory
SUCCESS .csv:      lines

=== Growth 6% / 30y ===
Profile: ./erprofile/ncu-er-gnp-30y-6p.ncu-rep
CSV:     ./erprofile/ncu-er-gnp-30y-6p.csv
[2026-04-03T02:37:27.645] error: *** JOB 8876690 ON h005 CANCELLED AT 2026-04-03T02:37:27 DUE to SIGNAL Terminated ***
