Running growth rate 1% with 1 thread
./output/cpu-serial-profile-static-output-10y-1p.edgelist
./output/cpu-serial-profile-static-output-10y-1p.aux

real	8m2.635s
user	7m58.821s
sys	0m2.047s
Running growth rate 3% with 1 thread
./output/cpu-serial-profile-static-output-10y-3p.edgelist
./output/cpu-serial-profile-static-output-10y-3p.aux

real	33m32.758s
user	33m20.009s
sys	0m4.533s
Running growth rate 5% with 1 thread
./output/cpu-serial-profile-static-output-10y-5p.edgelist
./output/cpu-serial-profile-static-output-10y-5p.aux

real	89m28.643s
user	88m59.284s
sys	0m10.990s
Running growth rate 6% with 1 thread
./output/cpu-serial-profile-static-output-10y-6p.edgelist
./output/cpu-serial-profile-static-output-10y-6p.aux

real	142m14.176s
user	141m29.494s
sys	0m12.333s
