Running growth rate = .0100 = 1% with 16 thread
./output/3y//gpu-opt-static-model-er-gnp-3y-1p-p.edgelist
./output/3y//gpu-opt-static-model-er-gnp-3y-1p-p.aux

real	0m12.572s
user	0m12.946s
sys	0m1.531s
Running growth rate = .0300 = 3% with 16 thread
./output/3y//gpu-opt-static-model-er-gnp-3y-3p-p.edgelist
./output/3y//gpu-opt-static-model-er-gnp-3y-3p-p.aux

real	0m18.924s
user	0m19.624s
sys	0m2.675s
Running growth rate = .0600 = 6% with 16 thread
./output/3y//gpu-opt-static-model-er-gnp-3y-6p-p.edgelist
./output/3y//gpu-opt-static-model-er-gnp-3y-6p-p.aux

real	0m31.407s
user	0m32.835s
sys	0m4.800s
Running growth rate = .0100 = 1% with 16 thread
./output/10y//gpu-opt-static-model-er-gnp-10y-1p-p.edgelist
./output/10y//gpu-opt-static-model-er-gnp-10y-1p-p.aux

real	0m28.643s
user	0m31.055s
sys	0m3.494s
Running growth rate = .0300 = 3% with 16 thread
./output/10y//gpu-opt-static-model-er-gnp-10y-3p-p.edgelist
./output/10y//gpu-opt-static-model-er-gnp-10y-3p-p.aux

real	1m2.034s
user	1m8.639s
sys	0m10.880s
Running growth rate = .0600 = 6% with 16 thread
./output/10y//gpu-opt-static-model-er-gnp-10y-6p-p.edgelist
./output/10y//gpu-opt-static-model-er-gnp-10y-6p-p.aux

real	2m3.818s
user	2m20.637s
sys	0m21.313s
