Running growth rate = .0100 = 1% with 16 thread
./output/3y/0.01/gpu-er-amz-static-model-er-gnp-3y-1p-0.01p.edgelist
./output/3y/0.01/gpu-er-amz-static-model-er-gnp-3y-1p-0.01p.aux

real	0m7.226s
user	0m8.031s
sys	0m0.767s
Running growth rate = .0100 = 1% with 16 thread
./output/3y/0.01/gpu-er-eu-static-model-er-gnp-3y-1p-0.01p.edgelist
./output/3y/0.01/gpu-er-eu-static-model-er-gnp-3y-1p-0.01p.aux

real	0m4.294s
user	0m4.767s
sys	0m0.700s
Running growth rate = .0100 = 1% with 16 thread
./output/3y/0.01/gpu-er-yutb-static-model-er-gnp-3y-1p-0.01p.edgelist
./output/3y/0.01/gpu-er-yutb-static-model-er-gnp-3y-1p-0.01p.aux

real	0m19.891s
user	0m20.476s
sys	0m1.590s
Running growth rate = .0100 = 1% with 16 thread
./output/3y/0.01/gpu-er-twt-static-model-er-gnp-3y-1p-0.01p.edgelist
./output/3y/0.01/gpu-er-twt-static-model-er-gnp-3y-1p-0.01p.aux

real	0m5.128s
user	0m5.905s
sys	0m0.648s
Running growth rate = .0100 = 1% with 16 thread
./output/10y/0.01/gpu-er-amz-static-model-er-gnp-10y-1p-0.01p.edgelist
./output/10y/0.01/gpu-er-amz-static-model-er-gnp-10y-1p-0.01p.aux

real	0m11.350s
user	0m14.542s
sys	0m0.947s
Running growth rate = .0100 = 1% with 16 thread
./output/10y/0.01/gpu-er-eu-static-model-er-gnp-10y-1p-0.01p.edgelist
./output/10y/0.01/gpu-er-eu-static-model-er-gnp-10y-1p-0.01p.aux

real	0m7.554s
user	0m10.636s
sys	0m0.761s
Running growth rate = .0100 = 1% with 16 thread
./output/10y/0.01/gpu-er-yutb-static-model-er-gnp-10y-1p-0.01p.edgelist
./output/10y/0.01/gpu-er-yutb-static-model-er-gnp-10y-1p-0.01p.aux

real	0m42.264s
user	0m45.790s
sys	0m3.221s
Running growth rate = .0100 = 1% with 16 thread
./output/10y/0.01/gpu-er-twt-static-model-er-gnp-10y-1p-0.01p.edgelist
./output/10y/0.01/gpu-er-twt-static-model-er-gnp-10y-1p-0.01p.aux

real	0m6.216s
user	0m9.191s
sys	0m0.694s
Running growth rate = .0100 = 1% with 16 thread
./output/30y/0.01/gpu-er-amz-static-model-er-gnp-30y-1p-0.01p.edgelist
./output/30y/0.01/gpu-er-amz-static-model-er-gnp-30y-1p-0.01p.aux

real	0m27.755s
user	0m38.662s
sys	0m1.413s
Running growth rate = .0100 = 1% with 16 thread
./output/30y/0.01/gpu-er-eu-static-model-er-gnp-30y-1p-0.01p.edgelist
./output/30y/0.01/gpu-er-eu-static-model-er-gnp-30y-1p-0.01p.aux

real	0m19.194s
user	0m29.101s
sys	0m1.770s
Running growth rate = .0100 = 1% with 16 thread
./output/30y/0.01/gpu-er-yutb-static-model-er-gnp-30y-1p-0.01p.edgelist
./output/30y/0.01/gpu-er-yutb-static-model-er-gnp-30y-1p-0.01p.aux

real	2m1.665s
user	2m10.538s
sys	0m11.091s
Running growth rate = .0100 = 1% with 16 thread
./output/30y/0.01/gpu-er-twt-static-model-er-gnp-30y-1p-0.01p.edgelist
./output/30y/0.01/gpu-er-twt-static-model-er-gnp-30y-1p-0.01p.aux

real	0m10.041s
user	0m20.277s
sys	0m0.822s
Running growth rate = .0300 = 3% with 16 thread
./output/3y/0.01/gpu-er-amz-static-model-er-gnp-3y-3p-0.01p.edgelist
./output/3y/0.01/gpu-er-amz-static-model-er-gnp-3y-3p-0.01p.aux

real	0m8.133s
user	0m9.027s
sys	0m0.779s
Running growth rate = .0300 = 3% with 16 thread
./output/3y/0.01/gpu-er-eu-static-model-er-gnp-3y-3p-0.01p.edgelist
./output/3y/0.01/gpu-er-eu-static-model-er-gnp-3y-3p-0.01p.aux

real	0m5.719s
user	0m6.415s
sys	0m0.688s
Running growth rate = .0300 = 3% with 16 thread
./output/3y/0.01/gpu-er-yutb-static-model-er-gnp-3y-3p-0.01p.edgelist
./output/3y/0.01/gpu-er-yutb-static-model-er-gnp-3y-3p-0.01p.aux

real	0m27.429s
user	0m28.807s
sys	0m2.061s
Running growth rate = .0300 = 3% with 16 thread
./output/3y/0.01/gpu-er-twt-static-model-er-gnp-3y-3p-0.01p.edgelist
./output/3y/0.01/gpu-er-twt-static-model-er-gnp-3y-3p-0.01p.aux

real	0m5.437s
user	0m6.260s
sys	0m0.648s
Running growth rate = .0300 = 3% with 16 thread
./output/10y/0.01/gpu-er-amz-static-model-er-gnp-10y-3p-0.01p.edgelist
./output/10y/0.01/gpu-er-amz-static-model-er-gnp-10y-3p-0.01p.aux

real	0m18.540s
user	0m22.452s
sys	0m1.109s
Running growth rate = .0300 = 3% with 16 thread
./output/10y/0.01/gpu-er-eu-static-model-er-gnp-10y-3p-0.01p.edgelist
./output/10y/0.01/gpu-er-eu-static-model-er-gnp-10y-3p-0.01p.aux

real	0m12.412s
user	0m15.738s
sys	0m0.884s
Running growth rate = .0300 = 3% with 16 thread
./output/10y/0.01/gpu-er-yutb-static-model-er-gnp-10y-3p-0.01p.edgelist
./output/10y/0.01/gpu-er-yutb-static-model-er-gnp-10y-3p-0.01p.aux

real	1m15.277s
user	1m19.133s
sys	0m8.217s
Running growth rate = .0300 = 3% with 16 thread
./output/10y/0.01/gpu-er-twt-static-model-er-gnp-10y-3p-0.01p.edgelist
./output/10y/0.01/gpu-er-twt-static-model-er-gnp-10y-3p-0.01p.aux

real	0m6.785s
user	0m9.713s
sys	0m0.683s
Running growth rate = .0300 = 3% with 16 thread
./output/30y/0.01/gpu-er-amz-static-model-er-gnp-30y-3p-0.01p.edgelist
./output/30y/0.01/gpu-er-amz-static-model-er-gnp-30y-3p-0.01p.aux

real	1m5.951s
user	1m19.083s
sys	0m4.761s
Running growth rate = .0300 = 3% with 16 thread
./output/30y/0.01/gpu-er-eu-static-model-er-gnp-30y-3p-0.01p.edgelist
./output/30y/0.01/gpu-er-eu-static-model-er-gnp-30y-3p-0.01p.aux

real	0m44.612s
user	0m56.238s
sys	0m3.236s
Running growth rate = .0300 = 3% with 16 thread
./output/30y/0.01/gpu-er-yutb-static-model-er-gnp-30y-3p-0.01p.edgelist
./output/30y/0.01/gpu-er-yutb-static-model-er-gnp-30y-3p-0.01p.aux

real	5m16.858s
user	5m50.409s
sys	0m41.592s
Running growth rate = .0300 = 3% with 16 thread
./output/30y/0.01/gpu-er-twt-static-model-er-gnp-30y-3p-0.01p.edgelist
./output/30y/0.01/gpu-er-twt-static-model-er-gnp-30y-3p-0.01p.aux

real	0m6.813s
user	0m9.390s
sys	0m0.693s
Running growth rate = .0600 = 6% with 16 thread
./output/3y/0.01/gpu-er-amz-static-model-er-gnp-3y-6p-0.01p.edgelist
./output/3y/0.01/gpu-er-amz-static-model-er-gnp-3y-6p-0.01p.aux

real	0m10.481s
user	0m11.414s
sys	0m0.949s
Running growth rate = .0600 = 6% with 16 thread
./output/3y/0.01/gpu-er-eu-static-model-er-gnp-3y-6p-0.01p.edgelist
./output/3y/0.01/gpu-er-eu-static-model-er-gnp-3y-6p-0.01p.aux

real	0m7.332s
user	0m8.132s
sys	0m0.918s
Running growth rate = .0600 = 6% with 16 thread
./output/3y/0.01/gpu-er-yutb-static-model-er-gnp-3y-6p-0.01p.edgelist
./output/3y/0.01/gpu-er-yutb-static-model-er-gnp-3y-6p-0.01p.aux

real	0m37.495s
user	0m39.023s
sys	0m3.169s
Running growth rate = .0600 = 6% with 16 thread
./output/3y/0.01/gpu-er-twt-static-model-er-gnp-3y-6p-0.01p.edgelist
./output/3y/0.01/gpu-er-twt-static-model-er-gnp-3y-6p-0.01p.aux

real	0m5.930s
user	0m6.787s
sys	0m0.699s
Running growth rate = .0600 = 6% with 16 thread
./output/10y/0.01/gpu-er-amz-static-model-er-gnp-10y-6p-0.01p.edgelist
./output/10y/0.01/gpu-er-amz-static-model-er-gnp-10y-6p-0.01p.aux

real	0m29.786s
user	0m34.332s
sys	0m1.692s
Running growth rate = .0600 = 6% with 16 thread
./output/10y/0.01/gpu-er-eu-static-model-er-gnp-10y-6p-0.01p.edgelist
./output/10y/0.01/gpu-er-eu-static-model-er-gnp-10y-6p-0.01p.aux

real	0m21.178s
user	0m25.064s
sys	0m1.645s
Running growth rate = .0600 = 6% with 16 thread
./output/10y/0.01/gpu-er-yutb-static-model-er-gnp-10y-6p-0.01p.edgelist
./output/10y/0.01/gpu-er-yutb-static-model-er-gnp-10y-6p-0.01p.aux

real	2m9.034s
user	2m27.792s
sys	0m10.752s
Running growth rate = .0600 = 6% with 16 thread
./output/10y/0.01/gpu-er-twt-static-model-er-gnp-10y-6p-0.01p.edgelist
./output/10y/0.01/gpu-er-twt-static-model-er-gnp-10y-6p-0.01p.aux

real	0m9.946s
user	0m13.094s
sys	0m0.919s
Running growth rate = .0600 = 6% with 16 thread
./output/30y/0.01/gpu-er-amz-static-model-er-gnp-30y-6p-0.01p.edgelist
./output/30y/0.01/gpu-er-amz-static-model-er-gnp-30y-6p-0.01p.aux

real	3m12.185s
user	3m54.095s
sys	0m15.646s
Running growth rate = .0600 = 6% with 16 thread
./output/30y/0.01/gpu-er-eu-static-model-er-gnp-30y-6p-0.01p.edgelist
./output/30y/0.01/gpu-er-eu-static-model-er-gnp-30y-6p-0.01p.aux

real	2m26.429s
user	2m39.174s
sys	0m17.832s
Running growth rate = .0600 = 6% with 16 thread
./output/30y/0.01/gpu-er-yutb-static-model-er-gnp-30y-6p-0.01p.edgelist
./output/30y/0.01/gpu-er-yutb-static-model-er-gnp-30y-6p-0.01p.aux
./drivers/p0001gpu_er_static_vary_p_snap.sh: line 32: 119979 Killed                  ./abm_er --model er-gnp --er-probability ${ER_PROBABILITY} --edgelist ${INPUT_EDGELIST} --nodelist ${INPUT_NODELIST} --out-degree-bag ${OUTDEGREE_BAG} --recency-probabilities ${RECENCY_PROBABILITIES} --alpha 0.5 --preferential-weight 0.33 --recency-weight 0.33 --fitness-weight 0.33 --growth-rate ${GROWTH_RATE} --fully-random-citations ${FULLY_RANDOM_CITATIONS} --num-cycles ${NUM_CYCLES} --same-year-proportion ${SAME_YEAR_PROPORTION} --output-file ${OUTPUT_FILE} --auxiliary-information-file ${OUTPUT_AUX} --log-file ${OUTPUT_LOG} --num-processors ${NUM_THREADS} --log-level ${LOG_LEVEL} 2> ${ERRORS}/abm-${GROWTH_PERCENT}p.err > ${OUT_FILE}

real	12m50.925s
user	12m25.146s
sys	1m48.510s
Running growth rate = .0600 = 6% with 16 thread
./output/30y/0.01/gpu-er-twt-static-model-er-gnp-30y-6p-0.01p.edgelist
./output/30y/0.01/gpu-er-twt-static-model-er-gnp-30y-6p-0.01p.aux

real	0m38.564s
user	0m49.026s
sys	0m2.610s
Running growth rate = .0100 = 1% with 16 thread
./output/3y/0.03/gpu-er-amz-static-model-er-gnp-3y-1p-0.03p.edgelist
./output/3y/0.03/gpu-er-amz-static-model-er-gnp-3y-1p-0.03p.aux

real	0m7.029s
user	0m7.780s
sys	0m0.800s
Running growth rate = .0100 = 1% with 16 thread
./output/3y/0.03/gpu-er-eu-static-model-er-gnp-3y-1p-0.03p.edgelist
./output/3y/0.03/gpu-er-eu-static-model-er-gnp-3y-1p-0.03p.aux

real	0m4.444s
user	0m5.017s
sys	0m0.689s
Running growth rate = .0100 = 1% with 16 thread
./output/3y/0.03/gpu-er-yutb-static-model-er-gnp-3y-1p-0.03p.edgelist
./output/3y/0.03/gpu-er-yutb-static-model-er-gnp-3y-1p-0.03p.aux

real	0m23.465s
user	0m23.614s
sys	0m2.466s
Running growth rate = .0100 = 1% with 16 thread
./output/3y/0.03/gpu-er-twt-static-model-er-gnp-3y-1p-0.03p.edgelist
./output/3y/0.03/gpu-er-twt-static-model-er-gnp-3y-1p-0.03p.aux

real	0m5.662s
user	0m6.615s
sys	0m0.674s
Running growth rate = .0100 = 1% with 16 thread
./output/10y/0.03/gpu-er-amz-static-model-er-gnp-10y-1p-0.03p.edgelist
./output/10y/0.03/gpu-er-amz-static-model-er-gnp-10y-1p-0.03p.aux

real	0m13.141s
user	0m16.258s
sys	0m1.071s
Running growth rate = .0100 = 1% with 16 thread
./output/10y/0.03/gpu-er-eu-static-model-er-gnp-10y-1p-0.03p.edgelist
./output/10y/0.03/gpu-er-eu-static-model-er-gnp-10y-1p-0.03p.aux

real	0m8.428s
user	0m11.412s
sys	0m0.907s
Running growth rate = .0100 = 1% with 16 thread
./output/10y/0.03/gpu-er-yutb-static-model-er-gnp-10y-1p-0.03p.edgelist
./output/10y/0.03/gpu-er-yutb-static-model-er-gnp-10y-1p-0.03p.aux

real	0m50.402s
user	0m53.840s
sys	0m4.128s
Running growth rate = .0100 = 1% with 16 thread
./output/10y/0.03/gpu-er-twt-static-model-er-gnp-10y-1p-0.03p.edgelist
./output/10y/0.03/gpu-er-twt-static-model-er-gnp-10y-1p-0.03p.aux

real	0m6.702s
user	0m9.969s
sys	0m0.763s
Running growth rate = .0100 = 1% with 16 thread
./output/30y/0.03/gpu-er-amz-static-model-er-gnp-30y-1p-0.03p.edgelist
./output/30y/0.03/gpu-er-amz-static-model-er-gnp-30y-1p-0.03p.aux

real	0m38.078s
user	0m47.068s
sys	0m3.954s
Running growth rate = .0100 = 1% with 16 thread
./output/30y/0.03/gpu-er-eu-static-model-er-gnp-30y-1p-0.03p.edgelist
./output/30y/0.03/gpu-er-eu-static-model-er-gnp-30y-1p-0.03p.aux

real	0m22.513s
user	0m32.590s
sys	0m1.888s
Running growth rate = .0100 = 1% with 16 thread
./output/30y/0.03/gpu-er-yutb-static-model-er-gnp-30y-1p-0.03p.edgelist
./output/30y/0.03/gpu-er-yutb-static-model-er-gnp-30y-1p-0.03p.aux

real	2m43.561s
user	2m55.819s
sys	0m19.922s
Running growth rate = .0100 = 1% with 16 thread
./output/30y/0.03/gpu-er-twt-static-model-er-gnp-30y-1p-0.03p.edgelist
./output/30y/0.03/gpu-er-twt-static-model-er-gnp-30y-1p-0.03p.aux

real	0m10.328s
user	0m19.389s
sys	0m0.840s
Running growth rate = .0300 = 3% with 16 thread
./output/3y/0.03/gpu-er-amz-static-model-er-gnp-3y-3p-0.03p.edgelist
./output/3y/0.03/gpu-er-amz-static-model-er-gnp-3y-3p-0.03p.aux

real	0m9.010s
user	0m9.719s
sys	0m0.918s
Running growth rate = .0300 = 3% with 16 thread
./output/3y/0.03/gpu-er-eu-static-model-er-gnp-3y-3p-0.03p.edgelist
./output/3y/0.03/gpu-er-eu-static-model-er-gnp-3y-3p-0.03p.aux

real	0m6.013s
user	0m6.848s
sys	0m0.825s
Running growth rate = .0300 = 3% with 16 thread
./output/3y/0.03/gpu-er-yutb-static-model-er-gnp-3y-3p-0.03p.edgelist
./output/3y/0.03/gpu-er-yutb-static-model-er-gnp-3y-3p-0.03p.aux

real	0m35.055s
user	0m36.848s
sys	0m3.649s
Running growth rate = .0300 = 3% with 16 thread
./output/3y/0.03/gpu-er-twt-static-model-er-gnp-3y-3p-0.03p.edgelist
./output/3y/0.03/gpu-er-twt-static-model-er-gnp-3y-3p-0.03p.aux

real	0m5.528s
user	0m6.224s
sys	0m0.683s
Running growth rate = .0300 = 3% with 16 thread
./output/10y/0.03/gpu-er-amz-static-model-er-gnp-10y-3p-0.03p.edgelist
./output/10y/0.03/gpu-er-amz-static-model-er-gnp-10y-3p-0.03p.aux

real	0m21.784s
user	0m25.436s
sys	0m1.749s
Running growth rate = .0300 = 3% with 16 thread
./output/10y/0.03/gpu-er-eu-static-model-er-gnp-10y-3p-0.03p.edgelist
./output/10y/0.03/gpu-er-eu-static-model-er-gnp-10y-3p-0.03p.aux

real	0m15.154s
user	0m18.575s
sys	0m1.627s
Running growth rate = .0300 = 3% with 16 thread
./output/10y/0.03/gpu-er-yutb-static-model-er-gnp-10y-3p-0.03p.edgelist
./output/10y/0.03/gpu-er-yutb-static-model-er-gnp-10y-3p-0.03p.aux

real	1m43.178s
user	1m56.206s
sys	0m10.887s
Running growth rate = .0300 = 3% with 16 thread
./output/10y/0.03/gpu-er-twt-static-model-er-gnp-10y-3p-0.03p.edgelist
./output/10y/0.03/gpu-er-twt-static-model-er-gnp-10y-3p-0.03p.aux

real	0m8.309s
user	0m11.569s
sys	0m0.864s
Running growth rate = .0300 = 3% with 16 thread
./output/30y/0.03/gpu-er-amz-static-model-er-gnp-30y-3p-0.03p.edgelist
./output/30y/0.03/gpu-er-amz-static-model-er-gnp-30y-3p-0.03p.aux

real	1m25.888s
user	1m40.172s
sys	0m8.855s
Running growth rate = .0300 = 3% with 16 thread
./output/30y/0.03/gpu-er-eu-static-model-er-gnp-30y-3p-0.03p.edgelist
./output/30y/0.03/gpu-er-eu-static-model-er-gnp-30y-3p-0.03p.aux

real	0m58.694s
user	1m15.699s
sys	0m5.705s
Running growth rate = .0300 = 3% with 16 thread
./output/30y/0.03/gpu-er-yutb-static-model-er-gnp-30y-3p-0.03p.edgelist
./output/30y/0.03/gpu-er-yutb-static-model-er-gnp-30y-3p-0.03p.aux

real	9m27.758s
user	10m25.357s
sys	1m52.272s
Running growth rate = .0300 = 3% with 16 thread
./output/30y/0.03/gpu-er-twt-static-model-er-gnp-30y-3p-0.03p.edgelist
./output/30y/0.03/gpu-er-twt-static-model-er-gnp-30y-3p-0.03p.aux

real	0m18.056s
user	0m27.635s
sys	0m1.248s
Running growth rate = .0600 = 6% with 16 thread
./output/3y/0.03/gpu-er-amz-static-model-er-gnp-3y-6p-0.03p.edgelist
./output/3y/0.03/gpu-er-amz-static-model-er-gnp-3y-6p-0.03p.aux

real	0m12.059s
user	0m13.029s
sys	0m1.237s
Running growth rate = .0600 = 6% with 16 thread
./output/3y/0.03/gpu-er-eu-static-model-er-gnp-3y-6p-0.03p.edgelist
./output/3y/0.03/gpu-er-eu-static-model-er-gnp-3y-6p-0.03p.aux

real	0m8.010s
user	0m8.979s
sys	0m0.857s
Running growth rate = .0600 = 6% with 16 thread
./output/3y/0.03/gpu-er-yutb-static-model-er-gnp-3y-6p-0.03p.edgelist
./output/3y/0.03/gpu-er-yutb-static-model-er-gnp-3y-6p-0.03p.aux

real	0m54.715s
user	1m0.279s
sys	0m6.359s
Running growth rate = .0600 = 6% with 16 thread
./output/3y/0.03/gpu-er-twt-static-model-er-gnp-3y-6p-0.03p.edgelist
./output/3y/0.03/gpu-er-twt-static-model-er-gnp-3y-6p-0.03p.aux

real	0m6.356s
user	0m7.176s
sys	0m0.693s
Running growth rate = .0600 = 6% with 16 thread
./output/10y/0.03/gpu-er-amz-static-model-er-gnp-10y-6p-0.03p.edgelist
./output/10y/0.03/gpu-er-amz-static-model-er-gnp-10y-6p-0.03p.aux

real	0m38.534s
user	0m45.737s
sys	0m3.378s
Running growth rate = .0600 = 6% with 16 thread
./output/10y/0.03/gpu-er-eu-static-model-er-gnp-10y-6p-0.03p.edgelist
./output/10y/0.03/gpu-er-eu-static-model-er-gnp-10y-6p-0.03p.aux

real	0m26.051s
user	0m31.538s
sys	0m2.316s
Running growth rate = .0600 = 6% with 16 thread
./output/10y/0.03/gpu-er-yutb-static-model-er-gnp-10y-6p-0.03p.edgelist
./output/10y/0.03/gpu-er-yutb-static-model-er-gnp-10y-6p-0.03p.aux

real	3m43.617s
user	4m17.226s
sys	0m32.544s
Running growth rate = .0600 = 6% with 16 thread
./output/10y/0.03/gpu-er-twt-static-model-er-gnp-10y-6p-0.03p.edgelist
./output/10y/0.03/gpu-er-twt-static-model-er-gnp-10y-6p-0.03p.aux

real	0m10.539s
user	0m13.725s
sys	0m0.860s
Running growth rate = .0600 = 6% with 16 thread
./output/30y/0.03/gpu-er-amz-static-model-er-gnp-30y-6p-0.03p.edgelist
./output/30y/0.03/gpu-er-amz-static-model-er-gnp-30y-6p-0.03p.aux

real	5m17.778s
user	6m16.269s
sys	0m48.086s
Running growth rate = .0600 = 6% with 16 thread
./output/30y/0.03/gpu-er-eu-static-model-er-gnp-30y-6p-0.03p.edgelist
./output/30y/0.03/gpu-er-eu-static-model-er-gnp-30y-6p-0.03p.aux

real	3m54.502s
user	4m53.323s
sys	0m39.210s
Running growth rate = .0600 = 6% with 16 thread
./output/30y/0.03/gpu-er-yutb-static-model-er-gnp-30y-6p-0.03p.edgelist
./output/30y/0.03/gpu-er-yutb-static-model-er-gnp-30y-6p-0.03p.aux
./drivers/p0003gpu_er_static_vary_p_snap.sh: line 32: 214138 Killed                  ./abm_er --model er-gnp --er-probability ${ER_PROBABILITY} --edgelist ${INPUT_EDGELIST} --nodelist ${INPUT_NODELIST} --out-degree-bag ${OUTDEGREE_BAG} --recency-probabilities ${RECENCY_PROBABILITIES} --alpha 0.5 --preferential-weight 0.33 --recency-weight 0.33 --fitness-weight 0.33 --growth-rate ${GROWTH_RATE} --fully-random-citations ${FULLY_RANDOM_CITATIONS} --num-cycles ${NUM_CYCLES} --same-year-proportion ${SAME_YEAR_PROPORTION} --output-file ${OUTPUT_FILE} --auxiliary-information-file ${OUTPUT_AUX} --log-file ${OUTPUT_LOG} --num-processors ${NUM_THREADS} --log-level ${LOG_LEVEL} 2> ${ERRORS}/abm-${GROWTH_PERCENT}p.err > ${OUT_FILE}

real	9m9.236s
user	8m53.993s
sys	1m27.105s
Running growth rate = .0600 = 6% with 16 thread
./output/30y/0.03/gpu-er-twt-static-model-er-gnp-30y-6p-0.03p.edgelist
./output/30y/0.03/gpu-er-twt-static-model-er-gnp-30y-6p-0.03p.aux

real	0m46.365s
user	0m58.196s
sys	0m3.839s
Running growth rate = .0100 = 1% with 16 thread
./output/3y/0.05/gpu-er-amz-static-model-er-gnp-3y-1p-0.05p.edgelist
./output/3y/0.05/gpu-er-amz-static-model-er-gnp-3y-1p-0.05p.aux

real	0m7.366s
user	0m8.153s
sys	0m0.831s
Running growth rate = .0100 = 1% with 16 thread
./output/3y/0.05/gpu-er-eu-static-model-er-gnp-3y-1p-0.05p.edgelist
./output/3y/0.05/gpu-er-eu-static-model-er-gnp-3y-1p-0.05p.aux

real	0m4.661s
user	0m4.969s
sys	0m0.728s
Running growth rate = .0100 = 1% with 16 thread
./output/3y/0.05/gpu-er-yutb-static-model-er-gnp-3y-1p-0.05p.edgelist
./output/3y/0.05/gpu-er-yutb-static-model-er-gnp-3y-1p-0.05p.aux

real	0m25.302s
user	0m25.736s
sys	0m2.523s
Running growth rate = .0100 = 1% with 16 thread
./output/3y/0.05/gpu-er-twt-static-model-er-gnp-3y-1p-0.05p.edgelist
./output/3y/0.05/gpu-er-twt-static-model-er-gnp-3y-1p-0.05p.aux

real	0m5.165s
user	0m5.956s
sys	0m0.613s
Running growth rate = .0100 = 1% with 16 thread
./output/10y/0.05/gpu-er-amz-static-model-er-gnp-10y-1p-0.05p.edgelist
./output/10y/0.05/gpu-er-amz-static-model-er-gnp-10y-1p-0.05p.aux

real	0m14.073s
user	0m17.141s
sys	0m1.210s
Running growth rate = .0100 = 1% with 16 thread
./output/10y/0.05/gpu-er-eu-static-model-er-gnp-10y-1p-0.05p.edgelist
./output/10y/0.05/gpu-er-eu-static-model-er-gnp-10y-1p-0.05p.aux

real	0m9.083s
user	0m11.992s
sys	0m0.865s
Running growth rate = .0100 = 1% with 16 thread
./output/10y/0.05/gpu-er-yutb-static-model-er-gnp-10y-1p-0.05p.edgelist
./output/10y/0.05/gpu-er-yutb-static-model-er-gnp-10y-1p-0.05p.aux

real	1m7.077s
user	1m9.707s
sys	0m9.588s
Running growth rate = .0100 = 1% with 16 thread
./output/10y/0.05/gpu-er-twt-static-model-er-gnp-10y-1p-0.05p.edgelist
./output/10y/0.05/gpu-er-twt-static-model-er-gnp-10y-1p-0.05p.aux

real	0m6.842s
user	0m10.573s
sys	0m0.751s
Running growth rate = .0100 = 1% with 16 thread
./output/30y/0.05/gpu-er-amz-static-model-er-gnp-30y-1p-0.05p.edgelist
./output/30y/0.05/gpu-er-amz-static-model-er-gnp-30y-1p-0.05p.aux

real	0m40.637s
user	0m50.454s
sys	0m3.797s
Running growth rate = .0100 = 1% with 16 thread
./output/30y/0.05/gpu-er-eu-static-model-er-gnp-30y-1p-0.05p.edgelist
./output/30y/0.05/gpu-er-eu-static-model-er-gnp-30y-1p-0.05p.aux

real	0m24.202s
user	0m34.075s
sys	0m1.762s
Running growth rate = .0100 = 1% with 16 thread
./output/30y/0.05/gpu-er-yutb-static-model-er-gnp-30y-1p-0.05p.edgelist
./output/30y/0.05/gpu-er-yutb-static-model-er-gnp-30y-1p-0.05p.aux

real	3m20.404s
user	3m38.807s
sys	0m29.131s
Running growth rate = .0100 = 1% with 16 thread
./output/30y/0.05/gpu-er-twt-static-model-er-gnp-30y-1p-0.05p.edgelist
./output/30y/0.05/gpu-er-twt-static-model-er-gnp-30y-1p-0.05p.aux

real	0m10.783s
user	0m20.564s
sys	0m0.917s
Running growth rate = .0300 = 3% with 16 thread
./output/3y/0.05/gpu-er-amz-static-model-er-gnp-3y-3p-0.05p.edgelist
./output/3y/0.05/gpu-er-amz-static-model-er-gnp-3y-3p-0.05p.aux

real	0m9.695s
user	0m10.609s
sys	0m1.085s
Running growth rate = .0300 = 3% with 16 thread
./output/3y/0.05/gpu-er-eu-static-model-er-gnp-3y-3p-0.05p.edgelist
./output/3y/0.05/gpu-er-eu-static-model-er-gnp-3y-3p-0.05p.aux

real	0m6.384s
user	0m7.103s
sys	0m0.876s
Running growth rate = .0300 = 3% with 16 thread
./output/3y/0.05/gpu-er-yutb-static-model-er-gnp-3y-3p-0.05p.edgelist
./output/3y/0.05/gpu-er-yutb-static-model-er-gnp-3y-3p-0.05p.aux

real	0m40.914s
user	0m42.464s
sys	0m5.102s
Running growth rate = .0300 = 3% with 16 thread
./output/3y/0.05/gpu-er-twt-static-model-er-gnp-3y-3p-0.05p.edgelist
./output/3y/0.05/gpu-er-twt-static-model-er-gnp-3y-3p-0.05p.aux

real	0m5.755s
user	0m6.560s
sys	0m0.698s
Running growth rate = .0300 = 3% with 16 thread
./output/10y/0.05/gpu-er-amz-static-model-er-gnp-10y-3p-0.05p.edgelist
./output/10y/0.05/gpu-er-amz-static-model-er-gnp-10y-3p-0.05p.aux

real	0m24.398s
user	0m28.419s
sys	0m2.283s
Running growth rate = .0300 = 3% with 16 thread
./output/10y/0.05/gpu-er-eu-static-model-er-gnp-10y-3p-0.05p.edgelist
./output/10y/0.05/gpu-er-eu-static-model-er-gnp-10y-3p-0.05p.aux

real	0m16.083s
user	0m19.750s
sys	0m1.648s
Running growth rate = .0300 = 3% with 16 thread
./output/10y/0.05/gpu-er-yutb-static-model-er-gnp-10y-3p-0.05p.edgelist
./output/10y/0.05/gpu-er-yutb-static-model-er-gnp-10y-3p-0.05p.aux

real	2m15.574s
user	2m34.482s
sys	0m18.297s
Running growth rate = .0300 = 3% with 16 thread
./output/10y/0.05/gpu-er-twt-static-model-er-gnp-10y-3p-0.05p.edgelist
./output/10y/0.05/gpu-er-twt-static-model-er-gnp-10y-3p-0.05p.aux

real	0m8.411s
user	0m11.973s
sys	0m0.802s
Running growth rate = .0300 = 3% with 16 thread
./output/30y/0.05/gpu-er-amz-static-model-er-gnp-30y-3p-0.05p.edgelist
./output/30y/0.05/gpu-er-amz-static-model-er-gnp-30y-3p-0.05p.aux

real	1m45.584s
user	2m4.645s
sys	0m13.970s
Running growth rate = .0300 = 3% with 16 thread
./output/30y/0.05/gpu-er-eu-static-model-er-gnp-30y-3p-0.05p.edgelist
./output/30y/0.05/gpu-er-eu-static-model-er-gnp-30y-3p-0.05p.aux

real	1m10.029s
user	1m25.945s
sys	0m9.076s
Running growth rate = .0300 = 3% with 16 thread
./output/30y/0.05/gpu-er-yutb-static-model-er-gnp-30y-3p-0.05p.edgelist
./output/30y/0.05/gpu-er-yutb-static-model-er-gnp-30y-3p-0.05p.aux
./drivers/p0005gpu_er_static_vary_p_snap.sh: line 32: 260288 Killed                  ./abm_er --model er-gnp --er-probability ${ER_PROBABILITY} --edgelist ${INPUT_EDGELIST} --nodelist ${INPUT_NODELIST} --out-degree-bag ${OUTDEGREE_BAG} --recency-probabilities ${RECENCY_PROBABILITIES} --alpha 0.5 --preferential-weight 0.33 --recency-weight 0.33 --fitness-weight 0.33 --growth-rate ${GROWTH_RATE} --fully-random-citations ${FULLY_RANDOM_CITATIONS} --num-cycles ${NUM_CYCLES} --same-year-proportion ${SAME_YEAR_PROPORTION} --output-file ${OUTPUT_FILE} --auxiliary-information-file ${OUTPUT_AUX} --log-file ${OUTPUT_LOG} --num-processors ${NUM_THREADS} --log-level ${LOG_LEVEL} 2> ${ERRORS}/abm-${GROWTH_PERCENT}p.err > ${OUT_FILE}

real	9m24.898s
user	9m13.805s
sys	1m33.377s
Running growth rate = .0300 = 3% with 16 thread
./output/30y/0.05/gpu-er-twt-static-model-er-gnp-30y-3p-0.05p.edgelist
./output/30y/0.05/gpu-er-twt-static-model-er-gnp-30y-3p-0.05p.aux

real	0m20.029s
user	0m29.546s
sys	0m1.699s
Running growth rate = .0600 = 6% with 16 thread
./output/3y/0.05/gpu-er-amz-static-model-er-gnp-3y-6p-0.05p.edgelist
./output/3y/0.05/gpu-er-amz-static-model-er-gnp-3y-6p-0.05p.aux

real	0m13.850s
user	0m14.810s
sys	0m1.824s
Running growth rate = .0600 = 6% with 16 thread
./output/3y/0.05/gpu-er-eu-static-model-er-gnp-3y-6p-0.05p.edgelist
./output/3y/0.05/gpu-er-eu-static-model-er-gnp-3y-6p-0.05p.aux

real	0m8.856s
user	0m9.832s
sys	0m1.064s
Running growth rate = .0600 = 6% with 16 thread
./output/3y/0.05/gpu-er-yutb-static-model-er-gnp-3y-6p-0.05p.edgelist
./output/3y/0.05/gpu-er-yutb-static-model-er-gnp-3y-6p-0.05p.aux

real	1m13.056s
user	1m19.442s
sys	0m11.064s
Running growth rate = .0600 = 6% with 16 thread
./output/3y/0.05/gpu-er-twt-static-model-er-gnp-3y-6p-0.05p.edgelist
./output/3y/0.05/gpu-er-twt-static-model-er-gnp-3y-6p-0.05p.aux

real	0m6.492s
user	0m7.392s
sys	0m0.738s
Running growth rate = .0600 = 6% with 16 thread
./output/10y/0.05/gpu-er-amz-static-model-er-gnp-10y-6p-0.05p.edgelist
./output/10y/0.05/gpu-er-amz-static-model-er-gnp-10y-6p-0.05p.aux

real	0m48.638s
user	0m58.417s
sys	0m5.895s
Running growth rate = .0600 = 6% with 16 thread
./output/10y/0.05/gpu-er-eu-static-model-er-gnp-10y-6p-0.05p.edgelist
./output/10y/0.05/gpu-er-eu-static-model-er-gnp-10y-6p-0.05p.aux

real	0m30.829s
user	0m37.451s
sys	0m3.373s
Running growth rate = .0600 = 6% with 16 thread
./output/10y/0.05/gpu-er-yutb-static-model-er-gnp-10y-6p-0.05p.edgelist
./output/10y/0.05/gpu-er-yutb-static-model-er-gnp-10y-6p-0.05p.aux

real	5m26.616s
user	6m15.862s
sys	1m1.758s
Running growth rate = .0600 = 6% with 16 thread
./output/10y/0.05/gpu-er-twt-static-model-er-gnp-10y-6p-0.05p.edgelist
./output/10y/0.05/gpu-er-twt-static-model-er-gnp-10y-6p-0.05p.aux

real	0m10.922s
user	0m14.041s
sys	0m0.958s
Running growth rate = .0600 = 6% with 16 thread
./output/30y/0.05/gpu-er-amz-static-model-er-gnp-30y-6p-0.05p.edgelist
./output/30y/0.05/gpu-er-amz-static-model-er-gnp-30y-6p-0.05p.aux
[2026-07-06T19:34:32.006] error: *** JOB 13171843 ON h013 CANCELLED AT 2026-07-06T19:34:32 DUE TO TIME LIMIT ***
[2026-07-06T19:34:32.009] error: Detected 3 oom_kill events in StepId=13171843.batch. Some of the step tasks have been OOM Killed.
