Running growth rate = .0100 = 1% with 16 thread
./output/3y/0.01/gpu-er--static-model-er-gnp-3y-1p-0.01p.edgelist
./output/3y/0.01/gpu-er--static-model-er-gnp-3y-1p-0.01p.aux

real	0m9.891s
user	0m9.994s
sys	0m1.102s
Running growth rate = .0100 = 1% with 16 thread
./output/10y/0.01/gpu-er--static-model-er-gnp-10y-1p-0.01p.edgelist
./output/10y/0.01/gpu-er--static-model-er-gnp-10y-1p-0.01p.aux

real	0m18.271s
user	0m21.075s
sys	0m1.140s
Running growth rate = .0100 = 1% with 16 thread
./output/30y/0.01/gpu-er--static-model-er-gnp-30y-1p-0.01p.edgelist
./output/30y/0.01/gpu-er--static-model-er-gnp-30y-1p-0.01p.aux

real	0m46.344s
user	0m55.344s
sys	0m3.873s
Running growth rate = .0300 = 3% with 16 thread
./output/3y/0.01/gpu-er--static-model-er-gnp-3y-3p-0.01p.edgelist
./output/3y/0.01/gpu-er--static-model-er-gnp-3y-3p-0.01p.aux

real	0m11.865s
user	0m12.748s
sys	0m1.059s
Running growth rate = .0300 = 3% with 16 thread
./output/10y/0.01/gpu-er--static-model-er-gnp-10y-3p-0.01p.edgelist
./output/10y/0.01/gpu-er--static-model-er-gnp-10y-3p-0.01p.aux

real	0m28.482s
user	0m31.533s
sys	0m2.102s
Running growth rate = .0300 = 3% with 16 thread
./output/30y/0.01/gpu-er--static-model-er-gnp-30y-3p-0.01p.edgelist
./output/30y/0.01/gpu-er--static-model-er-gnp-30y-3p-0.01p.aux

real	1m45.312s
user	2m1.038s
sys	0m8.155s
Running growth rate = .0600 = 6% with 16 thread
./output/3y/0.01/gpu-er--static-model-er-gnp-3y-6p-0.01p.edgelist
./output/3y/0.01/gpu-er--static-model-er-gnp-3y-6p-0.01p.aux

real	0m15.610s
user	0m16.873s
sys	0m1.279s
Running growth rate = .0600 = 6% with 16 thread
./output/10y/0.01/gpu-er--static-model-er-gnp-10y-6p-0.01p.edgelist
./output/10y/0.01/gpu-er--static-model-er-gnp-10y-6p-0.01p.aux

real	0m48.617s
user	0m52.403s
sys	0m4.095s
Running growth rate = .0600 = 6% with 16 thread
./output/30y/0.01/gpu-er--static-model-er-gnp-30y-6p-0.01p.edgelist
./output/30y/0.01/gpu-er--static-model-er-gnp-30y-6p-0.01p.aux

real	5m37.152s
user	6m32.326s
sys	0m39.279s
Running growth rate = .0100 = 1% with 16 thread
./output/3y/0.03/gpu-er--static-model-er-gnp-3y-1p-0.03p.edgelist
./output/3y/0.03/gpu-er--static-model-er-gnp-3y-1p-0.03p.aux

real	0m9.845s
user	0m10.707s
sys	0m0.962s
Running growth rate = .0100 = 1% with 16 thread
./output/10y/0.03/gpu-er--static-model-er-gnp-10y-1p-0.03p.edgelist
./output/10y/0.03/gpu-er--static-model-er-gnp-10y-1p-0.03p.aux

real	0m20.087s
user	0m23.652s
sys	0m1.561s
Running growth rate = .0100 = 1% with 16 thread
./output/30y/0.03/gpu-er--static-model-er-gnp-30y-1p-0.03p.edgelist
./output/30y/0.03/gpu-er--static-model-er-gnp-30y-1p-0.03p.aux

real	0m56.280s
user	1m6.491s
sys	0m5.265s
Running growth rate = .0300 = 3% with 16 thread
./output/3y/0.03/gpu-er--static-model-er-gnp-3y-3p-0.03p.edgelist
./output/3y/0.03/gpu-er--static-model-er-gnp-3y-3p-0.03p.aux

real	0m13.310s
user	0m14.173s
sys	0m1.353s
Running growth rate = .0300 = 3% with 16 thread
./output/10y/0.03/gpu-er--static-model-er-gnp-10y-3p-0.03p.edgelist
./output/10y/0.03/gpu-er--static-model-er-gnp-10y-3p-0.03p.aux

real	0m35.286s
user	0m40.327s
sys	0m3.398s
Running growth rate = .0300 = 3% with 16 thread
./output/30y/0.03/gpu-er--static-model-er-gnp-30y-3p-0.03p.edgelist
./output/30y/0.03/gpu-er--static-model-er-gnp-30y-3p-0.03p.aux

real	2m26.438s
user	2m48.713s
sys	0m18.504s
Running growth rate = .0600 = 6% with 16 thread
./output/3y/0.03/gpu-er--static-model-er-gnp-3y-6p-0.03p.edgelist
./output/3y/0.03/gpu-er--static-model-er-gnp-3y-6p-0.03p.aux

real	0m18.929s
user	0m20.396s
sys	0m1.951s
Running growth rate = .0600 = 6% with 16 thread
./output/10y/0.03/gpu-er--static-model-er-gnp-10y-6p-0.03p.edgelist
./output/10y/0.03/gpu-er--static-model-er-gnp-10y-6p-0.03p.aux

real	1m4.424s
user	1m12.086s
sys	0m7.331s
Running growth rate = .0600 = 6% with 16 thread
./output/30y/0.03/gpu-er--static-model-er-gnp-30y-6p-0.03p.edgelist
./output/30y/0.03/gpu-er--static-model-er-gnp-30y-6p-0.03p.aux

real	10m41.328s
user	12m10.101s
sys	2m11.887s
Running growth rate = .0100 = 1% with 16 thread
./output/3y/0.05/gpu-er--static-model-er-gnp-3y-1p-0.05p.edgelist
./output/3y/0.05/gpu-er--static-model-er-gnp-3y-1p-0.05p.aux

real	0m10.973s
user	0m11.662s
sys	0m1.092s
Running growth rate = .0100 = 1% with 16 thread
./output/10y/0.05/gpu-er--static-model-er-gnp-10y-1p-0.05p.edgelist
./output/10y/0.05/gpu-er--static-model-er-gnp-10y-1p-0.05p.aux

real	0m22.565s
user	0m25.602s
sys	0m2.201s
Running growth rate = .0100 = 1% with 16 thread
./output/30y/0.05/gpu-er--static-model-er-gnp-30y-1p-0.05p.edgelist
./output/30y/0.05/gpu-er--static-model-er-gnp-30y-1p-0.05p.aux

real	1m3.178s
user	1m15.286s
sys	0m5.649s
Running growth rate = .0300 = 3% with 16 thread
./output/3y/0.05/gpu-er--static-model-er-gnp-3y-3p-0.05p.edgelist
./output/3y/0.05/gpu-er--static-model-er-gnp-3y-3p-0.05p.aux

real	0m14.563s
user	0m15.659s
sys	0m1.647s
Running growth rate = .0300 = 3% with 16 thread
./output/10y/0.05/gpu-er--static-model-er-gnp-10y-3p-0.05p.edgelist
./output/10y/0.05/gpu-er--static-model-er-gnp-10y-3p-0.05p.aux

real	0m42.899s
user	0m46.546s
sys	0m5.646s
Running growth rate = .0300 = 3% with 16 thread
./output/30y/0.05/gpu-er--static-model-er-gnp-30y-3p-0.05p.edgelist
./output/30y/0.05/gpu-er--static-model-er-gnp-30y-3p-0.05p.aux

real	3m16.802s
user	3m42.566s
sys	0m36.560s
Running growth rate = .0600 = 6% with 16 thread
./output/3y/0.05/gpu-er--static-model-er-gnp-3y-6p-0.05p.edgelist
./output/3y/0.05/gpu-er--static-model-er-gnp-3y-6p-0.05p.aux

real	0m21.513s
user	0m23.168s
sys	0m2.609s
Running growth rate = .0600 = 6% with 16 thread
./output/10y/0.05/gpu-er--static-model-er-gnp-10y-6p-0.05p.edgelist
./output/10y/0.05/gpu-er--static-model-er-gnp-10y-6p-0.05p.aux

real	1m26.939s
user	1m36.996s
sys	0m15.781s
Running growth rate = .0600 = 6% with 16 thread
./output/30y/0.05/gpu-er--static-model-er-gnp-30y-6p-0.05p.edgelist
./output/30y/0.05/gpu-er--static-model-er-gnp-30y-6p-0.05p.aux
./drivers/p0005gpu_er_static_vary_p.sh: line 32: 142250 Killed                  ./abm_er --model er-gnp --er-probability ${ER_PROBABILITY} --edgelist ${INPUT_EDGELIST} --nodelist ${INPUT_NODELIST} --out-degree-bag ${OUTDEGREE_BAG} --recency-probabilities ${RECENCY_PROBABILITIES} --alpha 0.5 --preferential-weight 0.33 --recency-weight 0.33 --fitness-weight 0.33 --growth-rate ${GROWTH_RATE} --fully-random-citations ${FULLY_RANDOM_CITATIONS} --num-cycles ${NUM_CYCLES} --same-year-proportion ${SAME_YEAR_PROPORTION} --output-file ${OUTPUT_FILE} --auxiliary-information-file ${OUTPUT_AUX} --log-file ${OUTPUT_LOG} --num-processors ${NUM_THREADS} --log-level ${LOG_LEVEL} 2> ${ERRORS}/abm-${GROWTH_PERCENT}p.err > ${OUT_FILE}

real	9m3.126s
user	8m52.283s
sys	1m35.274s
Running growth rate = .0100 = 1% with 16 thread
./output/3y/0.10/gpu-er--static-model-er-gnp-3y-1p-0.10p.edgelist
./output/3y/0.10/gpu-er--static-model-er-gnp-3y-1p-0.10p.aux

real	0m11.503s
user	0m12.184s
sys	0m1.305s
Running growth rate = .0100 = 1% with 16 thread
./output/10y/0.10/gpu-er--static-model-er-gnp-10y-1p-0.10p.edgelist
./output/10y/0.10/gpu-er--static-model-er-gnp-10y-1p-0.10p.aux

real	0m26.528s
user	0m30.220s
sys	0m3.074s
Running growth rate = .0100 = 1% with 16 thread
./output/30y/0.10/gpu-er--static-model-er-gnp-30y-1p-0.10p.edgelist
./output/30y/0.10/gpu-er--static-model-er-gnp-30y-1p-0.10p.aux

real	1m22.251s
user	1m35.419s
sys	0m11.359s
Running growth rate = .0300 = 3% with 16 thread
./output/3y/0.10/gpu-er--static-model-er-gnp-3y-3p-0.10p.edgelist
./output/3y/0.10/gpu-er--static-model-er-gnp-3y-3p-0.10p.aux

real	0m18.110s
user	0m19.275s
sys	0m2.546s
Running growth rate = .0300 = 3% with 16 thread
./output/10y/0.10/gpu-er--static-model-er-gnp-10y-3p-0.10p.edgelist
./output/10y/0.10/gpu-er--static-model-er-gnp-10y-3p-0.10p.aux

real	0m54.500s
user	1m4.185s
sys	0m7.265s
Running growth rate = .0300 = 3% with 16 thread
./output/30y/0.10/gpu-er--static-model-er-gnp-30y-3p-0.10p.edgelist
./output/30y/0.10/gpu-er--static-model-er-gnp-30y-3p-0.10p.aux

real	4m50.528s
user	5m41.990s
sys	0m56.384s
Running growth rate = .0600 = 6% with 16 thread
./output/3y/0.10/gpu-er--static-model-er-gnp-3y-6p-0.10p.edgelist
./output/3y/0.10/gpu-er--static-model-er-gnp-3y-6p-0.10p.aux

real	0m28.550s
user	0m31.403s
sys	0m3.937s
Running growth rate = .0600 = 6% with 16 thread
./output/10y/0.10/gpu-er--static-model-er-gnp-10y-6p-0.10p.edgelist
./output/10y/0.10/gpu-er--static-model-er-gnp-10y-6p-0.10p.aux

real	2m1.463s
user	2m26.000s
sys	0m19.972s
Running growth rate = .0600 = 6% with 16 thread
./output/30y/0.10/gpu-er--static-model-er-gnp-30y-6p-0.10p.edgelist
./output/30y/0.10/gpu-er--static-model-er-gnp-30y-6p-0.10p.aux
./drivers/p001gpu_er_static_vary_p.sh: line 32: 181239 Killed                  ./abm_er --model er-gnp --er-probability ${ER_PROBABILITY} --edgelist ${INPUT_EDGELIST} --nodelist ${INPUT_NODELIST} --out-degree-bag ${OUTDEGREE_BAG} --recency-probabilities ${RECENCY_PROBABILITIES} --alpha 0.5 --preferential-weight 0.33 --recency-weight 0.33 --fitness-weight 0.33 --growth-rate ${GROWTH_RATE} --fully-random-citations ${FULLY_RANDOM_CITATIONS} --num-cycles ${NUM_CYCLES} --same-year-proportion ${SAME_YEAR_PROPORTION} --output-file ${OUTPUT_FILE} --auxiliary-information-file ${OUTPUT_AUX} --log-file ${OUTPUT_LOG} --num-processors ${NUM_THREADS} --log-level ${LOG_LEVEL} 2> ${ERRORS}/abm-${GROWTH_PERCENT}p.err > ${OUT_FILE}

real	7m36.050s
user	7m34.622s
sys	1m23.977s
[2026-07-06T18:37:09.345] error: Detected 2 oom_kill events in StepId=13171842.batch. Some of the step tasks have been OOM Killed.
