Running growth rate 1% with 16 thread
./output/cpu-parallel-profile-static-output-10y-1p.edgelist
./output/cpu-parallel-profile-static-output-10y-1p.aux

real	1m8.664s
user	8m58.262s
sys	0m2.766s
Running growth rate 3% with 16 thread
./output/cpu-parallel-profile-static-output-10y-3p.edgelist
./output/cpu-parallel-profile-static-output-10y-3p.aux

real	3m29.242s
user	38m36.523s
sys	0m4.803s
Running growth rate 5% with 16 thread
./output/cpu-parallel-profile-static-output-10y-5p.edgelist
./output/cpu-parallel-profile-static-output-10y-5p.aux

real	8m58.599s
user	110m35.092s
sys	0m12.142s
Running growth rate 6% with 16 thread
./output/cpu-parallel-profile-static-output-10y-6p.edgelist
./output/cpu-parallel-profile-static-output-10y-6p.aux

real	13m45.475s
user	173m30.406s
sys	0m35.417s
