Running growth rate = .0100 = 1% with 16 thread
./output/3y/0.10/gpu-er-static-model-er-gnp-3y-1p-0.10p.edgelist
./output/3y/0.10/gpu-er-static-model-er-gnp-3y-1p-0.10p.aux

real	0m8.087s
user	0m7.720s
sys	0m1.209s
Running growth rate = .0100 = 1% with 16 thread
./output/3y/0.10/gpu-er-static-model-er-gnp-3y-1p-0.10p.edgelist
./output/3y/0.10/gpu-er-static-model-er-gnp-3y-1p-0.10p.aux

real	0m5.171s
user	0m4.944s
sys	0m1.009s
Running growth rate = .0100 = 1% with 16 thread
./output/3y/0.10/gpu-er-static-model-er-gnp-3y-1p-0.10p.edgelist
./output/3y/0.10/gpu-er-static-model-er-gnp-3y-1p-0.10p.aux

real	0m31.349s
user	0m30.380s
sys	0m4.196s
Running growth rate = .0100 = 1% with 16 thread
./output/3y/0.10/gpu-er-static-model-er-gnp-3y-1p-0.10p.edgelist
./output/3y/0.10/gpu-er-static-model-er-gnp-3y-1p-0.10p.aux

real	0m5.729s
user	0m5.252s
sys	0m1.018s
Running growth rate = .0100 = 1% with 16 thread
./output/10y/0.10/gpu-er-static-model-er-gnp-10y-1p-0.10p.edgelist
./output/10y/0.10/gpu-er-static-model-er-gnp-10y-1p-0.10p.aux

real	0m16.556s
user	0m17.234s
sys	0m1.774s
Running growth rate = .0100 = 1% with 16 thread
./output/10y/0.10/gpu-er-static-model-er-gnp-10y-1p-0.10p.edgelist
./output/10y/0.10/gpu-er-static-model-er-gnp-10y-1p-0.10p.aux

real	0m10.372s
user	0m10.789s
sys	0m1.421s
Running growth rate = .0100 = 1% with 16 thread
./output/10y/0.10/gpu-er-static-model-er-gnp-10y-1p-0.10p.edgelist
./output/10y/0.10/gpu-er-static-model-er-gnp-10y-1p-0.10p.aux

real	1m19.871s
user	1m21.271s
sys	0m10.536s
Running growth rate = .0100 = 1% with 16 thread
./output/10y/0.10/gpu-er-static-model-er-gnp-10y-1p-0.10p.edgelist
./output/10y/0.10/gpu-er-static-model-er-gnp-10y-1p-0.10p.aux

real	0m6.978s
user	0m7.077s
sys	0m1.276s
Running growth rate = .0300 = 3% with 16 thread
./output/3y/0.10/gpu-er-static-model-er-gnp-3y-3p-0.10p.edgelist
./output/3y/0.10/gpu-er-static-model-er-gnp-3y-3p-0.10p.aux

real	0m11.382s
user	0m11.172s
sys	0m1.657s
Running growth rate = .0300 = 3% with 16 thread
./output/3y/0.10/gpu-er-static-model-er-gnp-3y-3p-0.10p.edgelist
./output/3y/0.10/gpu-er-static-model-er-gnp-3y-3p-0.10p.aux

real	0m7.588s
user	0m7.578s
sys	0m1.285s
Running growth rate = .0300 = 3% with 16 thread
./output/3y/0.10/gpu-er-static-model-er-gnp-3y-3p-0.10p.edgelist
./output/3y/0.10/gpu-er-static-model-er-gnp-3y-3p-0.10p.aux

real	1m3.560s
user	1m7.043s
sys	0m9.435s
Running growth rate = .0300 = 3% with 16 thread
./output/3y/0.10/gpu-er-static-model-er-gnp-3y-3p-0.10p.edgelist
./output/3y/0.10/gpu-er-static-model-er-gnp-3y-3p-0.10p.aux

real	0m6.207s
user	0m5.778s
sys	0m1.195s
Running growth rate = .0300 = 3% with 16 thread
./output/10y/0.10/gpu-er-static-model-er-gnp-10y-3p-0.10p.edgelist
./output/10y/0.10/gpu-er-static-model-er-gnp-10y-3p-0.10p.aux

real	0m31.326s
user	0m33.311s
sys	0m4.027s
Running growth rate = .0300 = 3% with 16 thread
./output/10y/0.10/gpu-er-static-model-er-gnp-10y-3p-0.10p.edgelist
./output/10y/0.10/gpu-er-static-model-er-gnp-10y-3p-0.10p.aux

real	0m20.245s
user	0m22.371s
sys	0m2.862s
Running growth rate = .0300 = 3% with 16 thread
./output/10y/0.10/gpu-er-static-model-er-gnp-10y-3p-0.10p.edgelist
./output/10y/0.10/gpu-er-static-model-er-gnp-10y-3p-0.10p.aux

real	3m44.500s
user	4m13.586s
sys	0m37.918s
Running growth rate = .0300 = 3% with 16 thread
./output/10y/0.10/gpu-er-static-model-er-gnp-10y-3p-0.10p.edgelist
./output/10y/0.10/gpu-er-static-model-er-gnp-10y-3p-0.10p.aux

real	0m9.717s
user	0m9.403s
sys	0m2.194s
Running growth rate = .0600 = 6% with 16 thread
./output/3y/0.10/gpu-er-static-model-er-gnp-3y-6p-0.10p.edgelist
./output/3y/0.10/gpu-er-static-model-er-gnp-3y-6p-0.10p.aux

real	0m17.147s
user	0m17.496s
sys	0m2.651s
Running growth rate = .0600 = 6% with 16 thread
./output/3y/0.10/gpu-er-static-model-er-gnp-3y-6p-0.10p.edgelist
./output/3y/0.10/gpu-er-static-model-er-gnp-3y-6p-0.10p.aux

real	0m11.048s
user	0m11.346s
sys	0m1.777s
Running growth rate = .0600 = 6% with 16 thread
./output/3y/0.10/gpu-er-static-model-er-gnp-3y-6p-0.10p.edgelist
./output/3y/0.10/gpu-er-static-model-er-gnp-3y-6p-0.10p.aux

real	1m51.458s
user	2m1.586s
sys	0m18.243s
Running growth rate = .0600 = 6% with 16 thread
./output/3y/0.10/gpu-er-static-model-er-gnp-3y-6p-0.10p.edgelist
./output/3y/0.10/gpu-er-static-model-er-gnp-3y-6p-0.10p.aux

real	0m7.168s
user	0m6.718s
sys	0m1.509s
Running growth rate = .0600 = 6% with 16 thread
./output/10y/0.10/gpu-er-static-model-er-gnp-10y-6p-0.10p.edgelist
./output/10y/0.10/gpu-er-static-model-er-gnp-10y-6p-0.10p.aux

real	1m3.965s
user	1m13.137s
sys	0m8.913s
Running growth rate = .0600 = 6% with 16 thread
./output/10y/0.10/gpu-er-static-model-er-gnp-10y-6p-0.10p.edgelist
./output/10y/0.10/gpu-er-static-model-er-gnp-10y-6p-0.10p.aux

real	0m41.843s
user	0m49.392s
sys	0m6.065s
Running growth rate = .0600 = 6% with 16 thread
./output/10y/0.10/gpu-er-static-model-er-gnp-10y-6p-0.10p.edgelist
./output/10y/0.10/gpu-er-static-model-er-gnp-10y-6p-0.10p.aux
./drivers/p001gpu_er_static_vary_p_snap.sh: line 32: 572278 Killed                  ./abm_er --model er-gnp --er-probability ${ER_PROBABILITY} --edgelist ${INPUT_EDGELIST} --nodelist ${INPUT_NODELIST} --out-degree-bag ${OUTDEGREE_BAG} --recency-probabilities ${RECENCY_PROBABILITIES} --alpha 0.5 --preferential-weight 0.33 --recency-weight 0.33 --fitness-weight 0.33 --growth-rate ${GROWTH_RATE} --fully-random-citations ${FULLY_RANDOM_CITATIONS} --num-cycles ${NUM_CYCLES} --same-year-proportion ${SAME_YEAR_PROPORTION} --output-file ${OUTPUT_FILE} --auxiliary-information-file ${OUTPUT_AUX} --log-file ${OUTPUT_LOG} --num-processors ${NUM_THREADS} --log-level ${LOG_LEVEL} 2> ${ERRORS}/abm-${GROWTH_PERCENT}p.err > ${OUT_FILE}

real	6m54.685s
user	6m48.123s
sys	1m14.894s
Running growth rate = .0600 = 6% with 16 thread
./output/10y/0.10/gpu-er-static-model-er-gnp-10y-6p-0.10p.edgelist
./output/10y/0.10/gpu-er-static-model-er-gnp-10y-6p-0.10p.aux

real	0m12.070s
user	0m13.397s
sys	0m1.459s
[2026-07-06T14:19:11.586] error: Detected 1 oom_kill event in StepId=13171055.batch. Some of the step tasks have been OOM Killed.
