Running growth rate = .0100 = 1% ER_PROBABILITY_LABEL = 0.03% with 16 thread
./output/3y/0.03/gpu-opt-static-model-er-gnp-3y-1p-0.03p.edgelist
./output/3y/0.03/gpu-opt-static-model-er-gnp-3y-1p-0.03p.aux

real	0m10.984s
user	0m10.089s
sys	0m1.284s
Running growth rate = .0300 = 3% ER_PROBABILITY_LABEL = 0.03% with 16 thread
./output/3y/0.03/gpu-opt-static-model-er-gnp-3y-3p-0.03p.edgelist
./output/3y/0.03/gpu-opt-static-model-er-gnp-3y-3p-0.03p.aux

real	0m13.728s
user	0m13.720s
sys	0m1.411s
Running growth rate = .0600 = 6% ER_PROBABILITY_LABEL = 0.03% with 16 thread
./output/3y/0.03/gpu-opt-static-model-er-gnp-3y-6p-0.03p.edgelist
./output/3y/0.03/gpu-opt-static-model-er-gnp-3y-6p-0.03p.aux

real	0m18.775s
user	0m19.375s
sys	0m1.963s
Running growth rate = .0100 = 1% with 16 thread
./output/10y/0.03/gpu-opt-static-model-er-gnp-10y-1p-0.03p.edgelist
./output/10y/0.03/gpu-opt-static-model-er-gnp-10y-1p-0.03p.aux

real	0m20.073s
user	0m21.087s
sys	0m1.531s
Running growth rate = .0300 = 3% with 16 thread
./output/10y/0.03/gpu-opt-static-model-er-gnp-10y-3p-0.03p.edgelist
./output/10y/0.03/gpu-opt-static-model-er-gnp-10y-3p-0.03p.aux

real	0m33.851s
user	0m35.840s
sys	0m3.091s
Running growth rate = .0600 = 6% with 16 thread
./output/10y/0.03/gpu-opt-static-model-er-gnp-10y-6p-0.03p.edgelist
./output/10y/0.03/gpu-opt-static-model-er-gnp-10y-6p-0.03p.aux

real	1m2.166s
user	1m8.843s
sys	0m6.238s
