The following modules were not unloaded:
  (Use "module --force purge" to unload all):

  1) xalt/3.1.4

Due to MODULEPATH changes, the following have been reloaded:
  1) xalt/3.1.4


Currently Loaded Modules:
  1) gcc/11.4.1                   5) cuda/12.6.1
  2) libiconv/1.17-2v5s4pp  (H)   6) openmpi/5.0.5
  3) zlib/1.2.11-bw5swtx    (H)   7) modtree/gpu
  4) libxml2/2.10.3-7g6anly (H)

  Where:
   H:  Hidden Module

 

=== ENV CHECK ===
nsys:  /apps/spack/gautschi-gpu/apps/cuda/12.6.1-gcc-11.4.1-jtjtgkd/bin/nsys  |  NVIDIA Nsight Systems version 2024.4.2.133-244234382004v0
ncu:   /apps/spack/gautschi-gpu/apps/cuda/12.6.1-gcc-11.4.1-jtjtgkd/bin/ncu   |  NVIDIA (R) Nsight Compute Command Line Profiler
nvcc:  Cuda compilation tools, release 12.6, V12.6.68
GPU:   NVIDIA H100 80GB HBM3
==================

=== Growth 3% / 10y ===
Profile: ./profile/ncu-pa-10y-3p.ncu-rep
CSV:     ./profile/ncu-pa-10y-3p.csv
ncu exit code: 0
SUCCESS .ncu-rep: 7.4M
SUCCESS .csv:     215 lines

=== ALL PROFILES ===
-rw-r--r-- 1 jmukher student 184M Jul  8 16:05 ./profile/ncu-pa-10y-1p.ncu-rep
-rw-r--r-- 1 jmukher student 7.4M Jul  8 17:02 ./profile/ncu-pa-10y-3p.ncu-rep
-rw-r--r-- 1 jmukher student 130M Jul  8 16:02 ./profile/ncu-pa-10y-5p.ncu-rep
-rw-r--r-- 1 jmukher student  59M Jul  8 16:56 ./profile/ncu-pa-10y-6p.ncu-rep
-rw-r--r-- 1 jmukher student 876 Jul  8 15:05 ./profile/ncu-pa-10y-1p.csv
-rw-r--r-- 1 jmukher student 13K Jul  8 17:02 ./profile/ncu-pa-10y-3p.csv
-rw-r--r-- 1 jmukher student 875 Jul  8 15:03 ./profile/ncu-pa-10y-5p.csv
-rw-r--r-- 1 jmukher student 877 Jul  8 16:39 ./profile/ncu-pa-10y-6p.csv
