Running growth rate = .0100 = 1% ER_PROBABILITY_LABEL = 0.05% with 16 thread
./output/30y/0.05/gpu-opt-static-model-er-gnp-30y-1p-0.05p.edgelist
./output/30y/0.05/gpu-opt-static-model-er-gnp-30y-1p-0.05p.aux

real	1m5.049s
user	1m16.546s
sys	0m7.247s
Running growth rate = .0300 = 3% ER_PROBABILITY_LABEL = 0.05% with 16 thread
./output/30y/0.05/gpu-opt-static-model-er-gnp-30y-3p-0.05p.edgelist
./output/30y/0.05/gpu-opt-static-model-er-gnp-30y-3p-0.05p.aux

real	3m7.867s
user	3m36.482s
sys	0m30.251s
Running growth rate = .0600 = 6% ER_PROBABILITY_LABEL = 0.05% with 16 thread
./output/30y/0.05/gpu-opt-static-model-er-gnp-30y-6p-0.05p.edgelist
./output/30y/0.05/gpu-opt-static-model-er-gnp-30y-6p-0.05p.aux
./drivers/p0005gpu_er_static_30y.sh: line 29: 3081874 Killed                  ./abm_er --model er-gnp --er-probability ${ER_PROBABILITY} --edgelist ${INPUT_EDGELIST} --nodelist ${INPUT_NODELIST} --out-degree-bag ${OUTDEGREE_BAG} --recency-probabilities ${RECENCY_PROBABILITIES} --alpha 0.5 --preferential-weight 0.33 --recency-weight 0.33 --fitness-weight 0.33 --growth-rate ${GROWTH_RATE} --fully-random-citations ${FULLY_RANDOM_CITATIONS} --num-cycles ${NUM_CYCLES} --same-year-proportion ${SAME_YEAR_PROPORTION} --output-file ${OUTPUT_FILE} --auxiliary-information-file ${OUTPUT_AUX} --log-file ${OUTPUT_LOG} --num-processors ${NUM_THREADS} --log-level ${LOG_LEVEL} 2> ${ERRORS}/abm-${GROWTH_PERCENT}p.err > ${OUT_FILE}

real	9m6.566s
user	8m59.603s
sys	1m28.384s
[2026-07-05T15:45:08.254] error: Detected 1 oom_kill event in StepId=13156043.batch. Some of the step tasks have been OOM Killed.
