Running growth rate = .0100 = 1% with 16 thread
./output/10y/1.0/gpu-opt-static-model-er-gnp-10y-1p-1.0p.edgelist
./output/10y/1.0/gpu-opt-static-model-er-gnp-10y-1p-1.0p.aux

real	1m46.190s
user	1m52.685s
sys	0m20.120s
Running growth rate = .0300 = 3% with 16 thread
./output/10y/1.0/gpu-opt-static-model-er-gnp-10y-3p-1.0p.edgelist
./output/10y/1.0/gpu-opt-static-model-er-gnp-10y-3p-1.0p.aux
./drivers/p01gpu_er_static_vary_p.sh: line 29: 3716289 Killed                  ./abm --model er-gnp --er-probability ${ER_PROBABILITY} --edgelist ${INPUT_EDGELIST} --nodelist ${INPUT_NODELIST} --out-degree-bag ${OUTDEGREE_BAG} --recency-probabilities ${RECENCY_PROBABILITIES} --alpha 0.5 --preferential-weight 0.33 --recency-weight 0.33 --fitness-weight 0.33 --growth-rate ${GROWTH_RATE} --fully-random-citations ${FULLY_RANDOM_CITATIONS} --num-cycles ${NUM_CYCLES} --same-year-proportion ${SAME_YEAR_PROPORTION} --output-file ${OUTPUT_FILE} --auxiliary-information-file ${OUTPUT_AUX} --log-file ${OUTPUT_LOG} --num-processors ${NUM_THREADS} --log-level ${LOG_LEVEL} 2> ${ERRORS}/abm-${GROWTH_PERCENT}p.err > ${OUT_FILE}

real	2m53.728s
user	2m56.075s
sys	0m36.937s
Running growth rate = .0600 = 6% with 16 thread
./output/10y/1.0/gpu-opt-static-model-er-gnp-10y-6p-1.0p.edgelist
./output/10y/1.0/gpu-opt-static-model-er-gnp-10y-6p-1.0p.aux
./drivers/p01gpu_er_static_vary_p.sh: line 29: 3717196 Killed                  ./abm --model er-gnp --er-probability ${ER_PROBABILITY} --edgelist ${INPUT_EDGELIST} --nodelist ${INPUT_NODELIST} --out-degree-bag ${OUTDEGREE_BAG} --recency-probabilities ${RECENCY_PROBABILITIES} --alpha 0.5 --preferential-weight 0.33 --recency-weight 0.33 --fitness-weight 0.33 --growth-rate ${GROWTH_RATE} --fully-random-citations ${FULLY_RANDOM_CITATIONS} --num-cycles ${NUM_CYCLES} --same-year-proportion ${SAME_YEAR_PROPORTION} --output-file ${OUTPUT_FILE} --auxiliary-information-file ${OUTPUT_AUX} --log-file ${OUTPUT_LOG} --num-processors ${NUM_THREADS} --log-level ${LOG_LEVEL} 2> ${ERRORS}/abm-${GROWTH_PERCENT}p.err > ${OUT_FILE}

real	2m44.147s
user	2m44.007s
sys	0m35.325s
[2026-03-24T20:03:33.698] error: Detected 2 oom_kill events in StepId=8532547.batch. Some of the step tasks have been OOM Killed.
