
The following have been reloaded with a version change:
  1) cuda/12.8 => cuda/12.6

Running growth rate = .0100 = 1% ER_PROBABILITY_LABEL = 0.01% with 16 thread
./output/10y/0.01/gpu-opt-static-model-er-gnp-10y-1p-0.01p.edgelist
./output/10y/0.01/gpu-opt-static-model-er-gnp-10y-1p-0.01p.aux

real	0m13.733s
user	0m14.119s
sys	0m0.748s
Running growth rate = .0300 = 3% ER_PROBABILITY_LABEL = 0.01% with 16 thread
./output/10y/0.01/gpu-opt-static-model-er-gnp-10y-3p-0.01p.edgelist
./output/10y/0.01/gpu-opt-static-model-er-gnp-10y-3p-0.01p.aux

real	0m22.866s
user	0m23.480s
sys	0m1.262s
Running growth rate = .0600 = 6% ER_PROBABILITY_LABEL = 0.01% with 16 thread
./output/10y/0.01/gpu-opt-static-model-er-gnp-10y-6p-0.01p.edgelist
./output/10y/0.01/gpu-opt-static-model-er-gnp-10y-6p-0.01p.aux

real	0m40.554s
user	0m42.166s
sys	0m2.388s
