
The following have been reloaded with a version change:
  1) cuda/12.8 => cuda/12.6

Running growth rate = .0100 = 1% ER_PROBABILITY_LABEL = 0.05% with 16 thread
./output/0.05/gpu-opt-static-model-er-gnp-3y-1p-0.05p.edgelist
./output/0.05/gpu-opt-static-model-er-gnp-3y-1p-0.05p.aux

real	0m8.587s
user	0m8.774s
sys	0m0.706s
Running growth rate = .0300 = 3% ER_PROBABILITY_LABEL = 0.05% with 16 thread
./output/0.05/gpu-opt-static-model-er-gnp-3y-3p-0.05p.edgelist
./output/0.05/gpu-opt-static-model-er-gnp-3y-3p-0.05p.aux

real	0m12.404s
user	0m12.603s
sys	0m1.168s
Running growth rate = .0600 = 6% ER_PROBABILITY_LABEL = 0.05% with 16 thread
./output/0.05/gpu-opt-static-model-er-gnp-3y-6p-0.05p.edgelist
./output/0.05/gpu-opt-static-model-er-gnp-3y-6p-0.05p.aux

real	0m19.281s
user	0m20.961s
sys	0m2.097s
