Lmod has detected the following error: The following module(s) are unknown:
"cuda/12.8"

Please check the spelling or version number. Also try "module spider ..."
It is also possible your cache file is out-of-date; it may help to try:
  $ module --ignore_cache load "cuda/12.8"

Also make sure that all modulefiles written in TCL start with the string
#%Module



Running growth rate = .0100 = 1% with 1 thread
./output/1.0/gpu-opt-static-model-er-gnp-3y-1p-1.0p.edgelist
./output/1.0/gpu-opt-static-model-er-gnp-3y-1p-1.0p.aux

real	5m50.109s
user	5m38.827s
sys	0m10.283s
Running growth rate = .0300 = 3% with 1 thread
./output/1.0/gpu-opt-static-model-er-gnp-3y-3p-1.0p.edgelist
./output/1.0/gpu-opt-static-model-er-gnp-3y-3p-1.0p.aux

real	24m24.673s
user	23m27.677s
sys	0m52.638s
Running growth rate = .0600 = 6% with 1 thread
./output/1.0/gpu-opt-static-model-er-gnp-3y-6p-1.0p.edgelist
./output/1.0/gpu-opt-static-model-er-gnp-3y-6p-1.0p.aux

real	55m22.768s
user	52m21.423s
sys	2m50.134s
