Running growth rate = .0100 = 1% with 16 thread
./output/10y/1.0/gpu-opt-static-model-er-gnp-10y-1p-1.0p.edgelist
./output/10y/1.0/gpu-opt-static-model-er-gnp-10y-1p-1.0p.aux

real	1m42.271s
user	1m58.637s
sys	0m19.638s
Running growth rate = .0300 = 3% with 16 thread
./output/10y/1.0/gpu-opt-static-model-er-gnp-10y-3p-1.0p.edgelist
./output/10y/1.0/gpu-opt-static-model-er-gnp-10y-3p-1.0p.aux

real	5m36.471s
user	6m58.007s
sys	1m24.455s
Running growth rate = .0600 = 6% with 16 thread
./output/10y/1.0/gpu-opt-static-model-er-gnp-10y-6p-1.0p.edgelist
./output/10y/1.0/gpu-opt-static-model-er-gnp-10y-6p-1.0p.aux
./drivers/p01gpu_er_static_vary_p.sh: line 29: 3756875 Killed                  ./abm --model er-gnp --er-probability ${ER_PROBABILITY} --edgelist ${INPUT_EDGELIST} --nodelist ${INPUT_NODELIST} --out-degree-bag ${OUTDEGREE_BAG} --recency-probabilities ${RECENCY_PROBABILITIES} --alpha 0.5 --preferential-weight 0.33 --recency-weight 0.33 --fitness-weight 0.33 --growth-rate ${GROWTH_RATE} --fully-random-citations ${FULLY_RANDOM_CITATIONS} --num-cycles ${NUM_CYCLES} --same-year-proportion ${SAME_YEAR_PROPORTION} --output-file ${OUTPUT_FILE} --auxiliary-information-file ${OUTPUT_AUX} --log-file ${OUTPUT_LOG} --num-processors ${NUM_THREADS} --log-level ${LOG_LEVEL} 2> ${ERRORS}/abm-${GROWTH_PERCENT}p.err > ${OUT_FILE}

real	11m8.766s
user	13m28.523s
sys	2m50.352s
[2026-03-24T21:10:43.328] error: Detected 1 oom_kill event in StepId=8532885.batch. Some of the step tasks have been OOM Killed.
