
The following have been reloaded with a version change:
  1) cuda/12.8 => cuda/12.6

Running growth rate = .0100 = 1% ER_PROBABILITY_LABEL = 0.05% with 16 thread
./output/10y/0.05/gpu-opt-static-model-er-gnp-10y-1p-0.05p.edgelist
./output/10y/0.05/gpu-opt-static-model-er-gnp-10y-1p-0.05p.aux

real	0m18.447s
user	0m18.532s
sys	0m1.540s
Running growth rate = .0300 = 3% ER_PROBABILITY_LABEL = 0.05% with 16 thread
./output/10y/0.05/gpu-opt-static-model-er-gnp-10y-3p-0.05p.edgelist
./output/10y/0.05/gpu-opt-static-model-er-gnp-10y-3p-0.05p.aux

real	0m34.919s
user	0m36.678s
sys	0m3.371s
Running growth rate = .0600 = 6% ER_PROBABILITY_LABEL = 0.05% with 16 thread
./output/10y/0.05/gpu-opt-static-model-er-gnp-10y-6p-0.05p.edgelist
./output/10y/0.05/gpu-opt-static-model-er-gnp-10y-6p-0.05p.aux

real	1m14.434s
user	1m24.837s
sys	0m10.110s
