
The following have been reloaded with a version change:
  1) cuda/12.8 => cuda/12.6

Running growth rate = .0100 = 1% with 1 thread
./output/0.05/gpu-opt-static-model-er-gnp-3y-1p-0.05p.edgelist
./output/0.05/gpu-opt-static-model-er-gnp-3y-1p-0.05p.aux

real	0m20.213s
user	0m18.538s
sys	0m0.874s
Running growth rate = .0300 = 3% with 1 thread
./output/0.05/gpu-opt-static-model-er-gnp-3y-3p-0.05p.edgelist
./output/0.05/gpu-opt-static-model-er-gnp-3y-3p-0.05p.aux

real	0m47.072s
user	0m45.400s
sys	0m1.521s
Running growth rate = .0600 = 6% with 1 thread
./output/0.05/gpu-opt-static-model-er-gnp-3y-6p-0.05p.edgelist
./output/0.05/gpu-opt-static-model-er-gnp-3y-6p-0.05p.aux

real	1m39.882s
user	1m36.932s
sys	0m2.642s
