
The following have been reloaded with a version change:
  1) cuda/12.8 => cuda/12.6

Running growth rate = .0100 = 1% with 1 thread
./output/0.1/gpu-opt-static-model-er-gnp-3y-1p-0.1p.edgelist
./output/0.1/gpu-opt-static-model-er-gnp-3y-1p-0.1p.aux

real	0m31.000s
user	0m29.484s
sys	0m1.426s
Running growth rate = .0300 = 3% with 1 thread
./output/0.1/gpu-opt-static-model-er-gnp-3y-3p-0.1p.edgelist
./output/0.1/gpu-opt-static-model-er-gnp-3y-3p-0.1p.aux

real	1m28.832s
user	1m26.062s
sys	0m2.510s
Running growth rate = .0600 = 6% with 1 thread
./output/0.1/gpu-opt-static-model-er-gnp-3y-6p-0.1p.edgelist
./output/0.1/gpu-opt-static-model-er-gnp-3y-6p-0.1p.aux

real	3m11.534s
user	3m6.423s
sys	0m4.682s
