Running growth rate = .0100 = 1% with 64 thread
./output/3.0/gpu-opt-static-model-er-gnp-3y-1p-3.0p.edgelist
./output/3.0/gpu-opt-static-model-er-gnp-3y-1p-3.0p.aux

real	1m20.535s
user	1m15.003s
sys	0m17.732s
Running growth rate = .0300 = 3% with 64 thread
./output/3.0/gpu-opt-static-model-er-gnp-3y-3p-3.0p.edgelist
./output/3.0/gpu-opt-static-model-er-gnp-3y-3p-3.0p.aux
./drivers/p03gpu_er_static_vary_p.sh: line 26: 2872707 Killed                  ./abm --model er-gnp --er-probability ${ER_PROBABILITY} --edgelist ${INPUT_EDGELIST} --nodelist ${INPUT_NODELIST} --out-degree-bag ${OUTDEGREE_BAG} --recency-probabilities ${RECENCY_PROBABILITIES} --alpha 0.5 --preferential-weight 0.33 --recency-weight 0.33 --fitness-weight 0.33 --growth-rate ${GROWTH_RATE} --fully-random-citations ${FULLY_RANDOM_CITATIONS} --num-cycles ${NUM_CYCLES} --same-year-proportion ${SAME_YEAR_PROPORTION} --output-file ${OUTPUT_FILE} --auxiliary-information-file ${OUTPUT_AUX} --log-file ${OUTPUT_LOG} --num-processors ${NUM_THREADS} --log-level ${LOG_LEVEL} 2> ${ERRORS}/abm-${GROWTH_PERCENT}p.err > ${OUT_FILE}

real	2m29.639s
user	2m32.493s
sys	0m32.964s
Running growth rate = .0600 = 6% with 64 thread
./output/3.0/gpu-opt-static-model-er-gnp-3y-6p-3.0p.edgelist
./output/3.0/gpu-opt-static-model-er-gnp-3y-6p-3.0p.aux
./drivers/p03gpu_er_static_vary_p.sh: line 26: 2873522 Killed                  ./abm --model er-gnp --er-probability ${ER_PROBABILITY} --edgelist ${INPUT_EDGELIST} --nodelist ${INPUT_NODELIST} --out-degree-bag ${OUTDEGREE_BAG} --recency-probabilities ${RECENCY_PROBABILITIES} --alpha 0.5 --preferential-weight 0.33 --recency-weight 0.33 --fitness-weight 0.33 --growth-rate ${GROWTH_RATE} --fully-random-citations ${FULLY_RANDOM_CITATIONS} --num-cycles ${NUM_CYCLES} --same-year-proportion ${SAME_YEAR_PROPORTION} --output-file ${OUTPUT_FILE} --auxiliary-information-file ${OUTPUT_AUX} --log-file ${OUTPUT_LOG} --num-processors ${NUM_THREADS} --log-level ${LOG_LEVEL} 2> ${ERRORS}/abm-${GROWTH_PERCENT}p.err > ${OUT_FILE}

real	2m59.453s
user	2m59.039s
sys	0m28.067s
[2026-03-24T02:44:22.773] error: Detected 2 oom_kill events in StepId=8528082.batch. Some of the step tasks have been OOM Killed.
