Lmod has detected the following error: The following module(s) are unknown:
"cuda/12.8"

Please check the spelling or version number. Also try "module spider ..."
It is also possible your cache file is out-of-date; it may help to try:
  $ module --ignore_cache load "cuda/12.8"

Also make sure that all modulefiles written in TCL start with the string
#%Module



Running growth rate = .0100 = 1% with 1 thread
./output/0.1/gpu-opt-static-model-er-gnp-3y-1p-0.1p.edgelist
./output/0.1/gpu-opt-static-model-er-gnp-3y-1p-0.1p.aux

real	0m30.258s
user	0m28.595s
sys	0m1.364s
Running growth rate = .0300 = 3% with 1 thread
./output/0.1/gpu-opt-static-model-er-gnp-3y-3p-0.1p.edgelist
./output/0.1/gpu-opt-static-model-er-gnp-3y-3p-0.1p.aux

real	1m16.241s
user	1m13.569s
sys	0m2.339s
Running growth rate = .0600 = 6% with 1 thread
./output/0.1/gpu-opt-static-model-er-gnp-3y-6p-0.1p.edgelist
./output/0.1/gpu-opt-static-model-er-gnp-3y-6p-0.1p.aux

real	2m43.778s
user	2m39.267s
sys	0m3.946s
