Lmod has detected the following error: The following module(s) are unknown:
"cuda/12.8"

Please check the spelling or version number. Also try "module spider ..."
It is also possible your cache file is out-of-date; it may help to try:
  $ module --ignore_cache load "cuda/12.8"

Also make sure that all modulefiles written in TCL start with the string
#%Module



Running growth rate = .0100 = 1% with 1 thread
./output/3.0/gpu-opt-static-model-er-gnp-3y-1p-3.0p.edgelist
./output/3.0/gpu-opt-static-model-er-gnp-3y-1p-3.0p.aux

real	20m32.306s
user	19m43.586s
sys	0m44.560s
Running growth rate = .0300 = 3% with 1 thread
./output/3.0/gpu-opt-static-model-er-gnp-3y-3p-3.0p.edgelist
./output/3.0/gpu-opt-static-model-er-gnp-3y-3p-3.0p.aux
./drivers/p03gpu_er_static_vary_p.sh: line 26: 79934 Killed                  ./abm --model er-gnp --er-probability ${ER_PROBABILITY} --edgelist ${INPUT_EDGELIST} --nodelist ${INPUT_NODELIST} --out-degree-bag ${OUTDEGREE_BAG} --recency-probabilities ${RECENCY_PROBABILITIES} --alpha 0.5 --preferential-weight 0.33 --recency-weight 0.33 --fitness-weight 0.33 --growth-rate ${GROWTH_RATE} --fully-random-citations ${FULLY_RANDOM_CITATIONS} --num-cycles ${NUM_CYCLES} --same-year-proportion ${SAME_YEAR_PROPORTION} --output-file ${OUTPUT_FILE} --auxiliary-information-file ${OUTPUT_AUX} --log-file ${OUTPUT_LOG} --num-processors ${NUM_THREADS} --log-level ${LOG_LEVEL} 2> ${ERRORS}/abm-${GROWTH_PERCENT}p.err > ${OUT_FILE}

real	65m4.218s
user	61m28.436s
sys	3m23.065s
Running growth rate = .0600 = 6% with 1 thread
./output/3.0/gpu-opt-static-model-er-gnp-3y-6p-3.0p.edgelist
./output/3.0/gpu-opt-static-model-er-gnp-3y-6p-3.0p.aux
./drivers/p03gpu_er_static_vary_p.sh: line 26: 169581 Killed                  ./abm --model er-gnp --er-probability ${ER_PROBABILITY} --edgelist ${INPUT_EDGELIST} --nodelist ${INPUT_NODELIST} --out-degree-bag ${OUTDEGREE_BAG} --recency-probabilities ${RECENCY_PROBABILITIES} --alpha 0.5 --preferential-weight 0.33 --recency-weight 0.33 --fitness-weight 0.33 --growth-rate ${GROWTH_RATE} --fully-random-citations ${FULLY_RANDOM_CITATIONS} --num-cycles ${NUM_CYCLES} --same-year-proportion ${SAME_YEAR_PROPORTION} --output-file ${OUTPUT_FILE} --auxiliary-information-file ${OUTPUT_AUX} --log-file ${OUTPUT_LOG} --num-processors ${NUM_THREADS} --log-level ${LOG_LEVEL} 2> ${ERRORS}/abm-${GROWTH_PERCENT}p.err > ${OUT_FILE}

real	53m35.126s
user	50m36.609s
sys	2m45.658s
[2026-03-23T19:55:13.598] error: Detected 2 oom_kill events in StepId=8526124.batch. Some of the step tasks have been OOM Killed.
