
The following have been reloaded with a version change:
  1) cuda/12.8 => cuda/12.6

Running growth rate = .0100 = 1% with 16 thread
./output/0.1/gpu-opt-static-model-er-gnp-3y-1p-0.1p.edgelist
./output/0.1/gpu-opt-static-model-er-gnp-3y-1p-0.1p.aux

real	0m9.613s
user	0m9.548s
sys	0m0.957s
Running growth rate = .0300 = 3% with 16 thread
./output/0.1/gpu-opt-static-model-er-gnp-3y-3p-0.1p.edgelist
./output/0.1/gpu-opt-static-model-er-gnp-3y-3p-0.1p.aux

real	0m15.861s
user	0m16.302s
sys	0m1.835s
Running growth rate = .0600 = 6% with 16 thread
./output/0.1/gpu-opt-static-model-er-gnp-3y-6p-0.1p.edgelist
./output/0.1/gpu-opt-static-model-er-gnp-3y-6p-0.1p.aux

real	0m26.781s
user	0m28.696s
sys	0m3.536s
