
The following have been reloaded with a version change:
  1) cuda/12.8 => cuda/12.6

Running growth rate = .0100 = 1% ER_PROBABILITY_LABEL = 0.03% with 16 thread
./output/0.03/gpu-opt-static-model-er-gnp-3y-1p-0.03p.edgelist
./output/0.03/gpu-opt-static-model-er-gnp-3y-1p-0.03p.aux

real	0m7.992s
user	0m8.403s
sys	0m0.640s
Running growth rate = .0300 = 3% ER_PROBABILITY_LABEL = 0.03% with 16 thread
./output/0.03/gpu-opt-static-model-er-gnp-3y-3p-0.03p.edgelist
./output/0.03/gpu-opt-static-model-er-gnp-3y-3p-0.03p.aux

real	0m11.346s
user	0m11.691s
sys	0m1.067s
Running growth rate = .0600 = 6% ER_PROBABILITY_LABEL = 0.03% with 16 thread
./output/0.03/gpu-opt-static-model-er-gnp-3y-6p-0.03p.edgelist
./output/0.03/gpu-opt-static-model-er-gnp-3y-6p-0.03p.aux

real	0m16.220s
user	0m17.009s
sys	0m1.503s
