Lmod has detected the following error: The following module(s) are unknown:
"cuda/12.8"

Please check the spelling or version number. Also try "module spider ..."
It is also possible your cache file is out-of-date; it may help to try:
  $ module --ignore_cache load "cuda/12.8"

Also make sure that all modulefiles written in TCL start with the string
#%Module



Running growth rate 9% for 30 years.
./output/gpu-opt-static-output-30y-9p.edgelist
./output/gpu-opt-static-output-30y-9p.aux

Start ABM....
parse_args....
edgelist....
num-cycles....
output-file....
log-file = ./output/gpu-opt-static-output-30y-9p.log....
num-processors = 1....
log-level = 0
Init ABM....
Exec ABM....
Start execute.Init Graph
Inside  Graph ParseNodelist.....
Populating the continuous_node mappings..
Elapsed time: ParseNodelist : 2409 millisecs = 2 seconds

Inside Graph ParseEdgelist.....
Elapsed time: ParseEdgelist : 3302 millisecs = 3 seconds

In updateNodeInDegreeOutDegree: Update Outdegree first:
In updateNodeInDegreeOutDegree: Update Indegree:
Total (initial):: In-Degree = 899050, Out-Degree = 899050
Elapsed time: 0-1 : 2 seconds
Elapsed time: 1-2 : 3 seconds
Elapsed time: 2-3 : 0 seconds

Initialized Graph. Let us update the indegree and out-degrees... 
Graph init done...
calling InitializeFitness...
final graph size is 6521558 from initial_graph_size of 491532.
 populated out degree array.
 Entering loop for year = 1983
Elapsed time: 70-71: total : 0.453 secs, iter cost : 0 seconds

Elapsed time: 71-72: total : 0.635 secs, iter cost : 0 seconds

Elapsed time: 72-73: total : 14 millisecs, iter cost : 14 mseconds

num_new_nodes = 44238, current_graph_size = 491532, growth rate = 0.090000 
Elapsed time: 73-74: total : 0 millisecs, iter cost : 0 mseconds

Elapsed time: 74-75: total : 147 millisecs, iter cost : 147 mseconds

all new nodes initialized with years and mapped. FillSameYearSourceNodes with new_nodes_vec.size() = 44238
checking same_year_source_nodes size.
Elapsed time: 75-76: total : 3 millisecs, iter cost : 3 mseconds

new_nodes_vec.size() b4 : 44238

updated  updateGraphAttributesGeneratorNode .... 
Elapsed time: 76-77: total : 129 millisecs, iter cost : 129 mseconds

continuous_node_mapping.size() b5 : 535770, reverse_continuous_node_mapping size = 535770

Inside optimized buildOneNodeConnections...
Initial Free: 80554.6 MB / 81079.4 MB

[prepareGraph] num_vertices = 491532

[prepareGraph] edges = 899050, offsets = 491533 (should be V+1 = 491533)

[prepareGraph] num_vertices = 491532

[prepareGraph] edges = 899050, offsets = 491533 (should be V+1 = 491533)

Year 1983: 44238 new nodes, 868005 new edges

updateNodeInDegreeOutDegree(year=1983): updated 44238 out-degrees, 374238 in-degrees

Elapsed time: 79-81 : total : 0.724 secs, this iter cost : 0 seconds

Elapsed time: 79-80 : total : 0.447 secs, this iter cost : 0 seconds

Elapsed time: 80-81 : total : 0.277 secs, this iter cost : 0 seconds

Elapsed time: 70-81 : total : 19.047 secs, this iter cost : 19 seconds

 Entering loop for year = 1984
Elapsed time: 70-71: total : 0.951 secs, iter cost : 0 seconds

Elapsed time: 71-72: total : 1.504 secs, iter cost : 0 seconds

Elapsed time: 72-73: total : 29 millisecs, iter cost : 15 mseconds

num_new_nodes = 48220, current_graph_size = 535770, growth rate = 0.090000 
Elapsed time: 73-74: total : 0 millisecs, iter cost : 0 mseconds

Elapsed time: 74-75: total : 343 millisecs, iter cost : 196 mseconds

all new nodes initialized with years and mapped. FillSameYearSourceNodes with new_nodes_vec.size() = 48220
checking same_year_source_nodes size.
Elapsed time: 75-76: total : 3 millisecs, iter cost : 0 mseconds

new_nodes_vec.size() b4 : 48220

updated  updateGraphAttributesGeneratorNode .... 
Elapsed time: 76-77: total : 267 millisecs, iter cost : 138 mseconds

continuous_node_mapping.size() b5 : 583990, reverse_continuous_node_mapping size = 583990

Inside optimized buildOneNodeConnections...
Initial Free: 80312.6 MB / 81079.4 MB

[prepareGraph] num_vertices = 535770

[prepareGraph] edges = 1767055, offsets = 535771 (should be V+1 = 535771)

[prepareGraph] num_vertices = 535770

[prepareGraph] edges = 1767055, offsets = 535771 (should be V+1 = 535771)

Year 1984: 48220 new nodes, 947128 new edges

updateNodeInDegreeOutDegree(year=1984): updated 48220 out-degrees, 398040 in-degrees

Elapsed time: 79-81 : total : 1.493 secs, this iter cost : 0 seconds

Elapsed time: 79-80 : total : 0.918 secs, this iter cost : 0 seconds

Elapsed time: 80-81 : total : 0.574 secs, this iter cost : 0 seconds

Elapsed time: 70-81 : total : 40.597 secs, this iter cost : 21 seconds

 Entering loop for year = 1985
Elapsed time: 70-71: total : 1.491 secs, iter cost : 0 seconds

Elapsed time: 71-72: total : 2.49 secs, iter cost : 0 seconds

Elapsed time: 72-73: total : 45 millisecs, iter cost : 16 mseconds

num_new_nodes = 52560, current_graph_size = 583990, growth rate = 0.090000 
Elapsed time: 73-74: total : 0 millisecs, iter cost : 0 mseconds

Elapsed time: 74-75: total : 568 millisecs, iter cost : 225 mseconds

all new nodes initialized with years and mapped. FillSameYearSourceNodes with new_nodes_vec.size() = 52560
checking same_year_source_nodes size.
Elapsed time: 75-76: total : 3 millisecs, iter cost : 0 mseconds

new_nodes_vec.size() b4 : 52560

updated  updateGraphAttributesGeneratorNode .... 
Elapsed time: 76-77: total : 418 millisecs, iter cost : 151 mseconds

continuous_node_mapping.size() b5 : 636550, reverse_continuous_node_mapping size = 636550

Inside optimized buildOneNodeConnections...
Initial Free: 80258.6 MB / 81079.4 MB

[prepareGraph] num_vertices = 583990

[prepareGraph] edges = 2714183, offsets = 583991 (should be V+1 = 583991)

[prepareGraph] num_vertices = 583990

[prepareGraph] edges = 2714183, offsets = 583991 (should be V+1 = 583991)

Year 1985: 52560 new nodes, 1032278 new edges

updateNodeInDegreeOutDegree(year=1985): updated 52560 out-degrees, 422627 in-degrees

Elapsed time: 79-81 : total : 2.325 secs, this iter cost : 0 seconds

Elapsed time: 79-80 : total : 1.427 secs, this iter cost : 0 seconds

Elapsed time: 80-81 : total : 0.896 secs, this iter cost : 0 seconds

Elapsed time: 70-81 : total : 66.737 secs, this iter cost : 26 seconds

 Entering loop for year = 1986
Elapsed time: 70-71: total : 2.093 secs, iter cost : 0 seconds

Elapsed time: 71-72: total : 3.557 secs, iter cost : 1 seconds

Elapsed time: 72-73: total : 62 millisecs, iter cost : 17 mseconds

num_new_nodes = 57290, current_graph_size = 636550, growth rate = 0.090000 
Elapsed time: 73-74: total : 0 millisecs, iter cost : 0 mseconds

Elapsed time: 74-75: total : 810 millisecs, iter cost : 242 mseconds

all new nodes initialized with years and mapped. FillSameYearSourceNodes with new_nodes_vec.size() = 57290
checking same_year_source_nodes size.
Elapsed time: 75-76: total : 3 millisecs, iter cost : 0 mseconds

new_nodes_vec.size() b4 : 57290

updated  updateGraphAttributesGeneratorNode .... 
Elapsed time: 76-77: total : 583 millisecs, iter cost : 165 mseconds

continuous_node_mapping.size() b5 : 693840, reverse_continuous_node_mapping size = 693840

Inside optimized buildOneNodeConnections...
Initial Free: 80200.6 MB / 81079.4 MB

[prepareGraph] num_vertices = 636550

[prepareGraph] edges = 3746461, offsets = 636551 (should be V+1 = 636551)

[prepareGraph] num_vertices = 636550

[prepareGraph] edges = 3746461, offsets = 636551 (should be V+1 = 636551)

Year 1986: 57290 new nodes, 1123683 new edges

updateNodeInDegreeOutDegree(year=1986): updated 57290 out-degrees, 447252 in-degrees

Elapsed time: 79-81 : total : 3.236 secs, this iter cost : 0 seconds

Elapsed time: 79-80 : total : 1.981 secs, this iter cost : 0 seconds

Elapsed time: 80-81 : total : 1.252 secs, this iter cost : 0 seconds

Elapsed time: 70-81 : total : 95.734 secs, this iter cost : 28 seconds

 Entering loop for year = 1987
Elapsed time: 70-71: total : 2.734 secs, iter cost : 0 seconds

Elapsed time: 71-72: total : 4.51 secs, iter cost : 0 seconds

Elapsed time: 72-73: total : 81 millisecs, iter cost : 19 mseconds

num_new_nodes = 62446, current_graph_size = 693840, growth rate = 0.090000 
Elapsed time: 73-74: total : 0 millisecs, iter cost : 0 mseconds

Elapsed time: 74-75: total : 1084 millisecs, iter cost : 274 mseconds

all new nodes initialized with years and mapped. FillSameYearSourceNodes with new_nodes_vec.size() = 62446
checking same_year_source_nodes size.
Elapsed time: 75-76: total : 3 millisecs, iter cost : 0 mseconds

new_nodes_vec.size() b4 : 62446

updated  updateGraphAttributesGeneratorNode .... 
Elapsed time: 76-77: total : 761 millisecs, iter cost : 178 mseconds

continuous_node_mapping.size() b5 : 756286, reverse_continuous_node_mapping size = 756286

Inside optimized buildOneNodeConnections...
Initial Free: 80134.6 MB / 81079.4 MB

[prepareGraph] num_vertices = 693840

[prepareGraph] edges = 4870144, offsets = 693841 (should be V+1 = 693841)

[prepareGraph] num_vertices = 693840

[prepareGraph] edges = 4870144, offsets = 693841 (should be V+1 = 693841)

Year 1987: 62446 new nodes, 1225871 new edges

updateNodeInDegreeOutDegree(year=1987): updated 62446 out-degrees, 475404 in-degrees

Elapsed time: 79-81 : total : 4.204 secs, this iter cost : 0 seconds

Elapsed time: 79-80 : total : 2.565 secs, this iter cost : 0 seconds

Elapsed time: 80-81 : total : 1.635 secs, this iter cost : 0 seconds

Elapsed time: 70-81 : total : 128.067 secs, this iter cost : 32 seconds

 Entering loop for year = 1988
Elapsed time: 70-71: total : 3.423 secs, iter cost : 0 seconds

Elapsed time: 71-72: total : 5.573 secs, iter cost : 1 seconds

Elapsed time: 72-73: total : 102 millisecs, iter cost : 21 mseconds

num_new_nodes = 68066, current_graph_size = 756286, growth rate = 0.090000 
Elapsed time: 73-74: total : 0 millisecs, iter cost : 0 mseconds

Elapsed time: 74-75: total : 1393 millisecs, iter cost : 309 mseconds

all new nodes initialized with years and mapped. FillSameYearSourceNodes with new_nodes_vec.size() = 68066
checking same_year_source_nodes size.
Elapsed time: 75-76: total : 3 millisecs, iter cost : 0 mseconds

new_nodes_vec.size() b4 : 68066

updated  updateGraphAttributesGeneratorNode .... 
Elapsed time: 76-77: total : 956 millisecs, iter cost : 195 mseconds

continuous_node_mapping.size() b5 : 824352, reverse_continuous_node_mapping size = 824352

Inside optimized buildOneNodeConnections...
Initial Free: 80062.6 MB / 81079.4 MB

[prepareGraph] num_vertices = 756286

[prepareGraph] edges = 6096015, offsets = 756287 (should be V+1 = 756287)

[prepareGraph] num_vertices = 756286

[prepareGraph] edges = 6096015, offsets = 756287 (should be V+1 = 756287)

Year 1988: 68066 new nodes, 1337477 new edges

updateNodeInDegreeOutDegree(year=1988): updated 68066 out-degrees, 504755 in-degrees

Elapsed time: 79-81 : total : 5.245 secs, this iter cost : 1 seconds

Elapsed time: 79-80 : total : 3.184 secs, this iter cost : 0 seconds

Elapsed time: 80-81 : total : 2.056 secs, this iter cost : 0 seconds

Elapsed time: 70-81 : total : 163.62 secs, this iter cost : 35 seconds

 Entering loop for year = 1989
Elapsed time: 70-71: total : 4.177 secs, iter cost : 0 seconds

Elapsed time: 71-72: total : 6.699 secs, iter cost : 1 seconds

Elapsed time: 72-73: total : 125 millisecs, iter cost : 23 mseconds

num_new_nodes = 74192, current_graph_size = 824352, growth rate = 0.090000 
Elapsed time: 73-74: total : 0 millisecs, iter cost : 0 mseconds

Elapsed time: 74-75: total : 1719 millisecs, iter cost : 326 mseconds

all new nodes initialized with years and mapped. FillSameYearSourceNodes with new_nodes_vec.size() = 74192
checking same_year_source_nodes size.
Elapsed time: 75-76: total : 4 millisecs, iter cost : 1 mseconds

new_nodes_vec.size() b4 : 74192

updated  updateGraphAttributesGeneratorNode .... 
Elapsed time: 76-77: total : 1170 millisecs, iter cost : 214 mseconds

continuous_node_mapping.size() b5 : 898544, reverse_continuous_node_mapping size = 898544

Inside optimized buildOneNodeConnections...
Initial Free: 79978.6 MB / 81079.4 MB

[prepareGraph] num_vertices = 824352

[prepareGraph] edges = 7433492, offsets = 824353 (should be V+1 = 824353)

[prepareGraph] num_vertices = 824352

[prepareGraph] edges = 7433492, offsets = 824353 (should be V+1 = 824353)

Year 1989: 74192 new nodes, 1459579 new edges

updateNodeInDegreeOutDegree(year=1989): updated 74192 out-degrees, 539917 in-degrees

Elapsed time: 79-81 : total : 6.332 secs, this iter cost : 1 seconds

Elapsed time: 79-80 : total : 3.815 secs, this iter cost : 0 seconds

Elapsed time: 80-81 : total : 2.512 secs, this iter cost : 0 seconds

Elapsed time: 70-81 : total : 203.621 secs, this iter cost : 40 seconds

 Entering loop for year = 1990
Elapsed time: 70-71: total : 4.999 secs, iter cost : 0 seconds

Elapsed time: 71-72: total : 7.916 secs, iter cost : 1 seconds

Elapsed time: 72-73: total : 149 millisecs, iter cost : 24 mseconds

num_new_nodes = 80869, current_graph_size = 898544, growth rate = 0.090000 
Elapsed time: 73-74: total : 0 millisecs, iter cost : 0 mseconds

Elapsed time: 74-75: total : 2075 millisecs, iter cost : 356 mseconds

all new nodes initialized with years and mapped. FillSameYearSourceNodes with new_nodes_vec.size() = 80869
checking same_year_source_nodes size.
Elapsed time: 75-76: total : 5 millisecs, iter cost : 1 mseconds

new_nodes_vec.size() b4 : 80869

updated  updateGraphAttributesGeneratorNode .... 
Elapsed time: 76-77: total : 1403 millisecs, iter cost : 233 mseconds

continuous_node_mapping.size() b5 : 979413, reverse_continuous_node_mapping size = 979413

Inside optimized buildOneNodeConnections...
Initial Free: 79886.6 MB / 81079.4 MB

[prepareGraph] num_vertices = 898544

[prepareGraph] edges = 8893071, offsets = 898545 (should be V+1 = 898545)

[prepareGraph] num_vertices = 898544

[prepareGraph] edges = 8893071, offsets = 898545 (should be V+1 = 898545)

Year 1990: 80869 new nodes, 1591483 new edges

updateNodeInDegreeOutDegree(year=1990): updated 80869 out-degrees, 580566 in-degrees

Elapsed time: 79-81 : total : 7.554 secs, this iter cost : 1 seconds

Elapsed time: 79-80 : total : 4.539 secs, this iter cost : 0 seconds

Elapsed time: 80-81 : total : 3.009 secs, this iter cost : 0 seconds

Elapsed time: 70-81 : total : 251.602 secs, this iter cost : 47 seconds

 Entering loop for year = 1991
Elapsed time: 70-71: total : 5.89 secs, iter cost : 0 seconds

Elapsed time: 71-72: total : 9.246 secs, iter cost : 1 seconds

Elapsed time: 72-73: total : 176 millisecs, iter cost : 27 mseconds

num_new_nodes = 88148, current_graph_size = 979413, growth rate = 0.090000 
Elapsed time: 73-74: total : 0 millisecs, iter cost : 0 mseconds

Elapsed time: 74-75: total : 2479 millisecs, iter cost : 404 mseconds

all new nodes initialized with years and mapped. FillSameYearSourceNodes with new_nodes_vec.size() = 88148
checking same_year_source_nodes size.
Elapsed time: 75-76: total : 6 millisecs, iter cost : 1 mseconds

new_nodes_vec.size() b4 : 88148

updated  updateGraphAttributesGeneratorNode .... 
Elapsed time: 76-77: total : 1660 millisecs, iter cost : 257 mseconds

continuous_node_mapping.size() b5 : 1067561, reverse_continuous_node_mapping size = 1067561

Inside optimized buildOneNodeConnections...
Initial Free: 77536.6 MB / 81079.4 MB

[prepareGraph] num_vertices = 979413

[prepareGraph] edges = 10484554, offsets = 979414 (should be V+1 = 979414)

[prepareGraph] num_vertices = 979413

[prepareGraph] edges = 10484554, offsets = 979414 (should be V+1 = 979414)

Year 1991: 88148 new nodes, 1732359 new edges

updateNodeInDegreeOutDegree(year=1991): updated 88148 out-degrees, 624047 in-degrees

Elapsed time: 79-81 : total : 8.85 secs, this iter cost : 1 seconds

Elapsed time: 79-80 : total : 5.284 secs, this iter cost : 0 seconds

Elapsed time: 80-81 : total : 3.56 secs, this iter cost : 0 seconds

Elapsed time: 70-81 : total : 305.175 secs, this iter cost : 53 seconds

 Entering loop for year = 1992
Elapsed time: 70-71: total : 6.871 secs, iter cost : 0 seconds

Elapsed time: 71-72: total : 10.768 secs, iter cost : 1 seconds

Elapsed time: 72-73: total : 206 millisecs, iter cost : 30 mseconds

num_new_nodes = 96081, current_graph_size = 1067561, growth rate = 0.090000 
Elapsed time: 73-74: total : 0 millisecs, iter cost : 0 mseconds

Elapsed time: 74-75: total : 2908 millisecs, iter cost : 429 mseconds

all new nodes initialized with years and mapped. FillSameYearSourceNodes with new_nodes_vec.size() = 96081
checking same_year_source_nodes size.
Elapsed time: 75-76: total : 7 millisecs, iter cost : 1 mseconds

new_nodes_vec.size() b4 : 96081

updated  updateGraphAttributesGeneratorNode .... 
Elapsed time: 76-77: total : 1938 millisecs, iter cost : 278 mseconds

continuous_node_mapping.size() b5 : 1163642, reverse_continuous_node_mapping size = 1163642

Inside optimized buildOneNodeConnections...
Initial Free: 77440.6 MB / 81079.4 MB

[prepareGraph] num_vertices = 1067561

[prepareGraph] edges = 12216913, offsets = 1067562 (should be V+1 = 1067562)

[prepareGraph] num_vertices = 1067561

[prepareGraph] edges = 12216913, offsets = 1067562 (should be V+1 = 1067562)

Year 1992: 96081 new nodes, 1889730 new edges

updateNodeInDegreeOutDegree(year=1992): updated 96081 out-degrees, 676692 in-degrees

Elapsed time: 79-81 : total : 10.278 secs, this iter cost : 1 seconds

Elapsed time: 79-80 : total : 6.121 secs, this iter cost : 0 seconds

Elapsed time: 80-81 : total : 4.151 secs, this iter cost : 0 seconds

Elapsed time: 70-81 : total : 365.609 secs, this iter cost : 60 seconds

 Entering loop for year = 1993
Elapsed time: 70-71: total : 7.934 secs, iter cost : 1 seconds

Elapsed time: 71-72: total : 12.349 secs, iter cost : 1 seconds

Elapsed time: 72-73: total : 238 millisecs, iter cost : 32 mseconds

num_new_nodes = 104728, current_graph_size = 1163642, growth rate = 0.090000 
Elapsed time: 73-74: total : 0 millisecs, iter cost : 0 mseconds

Elapsed time: 74-75: total : 3372 millisecs, iter cost : 464 mseconds

all new nodes initialized with years and mapped. FillSameYearSourceNodes with new_nodes_vec.size() = 104728
checking same_year_source_nodes size.
Elapsed time: 75-76: total : 8 millisecs, iter cost : 1 mseconds

new_nodes_vec.size() b4 : 104728

updated  updateGraphAttributesGeneratorNode .... 
Elapsed time: 76-77: total : 2242 millisecs, iter cost : 304 mseconds

continuous_node_mapping.size() b5 : 1268370, reverse_continuous_node_mapping size = 1268370

Inside optimized buildOneNodeConnections...
Initial Free: 75294.6 MB / 81079.4 MB

[prepareGraph] num_vertices = 1163642

[prepareGraph] edges = 14106643, offsets = 1163643 (should be V+1 = 1163643)

[prepareGraph] num_vertices = 1163642

[prepareGraph] edges = 14106643, offsets = 1163643 (should be V+1 = 1163643)

Year 1993: 104728 new nodes, 2057373 new edges

updateNodeInDegreeOutDegree(year=1993): updated 104728 out-degrees, 731442 in-degrees

Elapsed time: 79-81 : total : 11.866 secs, this iter cost : 1 seconds

Elapsed time: 79-80 : total : 7.059 secs, this iter cost : 0 seconds

Elapsed time: 80-81 : total : 4.8 secs, this iter cost : 0 seconds

Elapsed time: 70-81 : total : 445.122 secs, this iter cost : 79 seconds

 Entering loop for year = 1994
Elapsed time: 70-71: total : 9.142 secs, iter cost : 1 seconds

Elapsed time: 71-72: total : 14.074 secs, iter cost : 1 seconds

Elapsed time: 72-73: total : 274 millisecs, iter cost : 36 mseconds

num_new_nodes = 114154, current_graph_size = 1268370, growth rate = 0.090000 
Elapsed time: 73-74: total : 0 millisecs, iter cost : 0 mseconds

Elapsed time: 74-75: total : 3879 millisecs, iter cost : 507 mseconds

all new nodes initialized with years and mapped. FillSameYearSourceNodes with new_nodes_vec.size() = 114154
checking same_year_source_nodes size.
Elapsed time: 75-76: total : 9 millisecs, iter cost : 1 mseconds

new_nodes_vec.size() b4 : 114154

updated  updateGraphAttributesGeneratorNode .... 
Elapsed time: 76-77: total : 2572 millisecs, iter cost : 330 mseconds

continuous_node_mapping.size() b5 : 1382524, reverse_continuous_node_mapping size = 1382524

Inside optimized buildOneNodeConnections...
Initial Free: 71914.6 MB / 81079.4 MB

[prepareGraph] num_vertices = 1268370

[prepareGraph] edges = 16164016, offsets = 1268371 (should be V+1 = 1268371)

[prepareGraph] num_vertices = 1268370

[prepareGraph] edges = 16164016, offsets = 1268371 (should be V+1 = 1268371)

Year 1994: 114154 new nodes, 2240615 new edges

updateNodeInDegreeOutDegree(year=1994): updated 114154 out-degrees, 794731 in-degrees

Elapsed time: 79-81 : total : 13.59 secs, this iter cost : 1 seconds

Elapsed time: 79-80 : total : 8.081 secs, this iter cost : 1 seconds

Elapsed time: 80-81 : total : 5.502 secs, this iter cost : 0 seconds

Elapsed time: 70-81 : total : 525.785 secs, this iter cost : 80 seconds

 Entering loop for year = 1995
Elapsed time: 70-71: total : 10.434 secs, iter cost : 1 seconds

Elapsed time: 71-72: total : 15.97 secs, iter cost : 1 seconds

Elapsed time: 72-73: total : 313 millisecs, iter cost : 39 mseconds

num_new_nodes = 124428, current_graph_size = 1382524, growth rate = 0.090000 
Elapsed time: 73-74: total : 0 millisecs, iter cost : 0 mseconds

Elapsed time: 74-75: total : 4431 millisecs, iter cost : 552 mseconds

all new nodes initialized with years and mapped. FillSameYearSourceNodes with new_nodes_vec.size() = 124428
checking same_year_source_nodes size.
Elapsed time: 75-76: total : 11 millisecs, iter cost : 2 mseconds

new_nodes_vec.size() b4 : 124428

updated  updateGraphAttributesGeneratorNode .... 
Elapsed time: 76-77: total : 2932 millisecs, iter cost : 360 mseconds

continuous_node_mapping.size() b5 : 1506952, reverse_continuous_node_mapping size = 1506952

Inside optimized buildOneNodeConnections...
Initial Free: 71892.6 MB / 81079.4 MB

[prepareGraph] num_vertices = 1382524

[prepareGraph] edges = 18404631, offsets = 1382525 (should be V+1 = 1382525)

[prepareGraph] num_vertices = 1382524

[prepareGraph] edges = 18404631, offsets = 1382525 (should be V+1 = 1382525)

Year 1995: 124428 new nodes, 2445084 new edges

updateNodeInDegreeOutDegree(year=1995): updated 124428 out-degrees, 863260 in-degrees

Elapsed time: 79-81 : total : 15.475 secs, this iter cost : 1 seconds

Elapsed time: 79-80 : total : 9.197 secs, this iter cost : 1 seconds

Elapsed time: 80-81 : total : 6.27 secs, this iter cost : 0 seconds

Elapsed time: 70-81 : total : 613.702 secs, this iter cost : 87 seconds

 Entering loop for year = 1996
Elapsed time: 70-71: total : 11.85 secs, iter cost : 1 seconds

Elapsed time: 71-72: total : 18.037 secs, iter cost : 2 seconds

Elapsed time: 72-73: total : 356 millisecs, iter cost : 43 mseconds

num_new_nodes = 135626, current_graph_size = 1506952, growth rate = 0.090000 
Elapsed time: 73-74: total : 0 millisecs, iter cost : 0 mseconds

Elapsed time: 74-75: total : 5044 millisecs, iter cost : 613 mseconds

all new nodes initialized with years and mapped. FillSameYearSourceNodes with new_nodes_vec.size() = 135626
checking same_year_source_nodes size.
Elapsed time: 75-76: total : 13 millisecs, iter cost : 2 mseconds

new_nodes_vec.size() b4 : 135626

updated  updateGraphAttributesGeneratorNode .... 
Elapsed time: 76-77: total : 3325 millisecs, iter cost : 393 mseconds

continuous_node_mapping.size() b5 : 1642578, reverse_continuous_node_mapping size = 1642578

Inside optimized buildOneNodeConnections...
Initial Free: 71864.6 MB / 81079.4 MB

[prepareGraph] num_vertices = 1506952

[prepareGraph] edges = 20849715, offsets = 1506953 (should be V+1 = 1506953)

[prepareGraph] num_vertices = 1506952

[prepareGraph] edges = 20849715, offsets = 1506953 (should be V+1 = 1506953)

Year 1996: 135626 new nodes, 2665227 new edges

updateNodeInDegreeOutDegree(year=1996): updated 135626 out-degrees, 944721 in-degrees

Elapsed time: 79-81 : total : 17.553 secs, this iter cost : 2 seconds

Elapsed time: 79-80 : total : 10.435 secs, this iter cost : 1 seconds

Elapsed time: 80-81 : total : 7.109 secs, this iter cost : 0 seconds

Elapsed time: 70-81 : total : 725.89 secs, this iter cost : 112 seconds

 Entering loop for year = 1997
Elapsed time: 70-71: total : 13.39 secs, iter cost : 1 seconds

Elapsed time: 71-72: total : 20.31 secs, iter cost : 2 seconds

Elapsed time: 72-73: total : 403 millisecs, iter cost : 47 mseconds

num_new_nodes = 147833, current_graph_size = 1642578, growth rate = 0.090000 
Elapsed time: 73-74: total : 0 millisecs, iter cost : 0 mseconds

Elapsed time: 74-75: total : 5734 millisecs, iter cost : 690 mseconds

all new nodes initialized with years and mapped. FillSameYearSourceNodes with new_nodes_vec.size() = 147833
checking same_year_source_nodes size.
Elapsed time: 75-76: total : 15 millisecs, iter cost : 2 mseconds

new_nodes_vec.size() b4 : 147833

updated  updateGraphAttributesGeneratorNode .... 
Elapsed time: 76-77: total : 3755 millisecs, iter cost : 430 mseconds

continuous_node_mapping.size() b5 : 1790411, reverse_continuous_node_mapping size = 1790411

Inside optimized buildOneNodeConnections...
Initial Free: 71824.6 MB / 81079.4 MB

[prepareGraph] num_vertices = 1642578

[prepareGraph] edges = 23514942, offsets = 1642579 (should be V+1 = 1642579)

[prepareGraph] num_vertices = 1642578

[prepareGraph] edges = 23514942, offsets = 1642579 (should be V+1 = 1642579)

Year 1997: 147833 new nodes, 2906525 new edges

updateNodeInDegreeOutDegree(year=1997): updated 147833 out-degrees, 1032877 in-degrees

Elapsed time: 79-81 : total : 19.854 secs, this iter cost : 2 seconds

Elapsed time: 79-80 : total : 11.808 secs, this iter cost : 1 seconds

Elapsed time: 80-81 : total : 8.036 secs, this iter cost : 0 seconds

Elapsed time: 70-81 : total : 857.221 secs, this iter cost : 131 seconds

 Entering loop for year = 1998
Elapsed time: 70-71: total : 15.072 secs, iter cost : 1 seconds

Elapsed time: 71-72: total : 22.788 secs, iter cost : 2 seconds

Elapsed time: 72-73: total : 454 millisecs, iter cost : 51 mseconds

num_new_nodes = 161137, current_graph_size = 1790411, growth rate = 0.090000 
Elapsed time: 73-74: total : 0 millisecs, iter cost : 0 mseconds

Elapsed time: 74-75: total : 6486 millisecs, iter cost : 752 mseconds

all new nodes initialized with years and mapped. FillSameYearSourceNodes with new_nodes_vec.size() = 161137
checking same_year_source_nodes size.
Elapsed time: 75-76: total : 18 millisecs, iter cost : 3 mseconds

new_nodes_vec.size() b4 : 161137

updated  updateGraphAttributesGeneratorNode .... 
Elapsed time: 76-77: total : 4222 millisecs, iter cost : 467 mseconds

continuous_node_mapping.size() b5 : 1951548, reverse_continuous_node_mapping size = 1951548

Inside optimized buildOneNodeConnections...
Initial Free: 69608.6 MB / 81079.4 MB

[prepareGraph] num_vertices = 1790411

[prepareGraph] edges = 26421467, offsets = 1790412 (should be V+1 = 1790412)

[prepareGraph] num_vertices = 1790411

[prepareGraph] edges = 26421467, offsets = 1790412 (should be V+1 = 1790412)

Year 1998: 161137 new nodes, 3164312 new edges

updateNodeInDegreeOutDegree(year=1998): updated 161137 out-degrees, 1126994 in-degrees

Elapsed time: 79-81 : total : 22.316 secs, this iter cost : 2 seconds

Elapsed time: 79-80 : total : 13.277 secs, this iter cost : 1 seconds

Elapsed time: 80-81 : total : 9.029 secs, this iter cost : 0 seconds

Elapsed time: 70-81 : total : 998.579 secs, this iter cost : 141 seconds

 Entering loop for year = 1999
Elapsed time: 70-71: total : 16.914 secs, iter cost : 1 seconds

Elapsed time: 71-72: total : 25.494 secs, iter cost : 2 seconds

Elapsed time: 72-73: total : 510 millisecs, iter cost : 56 mseconds

num_new_nodes = 175640, current_graph_size = 1951548, growth rate = 0.090000 
Elapsed time: 73-74: total : 0 millisecs, iter cost : 0 mseconds

Elapsed time: 74-75: total : 7310 millisecs, iter cost : 824 mseconds

all new nodes initialized with years and mapped. FillSameYearSourceNodes with new_nodes_vec.size() = 175640
checking same_year_source_nodes size.
Elapsed time: 75-76: total : 21 millisecs, iter cost : 3 mseconds

new_nodes_vec.size() b4 : 175640

updated  updateGraphAttributesGeneratorNode .... 
Elapsed time: 76-77: total : 4737 millisecs, iter cost : 515 mseconds

continuous_node_mapping.size() b5 : 2127188, reverse_continuous_node_mapping size = 2127188

Inside optimized buildOneNodeConnections...
Initial Free: 67488.6 MB / 81079.4 MB

[prepareGraph] num_vertices = 1951548

[prepareGraph] edges = 29585779, offsets = 1951549 (should be V+1 = 1951549)

[prepareGraph] num_vertices = 1951548

[prepareGraph] edges = 29585779, offsets = 1951549 (should be V+1 = 1951549)

Year 1999: 175640 new nodes, 3444261 new edges

updateNodeInDegreeOutDegree(year=1999): updated 175640 out-degrees, 1229340 in-degrees

Elapsed time: 79-81 : total : 25.082 secs, this iter cost : 2 seconds

Elapsed time: 79-80 : total : 14.945 secs, this iter cost : 1 seconds

Elapsed time: 80-81 : total : 10.127 secs, this iter cost : 1 seconds

Elapsed time: 70-81 : total : 1177.61 secs, this iter cost : 179 seconds

 Entering loop for year = 2000
Elapsed time: 70-71: total : 18.938 secs, iter cost : 2 seconds

Elapsed time: 71-72: total : 28.465 secs, iter cost : 2 seconds

Elapsed time: 72-73: total : 572 millisecs, iter cost : 62 mseconds

num_new_nodes = 191447, current_graph_size = 2127188, growth rate = 0.090000 
Elapsed time: 73-74: total : 0 millisecs, iter cost : 0 mseconds

Elapsed time: 74-75: total : 8225 millisecs, iter cost : 915 mseconds

all new nodes initialized with years and mapped. FillSameYearSourceNodes with new_nodes_vec.size() = 191447
checking same_year_source_nodes size.
Elapsed time: 75-76: total : 24 millisecs, iter cost : 3 mseconds

new_nodes_vec.size() b4 : 191447

updated  updateGraphAttributesGeneratorNode .... 
Elapsed time: 76-77: total : 5295 millisecs, iter cost : 558 mseconds

continuous_node_mapping.size() b5 : 2318635, reverse_continuous_node_mapping size = 2318635

Inside optimized buildOneNodeConnections...
Initial Free: 67434.6 MB / 81079.4 MB

[prepareGraph] num_vertices = 2127188

[prepareGraph] edges = 33030040, offsets = 2127189 (should be V+1 = 2127189)

[prepareGraph] num_vertices = 2127188

[prepareGraph] edges = 33030040, offsets = 2127189 (should be V+1 = 2127189)

Year 2000: 191447 new nodes, 3748556 new edges

updateNodeInDegreeOutDegree(year=2000): updated 191447 out-degrees, 1343712 in-degrees

Elapsed time: 79-81 : total : 28.114 secs, this iter cost : 3 seconds

Elapsed time: 79-80 : total : 16.785 secs, this iter cost : 1 seconds

Elapsed time: 80-81 : total : 11.318 secs, this iter cost : 1 seconds

Elapsed time: 70-81 : total : 1373.04 secs, this iter cost : 195 seconds

 Entering loop for year = 2001
Elapsed time: 70-71: total : 21.178 secs, iter cost : 2 seconds

Elapsed time: 71-72: total : 31.685 secs, iter cost : 3 seconds

Elapsed time: 72-73: total : 639 millisecs, iter cost : 67 mseconds

num_new_nodes = 208678, current_graph_size = 2318635, growth rate = 0.090000 
Elapsed time: 73-74: total : 0 millisecs, iter cost : 0 mseconds

Elapsed time: 74-75: total : 9229 millisecs, iter cost : 1004 mseconds

all new nodes initialized with years and mapped. FillSameYearSourceNodes with new_nodes_vec.size() = 208678
checking same_year_source_nodes size.
Elapsed time: 75-76: total : 28 millisecs, iter cost : 4 mseconds

new_nodes_vec.size() b4 : 208678

updated  updateGraphAttributesGeneratorNode .... 
Elapsed time: 76-77: total : 5902 millisecs, iter cost : 607 mseconds

continuous_node_mapping.size() b5 : 2527313, reverse_continuous_node_mapping size = 2527313

Inside optimized buildOneNodeConnections...
Initial Free: 67378.6 MB / 81079.4 MB

[prepareGraph] num_vertices = 2318635

[prepareGraph] edges = 36778596, offsets = 2318636 (should be V+1 = 2318636)

[prepareGraph] num_vertices = 2318635

[prepareGraph] edges = 36778596, offsets = 2318636 (should be V+1 = 2318636)

Year 2001: 208678 new nodes, 4086032 new edges

updateNodeInDegreeOutDegree(year=2001): updated 208678 out-degrees, 1468803 in-degrees

Elapsed time: 79-81 : total : 31.421 secs, this iter cost : 3 seconds

Elapsed time: 79-80 : total : 18.79 secs, this iter cost : 2 seconds

Elapsed time: 80-81 : total : 12.619 secs, this iter cost : 1 seconds

Elapsed time: 70-81 : total : 1607.94 secs, this iter cost : 234 seconds

 Entering loop for year = 2002
Elapsed time: 70-71: total : 23.622 secs, iter cost : 2 seconds

Elapsed time: 71-72: total : 35.253 secs, iter cost : 3 seconds

Elapsed time: 72-73: total : 712 millisecs, iter cost : 73 mseconds

num_new_nodes = 227459, current_graph_size = 2527313, growth rate = 0.090000 
Elapsed time: 73-74: total : 0 millisecs, iter cost : 0 mseconds

Elapsed time: 74-75: total : 10323 millisecs, iter cost : 1094 mseconds

all new nodes initialized with years and mapped. FillSameYearSourceNodes with new_nodes_vec.size() = 227459
checking same_year_source_nodes size.
Elapsed time: 75-76: total : 32 millisecs, iter cost : 4 mseconds

new_nodes_vec.size() b4 : 227459

updated  updateGraphAttributesGeneratorNode .... 
Elapsed time: 76-77: total : 6563 millisecs, iter cost : 661 mseconds

continuous_node_mapping.size() b5 : 2754772, reverse_continuous_node_mapping size = 2754772

Inside optimized buildOneNodeConnections...
Initial Free: 63932.6 MB / 81079.4 MB

[prepareGraph] num_vertices = 2527313

[prepareGraph] edges = 40864628, offsets = 2527314 (should be V+1 = 2527314)

[prepareGraph] num_vertices = 2527313

[prepareGraph] edges = 40864628, offsets = 2527314 (should be V+1 = 2527314)

Year 2002: 227459 new nodes, 4452561 new edges

updateNodeInDegreeOutDegree(year=2002): updated 227459 out-degrees, 1603524 in-degrees

Elapsed time: 79-81 : total : 34.997 secs, this iter cost : 3 seconds

Elapsed time: 79-80 : total : 20.954 secs, this iter cost : 2 seconds

Elapsed time: 80-81 : total : 14.03 secs, this iter cost : 1 seconds

Elapsed time: 70-81 : total : 1883.66 secs, this iter cost : 275 seconds

 Entering loop for year = 2003
Elapsed time: 70-71: total : 26.241 secs, iter cost : 2 seconds

Elapsed time: 71-72: total : 39.022 secs, iter cost : 3 seconds

Elapsed time: 72-73: total : 792 millisecs, iter cost : 80 mseconds

num_new_nodes = 247930, current_graph_size = 2754772, growth rate = 0.090000 
Elapsed time: 73-74: total : 0 millisecs, iter cost : 0 mseconds

Elapsed time: 74-75: total : 11505 millisecs, iter cost : 1182 mseconds

all new nodes initialized with years and mapped. FillSameYearSourceNodes with new_nodes_vec.size() = 247930
checking same_year_source_nodes size.
Elapsed time: 75-76: total : 36 millisecs, iter cost : 4 mseconds

new_nodes_vec.size() b4 : 247930

updated  updateGraphAttributesGeneratorNode .... 
Elapsed time: 76-77: total : 7285 millisecs, iter cost : 722 mseconds

continuous_node_mapping.size() b5 : 3002702, reverse_continuous_node_mapping size = 3002702

Inside optimized buildOneNodeConnections...
Initial Free: 63850.6 MB / 81079.4 MB

[prepareGraph] num_vertices = 2754772

[prepareGraph] edges = 45317189, offsets = 2754773 (should be V+1 = 2754773)

[prepareGraph] num_vertices = 2754772

[prepareGraph] edges = 45317189, offsets = 2754773 (should be V+1 = 2754773)

Year 2003: 247930 new nodes, 4853804 new edges

updateNodeInDegreeOutDegree(year=2003): updated 247930 out-degrees, 1753302 in-degrees

Elapsed time: 79-81 : total : 38.933 secs, this iter cost : 3 seconds

Elapsed time: 79-80 : total : 23.348 secs, this iter cost : 2 seconds

Elapsed time: 80-81 : total : 15.571 secs, this iter cost : 1 seconds

Elapsed time: 70-81 : total : 2212.73 secs, this iter cost : 329 seconds

 Entering loop for year = 2004
Elapsed time: 70-71: total : 29.2 secs, iter cost : 2 seconds

Elapsed time: 71-72: total : 43.215 secs, iter cost : 4 seconds

Elapsed time: 72-73: total : 879 millisecs, iter cost : 87 mseconds

num_new_nodes = 270244, current_graph_size = 3002702, growth rate = 0.090000 
Elapsed time: 73-74: total : 0 millisecs, iter cost : 0 mseconds

Elapsed time: 74-75: total : 12822 millisecs, iter cost : 1317 mseconds

all new nodes initialized with years and mapped. FillSameYearSourceNodes with new_nodes_vec.size() = 270244
checking same_year_source_nodes size.
Elapsed time: 75-76: total : 41 millisecs, iter cost : 5 mseconds

new_nodes_vec.size() b4 : 270244

updated  updateGraphAttributesGeneratorNode .... 
Elapsed time: 76-77: total : 8077 millisecs, iter cost : 792 mseconds

continuous_node_mapping.size() b5 : 3272946, reverse_continuous_node_mapping size = 3272946

Inside optimized buildOneNodeConnections...
Initial Free: 63494.6 MB / 81079.4 MB

[prepareGraph] num_vertices = 3002702

[prepareGraph] edges = 50170993, offsets = 3002703 (should be V+1 = 3002703)

[prepareGraph] num_vertices = 3002702

[prepareGraph] edges = 50170993, offsets = 3002703 (should be V+1 = 3002703)

Year 2004: 270244 new nodes, 5291312 new edges

updateNodeInDegreeOutDegree(year=2004): updated 270244 out-degrees, 1917114 in-degrees

Elapsed time: 79-81 : total : 43.311 secs, this iter cost : 4 seconds

Elapsed time: 79-80 : total : 26.024 secs, this iter cost : 2 seconds

Elapsed time: 80-81 : total : 17.273 secs, this iter cost : 1 seconds

Elapsed time: 70-81 : total : 2601.41 secs, this iter cost : 388 seconds

 Entering loop for year = 2005
Elapsed time: 70-71: total : 32.342 secs, iter cost : 3 seconds

Elapsed time: 71-72: total : 47.77 secs, iter cost : 4 seconds

Elapsed time: 72-73: total : 974 millisecs, iter cost : 95 mseconds

num_new_nodes = 294566, current_graph_size = 3272946, growth rate = 0.090000 
Elapsed time: 73-74: total : 0 millisecs, iter cost : 0 mseconds

Elapsed time: 74-75: total : 14354 millisecs, iter cost : 1532 mseconds

all new nodes initialized with years and mapped. FillSameYearSourceNodes with new_nodes_vec.size() = 294566
checking same_year_source_nodes size.
Elapsed time: 75-76: total : 46 millisecs, iter cost : 5 mseconds

new_nodes_vec.size() b4 : 294566

updated  updateGraphAttributesGeneratorNode .... 
Elapsed time: 76-77: total : 8938 millisecs, iter cost : 861 mseconds

continuous_node_mapping.size() b5 : 3567512, reverse_continuous_node_mapping size = 3567512

Inside optimized buildOneNodeConnections...
Initial Free: 63262.6 MB / 81079.4 MB

[prepareGraph] num_vertices = 3272946

[prepareGraph] edges = 55462305, offsets = 3272947 (should be V+1 = 3272947)

[prepareGraph] num_vertices = 3272946

[prepareGraph] edges = 55462305, offsets = 3272947 (should be V+1 = 3272947)

Year 2005: 294566 new nodes, 5769302 new edges

updateNodeInDegreeOutDegree(year=2005): updated 294566 out-degrees, 2094974 in-degrees

Elapsed time: 79-81 : total : 48.067 secs, this iter cost : 4 seconds

Elapsed time: 79-80 : total : 28.94 secs, this iter cost : 2 seconds

Elapsed time: 80-81 : total : 19.113 secs, this iter cost : 1 seconds

Elapsed time: 70-81 : total : 3051.53 secs, this iter cost : 450 seconds

 Entering loop for year = 2006
Elapsed time: 70-71: total : 35.919 secs, iter cost : 3 seconds

Elapsed time: 71-72: total : 52.832 secs, iter cost : 5 seconds

Elapsed time: 72-73: total : 1078 millisecs, iter cost : 104 mseconds

num_new_nodes = 321077, current_graph_size = 3567512, growth rate = 0.090000 
Elapsed time: 73-74: total : 0 millisecs, iter cost : 0 mseconds

Elapsed time: 74-75: total : 15937 millisecs, iter cost : 1583 mseconds

all new nodes initialized with years and mapped. FillSameYearSourceNodes with new_nodes_vec.size() = 321077
checking same_year_source_nodes size.
Elapsed time: 75-76: total : 53 millisecs, iter cost : 7 mseconds

new_nodes_vec.size() b4 : 321077

updated  updateGraphAttributesGeneratorNode .... 
Elapsed time: 76-77: total : 9877 millisecs, iter cost : 939 mseconds

continuous_node_mapping.size() b5 : 3888589, reverse_continuous_node_mapping size = 3888589

Inside optimized buildOneNodeConnections...
Initial Free: 60006.6 MB / 81079.4 MB

[prepareGraph] num_vertices = 3567512

[prepareGraph] edges = 61231607, offsets = 3567513 (should be V+1 = 3567513)

[prepareGraph] num_vertices = 3567512

[prepareGraph] edges = 61231607, offsets = 3567513 (should be V+1 = 3567513)

Year 2006: 321077 new nodes, 6285895 new edges

updateNodeInDegreeOutDegree(year=2006): updated 321077 out-degrees, 2287702 in-degrees

Elapsed time: 79-81 : total : 53.318 secs, this iter cost : 5 seconds

Elapsed time: 79-80 : total : 32.185 secs, this iter cost : 3 seconds

Elapsed time: 80-81 : total : 21.119 secs, this iter cost : 2 seconds

Elapsed time: 70-81 : total : 3601.16 secs, this iter cost : 549 seconds

 Entering loop for year = 2007
Elapsed time: 70-71: total : 39.787 secs, iter cost : 3 seconds

Elapsed time: 71-72: total : 58.367 secs, iter cost : 5 seconds

Elapsed time: 72-73: total : 1191 millisecs, iter cost : 113 mseconds

num_new_nodes = 349974, current_graph_size = 3888589, growth rate = 0.090000 
Elapsed time: 73-74: total : 0 millisecs, iter cost : 0 mseconds

Elapsed time: 74-75: total : 17669 millisecs, iter cost : 1732 mseconds

all new nodes initialized with years and mapped. FillSameYearSourceNodes with new_nodes_vec.size() = 349974
checking same_year_source_nodes size.
Elapsed time: 75-76: total : 61 millisecs, iter cost : 8 mseconds

new_nodes_vec.size() b4 : 349974

updated  updateGraphAttributesGeneratorNode .... 
Elapsed time: 76-77: total : 10906 millisecs, iter cost : 1029 mseconds

continuous_node_mapping.size() b5 : 4238563, reverse_continuous_node_mapping size = 4238563

Inside optimized buildOneNodeConnections...
Initial Free: 59746.6 MB / 81079.4 MB

[prepareGraph] num_vertices = 3888589

[prepareGraph] edges = 67517502, offsets = 3888590 (should be V+1 = 3888590)

[prepareGraph] num_vertices = 3888589

[prepareGraph] edges = 67517502, offsets = 3888590 (should be V+1 = 3888590)

Year 2007: 349974 new nodes, 6858499 new edges

updateNodeInDegreeOutDegree(year=2007): updated 349974 out-degrees, 2498504 in-degrees

Elapsed time: 79-81 : total : 59.065 secs, this iter cost : 5 seconds

Elapsed time: 79-80 : total : 35.732 secs, this iter cost : 3 seconds

Elapsed time: 80-81 : total : 23.318 secs, this iter cost : 2 seconds

Elapsed time: 70-81 : total : 4282.97 secs, this iter cost : 681 seconds

 Entering loop for year = 2008
Elapsed time: 70-71: total : 44.032 secs, iter cost : 4 seconds

Elapsed time: 71-72: total : 64.45 secs, iter cost : 6 seconds

Elapsed time: 72-73: total : 1315 millisecs, iter cost : 124 mseconds

num_new_nodes = 381471, current_graph_size = 4238563, growth rate = 0.090000 
Elapsed time: 73-74: total : 0 millisecs, iter cost : 0 mseconds

Elapsed time: 74-75: total : 19552 millisecs, iter cost : 1883 mseconds

all new nodes initialized with years and mapped. FillSameYearSourceNodes with new_nodes_vec.size() = 381471
checking same_year_source_nodes size.
Elapsed time: 75-76: total : 69 millisecs, iter cost : 8 mseconds

new_nodes_vec.size() b4 : 381471

updated  updateGraphAttributesGeneratorNode .... 
Elapsed time: 76-77: total : 12026 millisecs, iter cost : 1120 mseconds

continuous_node_mapping.size() b5 : 4620034, reverse_continuous_node_mapping size = 4620034

Inside optimized buildOneNodeConnections...
Initial Free: 57038.6 MB / 81079.4 MB

[prepareGraph] num_vertices = 4238563

[prepareGraph] edges = 74376001, offsets = 4238564 (should be V+1 = 4238564)

[prepareGraph] num_vertices = 4238563

[prepareGraph] edges = 74376001, offsets = 4238564 (should be V+1 = 4238564)

Year 2008: 381471 new nodes, 7474026 new edges

updateNodeInDegreeOutDegree(year=2008): updated 381471 out-degrees, 2728741 in-degrees

Elapsed time: 79-81 : total : 65.332 secs, this iter cost : 6 seconds

Elapsed time: 79-80 : total : 39.601 secs, this iter cost : 3 seconds

Elapsed time: 80-81 : total : 25.716 secs, this iter cost : 2 seconds

Elapsed time: 70-81 : total : 5080.08 secs, this iter cost : 797 seconds

 Entering loop for year = 2009
Elapsed time: 70-71: total : 48.659 secs, iter cost : 4 seconds

Elapsed time: 71-72: total : 71.072 secs, iter cost : 6 seconds

Elapsed time: 72-73: total : 1449 millisecs, iter cost : 134 mseconds

num_new_nodes = 415804, current_graph_size = 4620034, growth rate = 0.090000 
Elapsed time: 73-74: total : 0 millisecs, iter cost : 0 mseconds

Elapsed time: 74-75: total : 21643 millisecs, iter cost : 2091 mseconds

all new nodes initialized with years and mapped. FillSameYearSourceNodes with new_nodes_vec.size() = 415804
checking same_year_source_nodes size.
Elapsed time: 75-76: total : 79 millisecs, iter cost : 10 mseconds

new_nodes_vec.size() b4 : 415804

updated  updateGraphAttributesGeneratorNode .... 
Elapsed time: 76-77: total : 13248 millisecs, iter cost : 1222 mseconds

continuous_node_mapping.size() b5 : 5035838, reverse_continuous_node_mapping size = 5035838

Inside optimized buildOneNodeConnections...
Initial Free: 56742.6 MB / 81079.4 MB

[prepareGraph] num_vertices = 4620034

[prepareGraph] edges = 81850027, offsets = 4620035 (should be V+1 = 4620035)

[prepareGraph] num_vertices = 4620034

[prepareGraph] edges = 81850027, offsets = 4620035 (should be V+1 = 4620035)

Year 2009: 415804 new nodes, 8140076 new edges

updateNodeInDegreeOutDegree(year=2009): updated 415804 out-degrees, 2975533 in-degrees

Elapsed time: 79-81 : total : 72.181 secs, this iter cost : 6 seconds

Elapsed time: 79-80 : total : 43.843 secs, this iter cost : 4 seconds

Elapsed time: 80-81 : total : 28.323 secs, this iter cost : 2 seconds

Elapsed time: 70-81 : total : 6071.83 secs, this iter cost : 991 seconds

 Entering loop for year = 2010
Elapsed time: 70-71: total : 53.61 secs, iter cost : 4 seconds

Elapsed time: 71-72: total : 78.296 secs, iter cost : 7 seconds

Elapsed time: 72-73: total : 1597 millisecs, iter cost : 148 mseconds

num_new_nodes = 453226, current_graph_size = 5035838, growth rate = 0.090000 
Elapsed time: 73-74: total : 0 millisecs, iter cost : 0 mseconds

Elapsed time: 74-75: total : 24120 millisecs, iter cost : 2477 mseconds

all new nodes initialized with years and mapped. FillSameYearSourceNodes with new_nodes_vec.size() = 453226
checking same_year_source_nodes size.
Elapsed time: 75-76: total : 88 millisecs, iter cost : 9 mseconds

new_nodes_vec.size() b4 : 453226

updated  updateGraphAttributesGeneratorNode .... 
Elapsed time: 76-77: total : 14579 millisecs, iter cost : 1331 mseconds

continuous_node_mapping.size() b5 : 5489064, reverse_continuous_node_mapping size = 5489064

Inside optimized buildOneNodeConnections...
Initial Free: 56434.6 MB / 81079.4 MB

[prepareGraph] num_vertices = 5035838

[prepareGraph] edges = 89990103, offsets = 5035839 (should be V+1 = 5035839)

[prepareGraph] num_vertices = 5035838

[prepareGraph] edges = 89990103, offsets = 5035839 (should be V+1 = 5035839)

Year 2010: 453226 new nodes, 8875216 new edges

updateNodeInDegreeOutDegree(year=2010): updated 453226 out-degrees, 3250395 in-degrees

Elapsed time: 79-81 : total : 79.583 secs, this iter cost : 7 seconds

Elapsed time: 79-80 : total : 48.397 secs, this iter cost : 4 seconds

Elapsed time: 80-81 : total : 31.17 secs, this iter cost : 2 seconds

Elapsed time: 70-81 : total : 7255.85 secs, this iter cost : 1184 seconds

 Entering loop for year = 2011
Elapsed time: 70-71: total : 59.162 secs, iter cost : 5 seconds

Elapsed time: 71-72: total : 86.12 secs, iter cost : 7 seconds

Elapsed time: 72-73: total : 1758 millisecs, iter cost : 161 mseconds

num_new_nodes = 494016, current_graph_size = 5489064, growth rate = 0.090000 
Elapsed time: 73-74: total : 0 millisecs, iter cost : 0 mseconds

Elapsed time: 74-75: total : 26726 millisecs, iter cost : 2606 mseconds

all new nodes initialized with years and mapped. FillSameYearSourceNodes with new_nodes_vec.size() = 494016
checking same_year_source_nodes size.
Elapsed time: 75-76: total : 98 millisecs, iter cost : 10 mseconds

new_nodes_vec.size() b4 : 494016

updated  updateGraphAttributesGeneratorNode .... 
Elapsed time: 76-77: total : 16055 millisecs, iter cost : 1476 mseconds

continuous_node_mapping.size() b5 : 5983080, reverse_continuous_node_mapping size = 5983080

Inside optimized buildOneNodeConnections...
Initial Free: 52734.6 MB / 81079.4 MB

[prepareGraph] num_vertices = 5489064

[prepareGraph] edges = 98865319, offsets = 5489065 (should be V+1 = 5489065)

[prepareGraph] num_vertices = 5489064

[prepareGraph] edges = 98865319, offsets = 5489065 (should be V+1 = 5489065)

Year 2011: 494016 new nodes, 9672663 new edges

updateNodeInDegreeOutDegree(year=2011): updated 494016 out-degrees, 3544408 in-degrees

Elapsed time: 79-81 : total : 87.848 secs, this iter cost : 8 seconds

Elapsed time: 79-80 : total : 53.564 secs, this iter cost : 5 seconds

Elapsed time: 80-81 : total : 34.268 secs, this iter cost : 3 seconds

Elapsed time: 70-81 : total : 8678.76 secs, this iter cost : 1422 seconds

 Entering loop for year = 2012
Elapsed time: 70-71: total : 65.277 secs, iter cost : 6 seconds

Elapsed time: 71-72: total : 94.845 secs, iter cost : 8 seconds

Elapsed time: 72-73: total : 1934 millisecs, iter cost : 176 mseconds

num_new_nodes = 538478, current_graph_size = 5983080, growth rate = 0.090000 
Elapsed time: 73-74: total : 0 millisecs, iter cost : 0 mseconds

Elapsed time: 74-75: total : 29457 millisecs, iter cost : 2731 mseconds

all new nodes initialized with years and mapped. FillSameYearSourceNodes with new_nodes_vec.size() = 538478
checking same_year_source_nodes size.
Elapsed time: 75-76: total : 112 millisecs, iter cost : 14 mseconds

new_nodes_vec.size() b4 : 538478

updated  updateGraphAttributesGeneratorNode .... 
Elapsed time: 76-77: total : 17646 millisecs, iter cost : 1591 mseconds

continuous_node_mapping.size() b5 : 6521558, reverse_continuous_node_mapping size = 6521558

Inside optimized buildOneNodeConnections...
Initial Free: 49510.6 MB / 81079.4 MB

[prepareGraph] num_vertices = 5983080

[prepareGraph] edges = 108537982, offsets = 5983081 (should be V+1 = 5983081)

[prepareGraph] num_vertices = 5983080

[prepareGraph] edges = 108537982, offsets = 5983081 (should be V+1 = 5983081)

Year 2012: 538478 new nodes, 10545286 new edges

updateNodeInDegreeOutDegree(year=2012): updated 538478 out-degrees, 3868870 in-degrees

Elapsed time: 79-81 : total : 96.859 secs, this iter cost : 9 seconds

Elapsed time: 79-80 : total : 59.181 secs, this iter cost : 5 seconds

Elapsed time: 80-81 : total : 37.662 secs, this iter cost : 3 seconds

Elapsed time: 70-81 : total : 10446.2 secs, this iter cost : 1767 seconds

Elapsed time: 7-8 :  10454 seconds

compute done:: graph size = 6521558
Elapsed time: 8-8.1 :  0 seconds

Writing Graph to file: ./output/gpu-opt-static-output-30y-9p.edgelist
[2026-03-18T17:05:44.051] error: *** JOB 8418511 ON h014 CANCELLED AT 2026-03-18T17:05:44 DUE TO TIME LIMIT ***
