
The following have been reloaded with a version change:
  1) cuda/12.8 => cuda/12.6

Running growth rate = .0100 = 1% with 16 thread
./output/10y/1.00/gpu-opt-static-model-er-gnp-10y-1p-1.00p.edgelist
./output/10y/1.00/gpu-opt-static-model-er-gnp-10y-1p-1.00p.aux

real	1m42.953s
user	1m51.390s
sys	0m17.509s
Running growth rate = .0300 = 3% with 16 thread
./output/10y/1.00/gpu-opt-static-model-er-gnp-10y-3p-1.00p.edgelist
./output/10y/1.00/gpu-opt-static-model-er-gnp-10y-3p-1.00p.aux

real	5m19.846s
user	5m28.919s
sys	1m17.216s
Running growth rate = .0600 = 6% with 16 thread
./output/10y/1.00/gpu-opt-static-model-er-gnp-10y-6p-1.00p.edgelist
./output/10y/1.00/gpu-opt-static-model-er-gnp-10y-6p-1.00p.aux
./drivers/p01gpu_er_static_vary_p.sh: line 28: 563694 Killed                  ./abm --model er-gnp --er-probability ${ER_PROBABILITY} --edgelist ${INPUT_EDGELIST} --nodelist ${INPUT_NODELIST} --out-degree-bag ${OUTDEGREE_BAG} --recency-probabilities ${RECENCY_PROBABILITIES} --alpha 0.5 --preferential-weight 0.33 --recency-weight 0.33 --fitness-weight 0.33 --growth-rate ${GROWTH_RATE} --fully-random-citations ${FULLY_RANDOM_CITATIONS} --num-cycles ${NUM_CYCLES} --same-year-proportion ${SAME_YEAR_PROPORTION} --output-file ${OUTPUT_FILE} --auxiliary-information-file ${OUTPUT_AUX} --log-file ${OUTPUT_LOG} --num-processors ${NUM_THREADS} --log-level ${LOG_LEVEL} 2> ${ERRORS}/abm-${GROWTH_PERCENT}p.err > ${OUT_FILE}

real	8m14.334s
user	7m55.430s
sys	1m57.537s
[2026-03-24T21:26:50.484] error: Detected 1 oom_kill event in StepId=7736690.batch. Some of the step tasks have been OOM Killed.
