Running growth rate = .0100 = 1% with 16 thread
./output/10y/1.0/gpu-opt-static-model-er-gnp-10y-1p-1.0p.edgelist
./output/10y/1.0/gpu-opt-static-model-er-gnp-10y-1p-1.0p.aux

real	1m50.044s
user	1m47.334s
sys	0m24.914s
Running growth rate = .0300 = 3% with 16 thread
./output/10y/1.0/gpu-opt-static-model-er-gnp-10y-3p-1.0p.edgelist
./output/10y/1.0/gpu-opt-static-model-er-gnp-10y-3p-1.0p.aux

real	5m46.907s
user	6m35.741s
sys	1m22.207s
Running growth rate = .0600 = 6% with 16 thread
./output/10y/1.0/gpu-opt-static-model-er-gnp-10y-6p-1.0p.edgelist
./output/10y/1.0/gpu-opt-static-model-er-gnp-10y-6p-1.0p.aux
./drivers/p01gpu_er_static_vary_p.sh: line 29: 3724424 Killed                  ./abm --model er-gnp --er-probability ${ER_PROBABILITY} --edgelist ${INPUT_EDGELIST} --nodelist ${INPUT_NODELIST} --out-degree-bag ${OUTDEGREE_BAG} --recency-probabilities ${RECENCY_PROBABILITIES} --alpha 0.5 --preferential-weight 0.33 --recency-weight 0.33 --fitness-weight 0.33 --growth-rate ${GROWTH_RATE} --fully-random-citations ${FULLY_RANDOM_CITATIONS} --num-cycles ${NUM_CYCLES} --same-year-proportion ${SAME_YEAR_PROPORTION} --output-file ${OUTPUT_FILE} --auxiliary-information-file ${OUTPUT_AUX} --log-file ${OUTPUT_LOG} --num-processors ${NUM_THREADS} --log-level ${LOG_LEVEL} 2> ${ERRORS}/abm-${GROWTH_PERCENT}p.err > ${OUT_FILE}

real	5m45.302s
user	5m43.843s
sys	1m14.049s
[2026-03-24T20:38:33.741] error: Detected 1 oom_kill event in StepId=8532741.batch. Some of the step tasks have been OOM Killed.
