
The following have been reloaded with a version change:
  1) cuda/12.8 => cuda/12.6

Running growth rate = .0100 = 1% with 16 thread
./output/10y/0.50/gpu-opt-static-model-er-gnp-10y-1p-0.50p.edgelist
./output/10y/0.50/gpu-opt-static-model-er-gnp-10y-1p-0.50p.aux

real	0m54.868s
user	0m54.196s
sys	0m9.181s
Running growth rate = .0300 = 3% with 16 thread
./output/10y/0.50/gpu-opt-static-model-er-gnp-10y-3p-0.50p.edgelist
./output/10y/0.50/gpu-opt-static-model-er-gnp-10y-3p-0.50p.aux

real	2m57.993s
user	3m25.719s
sys	0m35.779s
Running growth rate = .0600 = 6% with 16 thread
./output/10y/0.50/gpu-opt-static-model-er-gnp-10y-6p-0.50p.edgelist
./output/10y/0.50/gpu-opt-static-model-er-gnp-10y-6p-0.50p.aux
./drivers/p005gpu_er_static_vary_p.sh: line 28: 542787 Killed                  ./abm --model er-gnp --er-probability ${ER_PROBABILITY} --edgelist ${INPUT_EDGELIST} --nodelist ${INPUT_NODELIST} --out-degree-bag ${OUTDEGREE_BAG} --recency-probabilities ${RECENCY_PROBABILITIES} --alpha 0.5 --preferential-weight 0.33 --recency-weight 0.33 --fitness-weight 0.33 --growth-rate ${GROWTH_RATE} --fully-random-citations ${FULLY_RANDOM_CITATIONS} --num-cycles ${NUM_CYCLES} --same-year-proportion ${SAME_YEAR_PROPORTION} --output-file ${OUTPUT_FILE} --auxiliary-information-file ${OUTPUT_AUX} --log-file ${OUTPUT_LOG} --num-processors ${NUM_THREADS} --log-level ${LOG_LEVEL} 2> ${ERRORS}/abm-${GROWTH_PERCENT}p.err > ${OUT_FILE}

real	2m47.178s
user	2m47.141s
sys	0m30.975s
[2026-03-24T20:12:44.080] error: Detected 1 oom_kill event in StepId=7734172.batch. Some of the step tasks have been OOM Killed.
