Running growth rate = .0100 = 1% with 16 thread
./output/10y/1.0/gpu-opt-static-model-er-gnp-10y-1p-1.0p.edgelist
./output/10y/1.0/gpu-opt-static-model-er-gnp-10y-1p-1.0p.aux

real	1m47.291s
user	2m6.431s
sys	0m21.594s
Running growth rate = .0300 = 3% with 16 thread
./output/10y/1.0/gpu-opt-static-model-er-gnp-10y-3p-1.0p.edgelist
./output/10y/1.0/gpu-opt-static-model-er-gnp-10y-3p-1.0p.aux

real	5m28.834s
user	6m41.195s
sys	1m20.231s
Running growth rate = .0600 = 6% with 16 thread
./output/10y/1.0/gpu-opt-static-model-er-gnp-10y-6p-1.0p.edgelist
./output/10y/1.0/gpu-opt-static-model-er-gnp-10y-6p-1.0p.aux
./drivers/p01gpu_er_static_vary_p.sh: line 29: 2310481 Killed                  ./abm --model er-gnp --er-probability ${ER_PROBABILITY} --edgelist ${INPUT_EDGELIST} --nodelist ${INPUT_NODELIST} --out-degree-bag ${OUTDEGREE_BAG} --recency-probabilities ${RECENCY_PROBABILITIES} --alpha 0.5 --preferential-weight 0.33 --recency-weight 0.33 --fitness-weight 0.33 --growth-rate ${GROWTH_RATE} --fully-random-citations ${FULLY_RANDOM_CITATIONS} --num-cycles ${NUM_CYCLES} --same-year-proportion ${SAME_YEAR_PROPORTION} --output-file ${OUTPUT_FILE} --auxiliary-information-file ${OUTPUT_AUX} --log-file ${OUTPUT_LOG} --num-processors ${NUM_THREADS} --log-level ${LOG_LEVEL} 2> ${ERRORS}/abm-${GROWTH_PERCENT}p.err > ${OUT_FILE}

real	11m10.608s
user	13m20.646s
sys	3m3.026s
[2026-03-24T22:54:49.725] error: Detected 1 oom_kill event in StepId=8533181.batch. Some of the step tasks have been OOM Killed.
