
Due to MODULEPATH changes, the following have been reloaded:
  1) openmpi/5.0.5     2) xalt/3.1.4

The following have been reloaded with a version change:
  1) cuda/12.6.0 => cuda/12.6.1     3) modtree/cpu => modtree/gpu
  2) gcc/14.1.0 => gcc/11.4.1

mkdir: cannot create directory ‘/var/spool/slurm/job8640637/output’: Permission denied
mkdir: cannot create directory ‘/var/spool/slurm/job8640637/errors’: Permission denied
mkdir: cannot create directory ‘/var/spool/slurm/job8640637/profile’: Permission denied
=== FILE CHECK ===
MISSING /var/spool/slurm/job8640637/sj_edgelist
MISSING /var/spool/slurm/job8640637/sj_nodelist
MISSING /var/spool/slurm/job8640637/tcen_at_least_five
MISSING /var/spool/slurm/job8640637/sj_recprob
MISSING /var/spool/slurm/job8640637/abm
nsys: /apps/spack/gautschi-gpu/apps/cuda/12.6.1-gcc-11.4.1-jtjtgkd/bin/nsys  NVIDIA Nsight Systems version 2024.4.2.133-244234382004v0
================================
Running growth rate 3% for 3 years.
./output/3y/ncu-gpu-pa-3y-3p.edgelist
./output/3y/ncu-gpu-pa-3y-3p.aux
/var/spool/slurm/job8640637/slurm_script: line 65: /var/spool/slurm/job8640637/profile/nsys_gputrace_3p.csv: No such file or directory
terminate called after throwing an instance of 'std::invalid_argument'
  what():  Could not detect filetype for /var/spool/slurm/job8640637/sj_nodelist
/var/spool/slurm/job8640637/slurm_script: line 49: 3946875 Aborted                 (core dumped) ./abm --edgelist "${INPUT_EDGELIST}" --nodelist "${INPUT_NODELIST}" --out-degree-bag "${OUTDEGREE_BAG}" --recency-probabilities "${RECENCY_PROBABILITIES}" --alpha 0.5 --preferential-weight 0.33 --recency-weight 0.33 --fitness-weight 0.33 --growth-rate 0.03 --fully-random-citations 0.05 --num-cycles 3 --same-year-proportion 0.12 --output-file "${OUTPUT_FILE}" --auxiliary-information-file "${OUTPUT_AUX}" --log-file "${OUTPUT_LOG}" --num-processors "${NUM_THREADS}" --log-level 1
/var/spool/slurm/job8640637/slurm_script: line 91: /var/spool/slurm/job8640637/profile/nsys_kernsummary_3p.csv: No such file or directory
terminate called after throwing an instance of 'std::invalid_argument'
  what():  Could not detect filetype for /var/spool/slurm/job8640637/sj_nodelist
/var/spool/slurm/job8640637/slurm_script: line 49: 3946895 Aborted                 (core dumped) ./abm --edgelist "${INPUT_EDGELIST}" --nodelist "${INPUT_NODELIST}" --out-degree-bag "${OUTDEGREE_BAG}" --recency-probabilities "${RECENCY_PROBABILITIES}" --alpha 0.5 --preferential-weight 0.33 --recency-weight 0.33 --fitness-weight 0.33 --growth-rate 0.03 --fully-random-citations 0.05 --num-cycles 3 --same-year-proportion 0.12 --output-file "${OUTPUT_FILE}" --auxiliary-information-file "${OUTPUT_AUX}" --log-file "${OUTPUT_LOG}" --num-processors "${NUM_THREADS}" --log-level 1
/var/spool/slurm/job8640637/slurm_script: line 116: /var/spool/slurm/job8640637/profile/nsys_memtransfer_3p.csv: No such file or directory

Start ABM....
parse_args....Maximum number of positional arguments exceeded
Usage: abm [--help] [--version] --edgelist VAR --nodelist VAR --out-degree-bag VAR --recency-probabilities VAR [--planted-nodes VAR] [--preferential-weight VAR] [--recency-weight VAR] [--fitness-weight VAR] [--alpha VAR] [--fully-random-citations VAR] --growth-rate VAR --num-cycles VAR --same-year-proportion VAR --output-file VAR --auxiliary-information-file VAR --log-file VAR [--num-processors VAR] [--log-level VAR] [--model VAR] [--er-probability VAR] [--er-edges-per-node VAR]

Agent Based Modelling

Optional arguments:
  -h, --help                    shows help message and exits 
  -v, --version                 prints version information and exits 
  --edgelist                    Input edgelist (source, target) [required]
  --nodelist                    Input nodelist (node, year) [required]
  --out-degree-bag              Input out-degree bag (, out-degree) [required]
  --recency-probabilities       Input recency bag (year, probability) [required]
  --planted-nodes               Planted nodes file (year, fitness lag duration, fitness peak value, fitess peak duration, count) [default: ""]
  --preferential-weight         Preferential attachment weight [default: -1]
  --recency-weight              Recency weight [default: -1]
  --fitness-weight              Fitness weight [default: -1]
  --alpha                       Neighborhood alpha [default: -1]
  --fully-random-citations      Constant percentage for radom citations [default: 0.05]
  --growth-rate                 Growth rate [required]
  --num-cycles                  Number of years [required]
  --same-year-proportion        Growth rate [required]
  --output-file                 Output clustering file [required]
  --auxiliary-information-file  Auxillary information file [required]
  --log-file                    Output log file [required]
  --num-processors              Number of processors [default: 1]
  --log-level                   Log level where 0 = silent, 1 = info, 2 = verbose [default: 1]
  --model                       Network model: pa (Preferential Attachment) or ER (Erdos-Renyi) [default: "pa"]
  --er-probability              Erdos-Renyi: edge probability p for G(n,p) model [default: 0]
  --er-edges-per-node           Erdos-Renyi: average edges per new node (alternative to edge probability) [default: 0]
/var/spool/slurm/job8640637/slurm_script: line 127: --preferential-weight: command not found
Failed to process command line 

terminate called after throwing an instance of 'boost::wrapexcept<QuadDCommon::LogicException>'
  what():  LogicException
Failed to probe the process (sync). Timeout: 2 sec
/var/spool/slurm/job8640637/slurm_script: line 169: kill: (3946909) - No such process
head: cannot open '/var/spool/slurm/job8640637/profile/smi_dmon_3p.csv' for reading: No such file or directory
Running growth rate 6% for 3 years.
./output/3y/ncu-gpu-pa-3y-6p.edgelist
./output/3y/ncu-gpu-pa-3y-6p.aux
/var/spool/slurm/job8640637/slurm_script: line 65: /var/spool/slurm/job8640637/profile/nsys_gputrace_6p.csv: No such file or directory
terminate called after throwing an instance of 'std::invalid_argument'
  what():  Could not detect filetype for /var/spool/slurm/job8640637/sj_nodelist
/var/spool/slurm/job8640637/slurm_script: line 49: 3946965 Aborted                 (core dumped) ./abm --edgelist "${INPUT_EDGELIST}" --nodelist "${INPUT_NODELIST}" --out-degree-bag "${OUTDEGREE_BAG}" --recency-probabilities "${RECENCY_PROBABILITIES}" --alpha 0.5 --preferential-weight 0.33 --recency-weight 0.33 --fitness-weight 0.33 --growth-rate 0.03 --fully-random-citations 0.05 --num-cycles 3 --same-year-proportion 0.12 --output-file "${OUTPUT_FILE}" --auxiliary-information-file "${OUTPUT_AUX}" --log-file "${OUTPUT_LOG}" --num-processors "${NUM_THREADS}" --log-level 1
/var/spool/slurm/job8640637/slurm_script: line 91: /var/spool/slurm/job8640637/profile/nsys_kernsummary_6p.csv: No such file or directory
terminate called after throwing an instance of 'std::invalid_argument'
  what():  Could not detect filetype for /var/spool/slurm/job8640637/sj_nodelist
/var/spool/slurm/job8640637/slurm_script: line 49: 3946978 Aborted                 (core dumped) ./abm --edgelist "${INPUT_EDGELIST}" --nodelist "${INPUT_NODELIST}" --out-degree-bag "${OUTDEGREE_BAG}" --recency-probabilities "${RECENCY_PROBABILITIES}" --alpha 0.5 --preferential-weight 0.33 --recency-weight 0.33 --fitness-weight 0.33 --growth-rate 0.03 --fully-random-citations 0.05 --num-cycles 3 --same-year-proportion 0.12 --output-file "${OUTPUT_FILE}" --auxiliary-information-file "${OUTPUT_AUX}" --log-file "${OUTPUT_LOG}" --num-processors "${NUM_THREADS}" --log-level 1
/var/spool/slurm/job8640637/slurm_script: line 116: /var/spool/slurm/job8640637/profile/nsys_memtransfer_6p.csv: No such file or directory

Start ABM....
parse_args....Maximum number of positional arguments exceeded
Usage: abm [--help] [--version] --edgelist VAR --nodelist VAR --out-degree-bag VAR --recency-probabilities VAR [--planted-nodes VAR] [--preferential-weight VAR] [--recency-weight VAR] [--fitness-weight VAR] [--alpha VAR] [--fully-random-citations VAR] --growth-rate VAR --num-cycles VAR --same-year-proportion VAR --output-file VAR --auxiliary-information-file VAR --log-file VAR [--num-processors VAR] [--log-level VAR] [--model VAR] [--er-probability VAR] [--er-edges-per-node VAR]

Agent Based Modelling

Optional arguments:
  -h, --help                    shows help message and exits 
  -v, --version                 prints version information and exits 
  --edgelist                    Input edgelist (source, target) [required]
  --nodelist                    Input nodelist (node, year) [required]
  --out-degree-bag              Input out-degree bag (, out-degree) [required]
  --recency-probabilities       Input recency bag (year, probability) [required]
  --planted-nodes               Planted nodes file (year, fitness lag duration, fitness peak value, fitess peak duration, count) [default: ""]
  --preferential-weight         Preferential attachment weight [default: -1]
  --recency-weight              Recency weight [default: -1]
  --fitness-weight              Fitness weight [default: -1]
  --alpha                       Neighborhood alpha [default: -1]
  --fully-random-citations      Constant percentage for radom citations [default: 0.05]
  --growth-rate                 Growth rate [required]
  --num-cycles                  Number of years [required]
  --same-year-proportion        Growth rate [required]
  --output-file                 Output clustering file [required]
  --auxiliary-information-file  Auxillary information file [required]
  --log-file                    Output log file [required]
  --num-processors              Number of processors [default: 1]
  --log-level                   Log level where 0 = silent, 1 = info, 2 = verbose [default: 1]
  --model                       Network model: pa (Preferential Attachment) or ER (Erdos-Renyi) [default: "pa"]
  --er-probability              Erdos-Renyi: edge probability p for G(n,p) model [default: 0]
  --er-edges-per-node           Erdos-Renyi: average edges per new node (alternative to edge probability) [default: 0]
/var/spool/slurm/job8640637/slurm_script: line 127: --preferential-weight: command not found
Failed to process command line 

terminate called after throwing an instance of 'boost::wrapexcept<QuadDCommon::LogicException>'
  what():  LogicException
Failed to probe the process (sync). Timeout: 2 sec
/var/spool/slurm/job8640637/slurm_script: line 169: kill: (3946997) - No such process
head: cannot open '/var/spool/slurm/job8640637/profile/smi_dmon_6p.csv' for reading: No such file or directory
