
The following have been reloaded with a version change:
  1) cuda/12.8 => cuda/12.6

Running growth rate = .0100 = 1% with 1 thread
./output/0.1/gpu-opt-static-model-er-gnp-3y-1p-0.1p.edgelist
./output/0.1/gpu-opt-static-model-er-gnp-3y-1p-0.1p.aux

real	0m9.875s
user	0m10.151s
sys	0m0.985s
Running growth rate = .0300 = 3% with 1 thread
./output/0.1/gpu-opt-static-model-er-gnp-3y-3p-0.1p.edgelist
./output/0.1/gpu-opt-static-model-er-gnp-3y-3p-0.1p.aux

real	0m15.710s
user	0m15.895s
sys	0m1.866s
Running growth rate = .0600 = 6% with 1 thread
./output/0.1/gpu-opt-static-model-er-gnp-3y-6p-0.1p.edgelist
./output/0.1/gpu-opt-static-model-er-gnp-3y-6p-0.1p.aux

real	0m26.047s
user	0m27.647s
sys	0m3.691s
